Type-safe project accessors is an incubating feature.

> Configure project :app
WARNING: The option setting 'android.newDsl=false' is deprecated.
The current default is 'true'.
It will be removed in version 10.0 of the Android Gradle plugin.

> Task :build-logic:checkKotlinGradlePluginConfigurationErrors SKIPPED
> Task :build-logic:compileKotlin UP-TO-DATE
> Task :build-logic:compileJava NO-SOURCE
> Task :build-logic:pluginDescriptors UP-TO-DATE
> Task :build-logic:processResources UP-TO-DATE
> Task :build-logic:classes UP-TO-DATE
> Task :build-logic:jar UP-TO-DATE
> Task :agents:growthmetrics:metareflection:preBuild UP-TO-DATE
> Task :cascade:datastream:routing:preBuild UP-TO-DATE
> Task :app:preBuild UP-TO-DATE
> Task :aura:reactivedesign:collabcanvas:preBuild UP-TO-DATE
> Task :agents:growthmetrics:tasker:preBuild UP-TO-DATE
> Task :agents:growthmetrics:nexusmemory:preBuild UP-TO-DATE
> Task :aura:reactivedesign:auraslab:preBuild UP-TO-DATE
> Task :genesis:oracledrive:datavein:preBuild UP-TO-DATE
> Task :cascade:datastream:taskmanager:preBuild UP-TO-DATE
> Task :aura:reactivedesign:customization:preBuild UP-TO-DATE
> Task :aura:reactivedesign:chromacore:preBuild UP-TO-DATE
> Task :app:preDebugBuild UP-TO-DATE
> Task :aura:reactivedesign:collabcanvas:preDebugBuild UP-TO-DATE
> Task :agents:growthmetrics:progression:preBuild UP-TO-DATE
> Task :cascade:datastream:delivery:preBuild UP-TO-DATE
> Task :genesis:oracledrive:preBuild UP-TO-DATE
> Task :aura:reactivedesign:auraslab:preDebugBuild UP-TO-DATE
> Task :aura:reactivedesign:sandboxui:preBuild UP-TO-DATE
> Task :agents:growthmetrics:identity:preBuild UP-TO-DATE
> Task :genesis:oracledrive:preDebugBuild UP-TO-DATE
> Task :agents:growthmetrics:metareflection:preDebugBuild UP-TO-DATE
> Task :cascade:datastream:routing:preDebugBuild UP-TO-DATE
> Task :agents:growthmetrics:tasker:preDebugBuild UP-TO-DATE
> Task :cascade:datastream:taskmanager:preDebugBuild UP-TO-DATE
> Task :genesis:oracledrive:datavein:preDebugBuild UP-TO-DATE
> Task :aura:reactivedesign:chromacore:preDebugBuild UP-TO-DATE
> Task :aura:reactivedesign:sandboxui:preDebugBuild UP-TO-DATE
> Task :agents:growthmetrics:identity:preDebugBuild UP-TO-DATE
> Task :agents:growthmetrics:nexusmemory:preDebugBuild UP-TO-DATE
> Task :aura:reactivedesign:customization:preDebugBuild UP-TO-DATE
> Task :aura:reactivedesign:collabcanvas:compileDebugAidl NO-SOURCE
> Task :agents:growthmetrics:progression:preDebugBuild UP-TO-DATE
> Task :cascade:datastream:delivery:preDebugBuild UP-TO-DATE
> Task :genesis:oracledrive:compileDebugAidl NO-SOURCE
> Task :aura:reactivedesign:auraslab:compileDebugAidl NO-SOURCE
> Task :cascade:datastream:routing:compileDebugAidl NO-SOURCE
> Task :genesis:oracledrive:rootmanagement:preBuild UP-TO-DATE
> Task :genesis:oracledrive:datavein:compileDebugAidl NO-SOURCE
> Task :kai:sentinelsfortress:systemintegrity:preBuild UP-TO-DATE
> Task :agents:growthmetrics:metareflection:compileDebugAidl NO-SOURCE
> Task :kai:sentinelsfortress:threatmonitor:preBuild UP-TO-DATE
> Task :kai:sentinelsfortress:security:preBuild UP-TO-DATE
> Task :genesis:oracledrive:rootmanagement:preDebugBuild UP-TO-DATE
> Task :aura:reactivedesign:chromacore:compileDebugAidl NO-SOURCE
> Task :agents:growthmetrics:identity:compileDebugAidl NO-SOURCE
> Task :aura:reactivedesign:sandboxui:compileDebugAidl NO-SOURCE
> Task :agents:growthmetrics:nexusmemory:compileDebugAidl NO-SOURCE
> Task :aura:reactivedesign:customization:compileDebugAidl NO-SOURCE
> Task :kai:sentinelsfortress:systemintegrity:preDebugBuild UP-TO-DATE
> Task :genesis:oracledrive:rootmanagement:compileDebugAidl NO-SOURCE
> Task :kai:sentinelsfortress:threatmonitor:preDebugBuild UP-TO-DATE
> Task :genesis:oracledrive:generateDebugResources UP-TO-DATE
> Task :agents:growthmetrics:identity:generateDebugResources UP-TO-DATE
> Task :cascade:datastream:taskmanager:compileDebugAidl NO-SOURCE
> Task :kai:sentinelsfortress:security:preDebugBuild UP-TO-DATE
> Task :cascade:datastream:delivery:compileDebugAidl NO-SOURCE
> Task :agents:growthmetrics:progression:generateDebugResources UP-TO-DATE
> Task :agents:growthmetrics:spheregrid:preBuild UP-TO-DATE
> Task :kai:sentinelsfortress:systemintegrity:compileDebugAidl NO-SOURCE
> Task :agents:growthmetrics:metareflection:generateDebugResources UP-TO-DATE
> Task :agents:growthmetrics:tasker:generateDebugResources UP-TO-DATE
> Task :agents:growthmetrics:nexusmemory:generateDebugResources UP-TO-DATE
> Task :aura:reactivedesign:auraslab:generateDebugResources UP-TO-DATE
> Task :agents:growthmetrics:spheregrid:preDebugBuild UP-TO-DATE
> Task :aura:reactivedesign:chromacore:generateDebugResources UP-TO-DATE
> Task :aura:reactivedesign:customization:generateDebugResources UP-TO-DATE
> Task :aura:reactivedesign:collabcanvas:generateDebugResources UP-TO-DATE
> Task :kai:sentinelsfortress:security:compileDebugAidl NO-SOURCE
> Task :aura:reactivedesign:sandboxui:generateDebugResources UP-TO-DATE
> Task :agents:growthmetrics:progression:compileDebugAidl NO-SOURCE
> Task :agents:growthmetrics:tasker:compileDebugAidl NO-SOURCE
> Task :agents:growthmetrics:spheregrid:generateDebugResources UP-TO-DATE
> Task :agents:growthmetrics:identity:packageDebugResources UP-TO-DATE
> Task :cascade:datastream:delivery:generateDebugResources UP-TO-DATE
> Task :genesis:oracledrive:packageDebugResources UP-TO-DATE
> Task :kai:sentinelsfortress:threatmonitor:compileDebugAidl NO-SOURCE
> Task :cascade:datastream:routing:generateDebugResources UP-TO-DATE
> Task :aura:reactivedesign:collabcanvas:packageDebugResources UP-TO-DATE
> Task :aura:reactivedesign:customization:packageDebugResources UP-TO-DATE
> Task :agents:growthmetrics:nexusmemory:packageDebugResources UP-TO-DATE
> Task :cascade:datastream:taskmanager:generateDebugResources UP-TO-DATE
> Task :agents:growthmetrics:metareflection:packageDebugResources UP-TO-DATE
> Task :genesis:oracledrive:rootmanagement:generateDebugResources UP-TO-DATE
> Task :aura:reactivedesign:auraslab:packageDebugResources UP-TO-DATE
> Task :agents:growthmetrics:tasker:packageDebugResources UP-TO-DATE
> Task :agents:growthmetrics:spheregrid:packageDebugResources UP-TO-DATE
> Task :agents:growthmetrics:progression:packageDebugResources UP-TO-DATE
> Task :genesis:oracledrive:processDebugNavigationResources UP-TO-DATE
> Task :genesis:oracledrive:datavein:generateDebugResources UP-TO-DATE
> Task :kai:sentinelsfortress:security:generateDebugResources UP-TO-DATE
> Task :agents:growthmetrics:identity:processDebugNavigationResources UP-TO-DATE
> Task :aura:reactivedesign:chromacore:packageDebugResources UP-TO-DATE
> Task :cascade:datastream:routing:packageDebugResources UP-TO-DATE
> Task :kai:sentinelsfortress:systemintegrity:generateDebugResources UP-TO-DATE
> Task :kai:sentinelsfortress:threatmonitor:generateDebugResources UP-TO-DATE
> Task :aura:reactivedesign:sandboxui:packageDebugResources UP-TO-DATE
> Task :agents:growthmetrics:nexusmemory:processDebugNavigationResources UP-TO-DATE
> Task :cascade:datastream:delivery:packageDebugResources UP-TO-DATE
> Task :cascade:datastream:taskmanager:packageDebugResources UP-TO-DATE
> Task :genesis:oracledrive:rootmanagement:packageDebugResources UP-TO-DATE
> Task :agents:growthmetrics:progression:processDebugNavigationResources UP-TO-DATE
> Task :agents:growthmetrics:metareflection:processDebugNavigationResources UP-TO-DATE
> Task :agents:growthmetrics:tasker:processDebugNavigationResources UP-TO-DATE
> Task :genesis:oracledrive:datavein:packageDebugResources UP-TO-DATE
> Task :agents:growthmetrics:spheregrid:processDebugNavigationResources UP-TO-DATE
> Task :aura:reactivedesign:chromacore:processDebugNavigationResources UP-TO-DATE
> Task :aura:reactivedesign:auraslab:processDebugNavigationResources UP-TO-DATE
> Task :aura:reactivedesign:collabcanvas:processDebugNavigationResources UP-TO-DATE
> Task :genesis:oracledrive:rootmanagement:processDebugNavigationResources UP-TO-DATE
> Task :aura:reactivedesign:sandboxui:processDebugNavigationResources UP-TO-DATE
> Task :kai:sentinelsfortress:threatmonitor:packageDebugResources UP-TO-DATE
> Task :aura:reactivedesign:customization:processDebugNavigationResources UP-TO-DATE
> Task :cascade:datastream:delivery:processDebugNavigationResources UP-TO-DATE
> Task :kai:sentinelsfortress:security:packageDebugResources UP-TO-DATE
> Task :kai:sentinelsfortress:systemintegrity:packageDebugResources UP-TO-DATE
> Task :cascade:datastream:routing:processDebugNavigationResources UP-TO-DATE
> Task :cascade:datastream:taskmanager:processDebugNavigationResources UP-TO-DATE
> Task :kai:sentinelsfortress:threatmonitor:processDebugNavigationResources UP-TO-DATE
> Task :genesis:oracledrive:datavein:processDebugNavigationResources UP-TO-DATE
> Task :kai:sentinelsfortress:systemintegrity:processDebugNavigationResources UP-TO-DATE
> Task :kai:sentinelsfortress:security:processDebugNavigationResources UP-TO-DATE
> Task :genesis:oracledrive:parseDebugLocalResources UP-TO-DATE
> Task :genesis:oracledrive:generateDebugRFile UP-TO-DATE
> Task :agents:growthmetrics:identity:parseDebugLocalResources UP-TO-DATE
> Task :agents:growthmetrics:identity:generateDebugRFile UP-TO-DATE
> Task :agents:growthmetrics:nexusmemory:parseDebugLocalResources UP-TO-DATE
> Task :agents:growthmetrics:nexusmemory:generateDebugRFile UP-TO-DATE
> Task :agents:growthmetrics:metareflection:parseDebugLocalResources UP-TO-DATE
> Task :agents:growthmetrics:metareflection:generateDebugRFile UP-TO-DATE
> Task :agents:growthmetrics:tasker:parseDebugLocalResources UP-TO-DATE
> Task :agents:growthmetrics:tasker:generateDebugRFile UP-TO-DATE
> Task :agents:growthmetrics:progression:parseDebugLocalResources UP-TO-DATE
> Task :agents:growthmetrics:progression:generateDebugRFile UP-TO-DATE
> Task :genesis:oracledrive:generateDebugBuildConfig UP-TO-DATE
> Task :agents:growthmetrics:spheregrid:parseDebugLocalResources UP-TO-DATE
> Task :agents:growthmetrics:spheregrid:generateDebugRFile UP-TO-DATE
> Task :agents:growthmetrics:identity:generateDebugBuildConfig UP-TO-DATE
> Task :aura:reactivedesign:chromacore:parseDebugLocalResources UP-TO-DATE
> Task :aura:reactivedesign:chromacore:generateDebugRFile UP-TO-DATE
> Task :agents:growthmetrics:metareflection:generateDebugBuildConfig UP-TO-DATE
> Task :aura:reactivedesign:collabcanvas:parseDebugLocalResources UP-TO-DATE
> Task :aura:reactivedesign:collabcanvas:generateDebugRFile UP-TO-DATE
> Task :agents:growthmetrics:nexusmemory:generateDebugBuildConfig UP-TO-DATE
> Task :aura:reactivedesign:auraslab:parseDebugLocalResources UP-TO-DATE
> Task :aura:reactivedesign:auraslab:generateDebugRFile UP-TO-DATE
> Task :agents:growthmetrics:progression:generateDebugBuildConfig UP-TO-DATE
> Task :aura:reactivedesign:sandboxui:parseDebugLocalResources UP-TO-DATE
> Task :aura:reactivedesign:sandboxui:generateDebugRFile UP-TO-DATE
> Task :aura:reactivedesign:customization:parseDebugLocalResources UP-TO-DATE
> Task :aura:reactivedesign:customization:generateDebugRFile UP-TO-DATE
> Task :agents:growthmetrics:tasker:generateDebugBuildConfig UP-TO-DATE
> Task :cascade:datastream:taskmanager:parseDebugLocalResources UP-TO-DATE
> Task :cascade:datastream:taskmanager:generateDebugRFile UP-TO-DATE
> Task :cascade:datastream:taskmanager:generateDebugBuildConfig UP-TO-DATE
> Task :cascade:datastream:delivery:parseDebugLocalResources UP-TO-DATE
> Task :cascade:datastream:delivery:generateDebugRFile UP-TO-DATE
> Task :aura:reactivedesign:auraslab:generateDebugBuildConfig UP-TO-DATE
> Task :genesis:oracledrive:datavein:parseDebugLocalResources UP-TO-DATE
> Task :genesis:oracledrive:rootmanagement:parseDebugLocalResources UP-TO-DATE
> Task :kai:sentinelsfortress:security:parseDebugLocalResources UP-TO-DATE
> Task :cascade:datastream:routing:parseDebugLocalResources UP-TO-DATE
> Task :kai:sentinelsfortress:systemintegrity:parseDebugLocalResources UP-TO-DATE
> Task :kai:sentinelsfortress:threatmonitor:parseDebugLocalResources UP-TO-DATE
> Task :genesis:oracledrive:datavein:generateDebugRFile UP-TO-DATE
> Task :genesis:oracledrive:rootmanagement:generateDebugRFile UP-TO-DATE
> Task :kai:sentinelsfortress:systemintegrity:generateDebugRFile UP-TO-DATE
> Task :kai:sentinelsfortress:security:generateDebugRFile UP-TO-DATE
> Task :aura:reactivedesign:chromacore:generateDebugBuildConfig UP-TO-DATE
> Task :cascade:datastream:routing:generateDebugRFile UP-TO-DATE
> Task :kai:sentinelsfortress:threatmonitor:generateDebugRFile UP-TO-DATE
> Task :aura:reactivedesign:collabcanvas:generateDebugBuildConfig UP-TO-DATE
> Task :aura:reactivedesign:customization:generateDebugBuildConfig UP-TO-DATE
> Task :aura:reactivedesign:sandboxui:generateDebugBuildConfig UP-TO-DATE
> Task :cascade:datastream:routing:generateDebugBuildConfig UP-TO-DATE
> Task :cascade:datastream:delivery:generateDebugBuildConfig UP-TO-DATE
> Task :agents:growthmetrics:spheregrid:javaPreCompileDebug UP-TO-DATE
> Task :cascade:datastream:delivery:javaPreCompileDebug UP-TO-DATE
> Task :agents:growthmetrics:tasker:javaPreCompileDebug UP-TO-DATE
> Task :cascade:datastream:taskmanager:javaPreCompileDebug UP-TO-DATE
> Task :genesis:oracledrive:datavein:generateDebugBuildConfig UP-TO-DATE
> Task :agents:growthmetrics:progression:javaPreCompileDebug UP-TO-DATE
> Task :genesis:oracledrive:rootmanagement:generateDebugBuildConfig UP-TO-DATE
> Task :kai:sentinelsfortress:systemintegrity:generateDebugBuildConfig UP-TO-DATE
> Task :kai:sentinelsfortress:security:generateDebugBuildConfig UP-TO-DATE
> Task :kai:sentinelsfortress:threatmonitor:generateDebugBuildConfig UP-TO-DATE
> Task :kai:sentinelsfortress:threatmonitor:javaPreCompileDebug UP-TO-DATE
> Task :agents:growthmetrics:nexusmemory:kspDebugKotlin UP-TO-DATE
> Task :genesis:oracledrive:rootmanagement:kspDebugKotlin UP-TO-DATE
> Task :kai:sentinelsfortress:systemintegrity:kspDebugKotlin UP-TO-DATE
> Task :aura:reactivedesign:chromacore:kspDebugKotlin UP-TO-DATE
> Task :aura:reactivedesign:customization:kspDebugKotlin UP-TO-DATE
> Task :cascade:datastream:routing:kspDebugKotlin UP-TO-DATE
> Task :aura:reactivedesign:collabcanvas:kspDebugKotlin UP-TO-DATE
> Task :genesis:oracledrive:kspDebugKotlin UP-TO-DATE
> Task :kai:sentinelsfortress:security:kspDebugKotlin UP-TO-DATE
> Task :agents:growthmetrics:metareflection:kspDebugKotlin UP-TO-DATE
> Task :agents:growthmetrics:identity:kspDebugKotlin UP-TO-DATE
> Task :kai:sentinelsfortress:systemintegrity:compileDebugKotlin NO-SOURCE
> Task :genesis:oracledrive:datavein:kspDebugKotlin UP-TO-DATE
> Task :cascade:datastream:routing:compileDebugKotlin NO-SOURCE
> Task :agents:growthmetrics:metareflection:compileDebugKotlin NO-SOURCE
> Task :aura:reactivedesign:auraslab:kspDebugKotlin UP-TO-DATE
> Task :cascade:datastream:routing:javaPreCompileDebug UP-TO-DATE
> Task :agents:growthmetrics:metareflection:javaPreCompileDebug UP-TO-DATE
> Task :cascade:datastream:routing:compileDebugJavaWithJavac UP-TO-DATE
> Task :kai:sentinelsfortress:systemintegrity:javaPreCompileDebug UP-TO-DATE
> Task :kai:sentinelsfortress:systemintegrity:compileDebugJavaWithJavac UP-TO-DATE
> Task :aura:reactivedesign:sandboxui:kspDebugKotlin UP-TO-DATE
> Task :agents:growthmetrics:metareflection:compileDebugJavaWithJavac UP-TO-DATE
> Task :aura:reactivedesign:sandboxui:compileDebugKotlin NO-SOURCE
> Task :aura:reactivedesign:sandboxui:javaPreCompileDebug UP-TO-DATE
> Task :aura:reactivedesign:sandboxui:compileDebugJavaWithJavac UP-TO-DATE
> Task :aura:reactivedesign:collabcanvas:compileDebugKotlin UP-TO-DATE
> Task :aura:reactivedesign:chromacore:compileDebugKotlin UP-TO-DATE
> Task :genesis:oracledrive:datavein:compileDebugKotlin UP-TO-DATE
> Task :aura:reactivedesign:auraslab:compileDebugKotlin UP-TO-DATE
> Task :genesis:oracledrive:compileDebugKotlin UP-TO-DATE
> Task :agents:growthmetrics:nexusmemory:compileDebugKotlin UP-TO-DATE
> Task :genesis:oracledrive:rootmanagement:compileDebugKotlin UP-TO-DATE
> Task :kai:sentinelsfortress:security:compileDebugKotlin UP-TO-DATE
> Task :aura:reactivedesign:customization:compileDebugKotlin UP-TO-DATE
> Task :agents:growthmetrics:identity:compileDebugKotlin UP-TO-DATE
> Task :aura:reactivedesign:collabcanvas:javaPreCompileDebug UP-TO-DATE
> Task :genesis:oracledrive:javaPreCompileDebug UP-TO-DATE
> Task :aura:reactivedesign:chromacore:javaPreCompileDebug UP-TO-DATE
> Task :genesis:oracledrive:datavein:javaPreCompileDebug UP-TO-DATE
> Task :genesis:oracledrive:rootmanagement:javaPreCompileDebug UP-TO-DATE
> Task :kai:sentinelsfortress:security:javaPreCompileDebug UP-TO-DATE
> Task :aura:reactivedesign:auraslab:javaPreCompileDebug UP-TO-DATE
> Task :aura:reactivedesign:customization:javaPreCompileDebug UP-TO-DATE
> Task :agents:growthmetrics:nexusmemory:javaPreCompileDebug UP-TO-DATE
> Task :agents:growthmetrics:identity:javaPreCompileDebug UP-TO-DATE
> Task :genesis:oracledrive:compileDebugJavaWithJavac UP-TO-DATE
> Task :aura:reactivedesign:chromacore:compileDebugJavaWithJavac UP-TO-DATE
> Task :genesis:oracledrive:datavein:compileDebugJavaWithJavac UP-TO-DATE
> Task :genesis:oracledrive:rootmanagement:compileDebugJavaWithJavac UP-TO-DATE
> Task :aura:reactivedesign:auraslab:compileDebugJavaWithJavac UP-TO-DATE
> Task :kai:sentinelsfortress:security:compileDebugJavaWithJavac UP-TO-DATE
> Task :agents:growthmetrics:nexusmemory:compileDebugJavaWithJavac UP-TO-DATE
> Task :aura:reactivedesign:collabcanvas:compileDebugJavaWithJavac UP-TO-DATE
> Task :aura:reactivedesign:customization:compileDebugJavaWithJavac UP-TO-DATE
> Task :agents:growthmetrics:identity:compileDebugJavaWithJavac UP-TO-DATE
> Task :agents:growthmetrics:nexusmemory:transformDebugClassesWithAsm UP-TO-DATE
> Task :genesis:oracledrive:rootmanagement:transformDebugClassesWithAsm UP-TO-DATE
> Task :aura:reactivedesign:auraslab:transformDebugClassesWithAsm UP-TO-DATE
> Task :aura:reactivedesign:sandboxui:transformDebugClassesWithAsm UP-TO-DATE
> Task :agents:growthmetrics:nexusmemory:bundleLibCompileToJarDebug UP-TO-DATE
> Task :genesis:oracledrive:rootmanagement:bundleLibCompileToJarDebug UP-TO-DATE
> Task :aura:reactivedesign:sandboxui:bundleLibCompileToJarDebug UP-TO-DATE
> Task :aura:reactivedesign:auraslab:bundleLibCompileToJarDebug UP-TO-DATE
> Task :kai:sentinelsfortress:security:transformDebugClassesWithAsm UP-TO-DATE
> Task :kai:sentinelsfortress:systemintegrity:transformDebugClassesWithAsm UP-TO-DATE
> Task :genesis:oracledrive:datavein:transformDebugClassesWithAsm UP-TO-DATE
> Task :cascade:datastream:routing:transformDebugClassesWithAsm UP-TO-DATE
> Task :genesis:oracledrive:transformDebugClassesWithAsm UP-TO-DATE
> Task :aura:reactivedesign:customization:transformDebugClassesWithAsm UP-TO-DATE
> Task :agents:growthmetrics:metareflection:transformDebugClassesWithAsm UP-TO-DATE
> Task :agents:growthmetrics:identity:transformDebugClassesWithAsm UP-TO-DATE
> Task :aura:reactivedesign:chromacore:transformDebugClassesWithAsm UP-TO-DATE
> Task :aura:reactivedesign:collabcanvas:transformDebugClassesWithAsm UP-TO-DATE
> Task :kai:sentinelsfortress:systemintegrity:bundleLibCompileToJarDebug UP-TO-DATE
> Task :aura:reactivedesign:customization:bundleLibCompileToJarDebug UP-TO-DATE
> Task :genesis:oracledrive:datavein:bundleLibCompileToJarDebug UP-TO-DATE
> Task :aura:reactivedesign:chromacore:bundleLibCompileToJarDebug UP-TO-DATE
> Task :agents:growthmetrics:identity:bundleLibCompileToJarDebug UP-TO-DATE
> Task :cascade:datastream:routing:bundleLibCompileToJarDebug UP-TO-DATE
> Task :agents:growthmetrics:metareflection:bundleLibCompileToJarDebug UP-TO-DATE
> Task :aura:reactivedesign:collabcanvas:bundleLibCompileToJarDebug UP-TO-DATE
> Task :kai:sentinelsfortress:security:bundleLibCompileToJarDebug UP-TO-DATE
> Task :genesis:oracledrive:bundleLibCompileToJarDebug UP-TO-DATE
> Task :cascade:datastream:routing:bundleLibRuntimeToJarDebug UP-TO-DATE
> Task :agents:growthmetrics:metareflection:bundleLibRuntimeToJarDebug UP-TO-DATE
> Task :kai:sentinelsfortress:security:bundleLibRuntimeToJarDebug UP-TO-DATE
> Task :agents:growthmetrics:spheregrid:kspDebugKotlin NO-SOURCE
> Task :agents:growthmetrics:spheregrid:compileDebugKotlin NO-SOURCE
> Task :agents:growthmetrics:spheregrid:compileDebugJavaWithJavac NO-SOURCE
> Task :agents:growthmetrics:spheregrid:bundleLibCompileToJarDebug UP-TO-DATE
> Task :agents:growthmetrics:spheregrid:bundleLibRuntimeToJarDebug UP-TO-DATE
> Task :cascade:datastream:taskmanager:kspDebugKotlin UP-TO-DATE
> Task :kai:sentinelsfortress:threatmonitor:kspDebugKotlin UP-TO-DATE
> Task :cascade:datastream:delivery:kspDebugKotlin UP-TO-DATE
> Task :cascade:datastream:taskmanager:compileDebugKotlin NO-SOURCE
> Task :agents:growthmetrics:progression:kspDebugKotlin UP-TO-DATE
> Task :cascade:datastream:delivery:compileDebugKotlin NO-SOURCE
> Task :kai:sentinelsfortress:threatmonitor:compileDebugKotlin NO-SOURCE
> Task :agents:growthmetrics:progression:compileDebugKotlin NO-SOURCE
> Task :cascade:datastream:taskmanager:compileDebugJavaWithJavac UP-TO-DATE
> Task :kai:sentinelsfortress:threatmonitor:compileDebugJavaWithJavac UP-TO-DATE
> Task :cascade:datastream:delivery:compileDebugJavaWithJavac UP-TO-DATE
> Task :agents:growthmetrics:progression:compileDebugJavaWithJavac UP-TO-DATE
> Task :kai:sentinelsfortress:threatmonitor:transformDebugClassesWithAsm UP-TO-DATE
> Task :kai:sentinelsfortress:threatmonitor:bundleLibCompileToJarDebug UP-TO-DATE
> Task :cascade:datastream:delivery:transformDebugClassesWithAsm UP-TO-DATE
> Task :cascade:datastream:delivery:bundleLibCompileToJarDebug UP-TO-DATE
> Task :agents:growthmetrics:progression:transformDebugClassesWithAsm UP-TO-DATE
> Task :agents:growthmetrics:progression:bundleLibCompileToJarDebug UP-TO-DATE
> Task :cascade:datastream:taskmanager:transformDebugClassesWithAsm UP-TO-DATE
> Task :cascade:datastream:taskmanager:bundleLibCompileToJarDebug UP-TO-DATE
> Task :cascade:datastream:taskmanager:bundleLibRuntimeToJarDebug UP-TO-DATE
> Task :agents:growthmetrics:tasker:kspDebugKotlin UP-TO-DATE
> Task :agents:growthmetrics:tasker:compileDebugKotlin NO-SOURCE
> Task :agents:growthmetrics:tasker:compileDebugJavaWithJavac UP-TO-DATE
> Task :agents:growthmetrics:tasker:transformDebugClassesWithAsm UP-TO-DATE
> Task :agents:growthmetrics:tasker:bundleLibCompileToJarDebug UP-TO-DATE
> Task :app:dataBindingMergeDependencyArtifactsDebug UP-TO-DATE
> Task :app:compileDebugAidl UP-TO-DATE
> Task :app:generateDebugResources UP-TO-DATE
> Task :app:injectCrashlyticsMappingFileIdDebug UP-TO-DATE
> Task :app:injectCrashlyticsVersionControlInfoDebug UP-TO-DATE
> Task :app:processDebugGoogleServices UP-TO-DATE
> Task :app:mergeDebugResources UP-TO-DATE
> Task :app:packageDebugResources UP-TO-DATE
> Task :app:processDebugNavigationResources UP-TO-DATE
> Task :app:parseDebugLocalResources UP-TO-DATE
> Task :app:dataBindingGenBaseClassesDebug UP-TO-DATE
> Task :app:generateDebugBuildConfig UP-TO-DATE
> Task :app:generateDebugRFile UP-TO-DATE
> Task :app:kspDebugKotlin UP-TO-DATE

> Task :app:compileDebugKotlin
.\gradlew : e: file:///C:/Use
rs/Wehtt/AndroidStudioProject
s/regenesis/app/src/main/java
/dev/aurakai/auraframefx/ai/m
emory/MemoryStats.kt:125:12 
Redeclaration:
At line:1 char:1
+ .\gradlew 
:app:compileDebugKotlin 2>&1 
| Tee-Object -FilePath 
.\build ...
+ ~~~~~~~~~~~~~~~~~~~~~~~~~~~
~~~~~~~~~~~
    + CategoryInfo           
   : NotSpecified: (e: file  
  :///C:/U... Redeclaratio   
 n::String) [], RemoteExc    
eption
    + FullyQualifiedErrorId  
   : NativeCommandError
 
data class InteractionEntry 
: Any
e: file:///C:/Users/Wehtt/And
roidStudioProjects/regenesis/
app/src/main/java/dev/aurakai
/auraframefx/ai/memory/Persis
tentMemoryManager.kt:174:12 
Redeclaration:
data class InteractionEntry 
: Any
e: file:///C:/Users/Wehtt/And
roidStudioProjects/regenesis/
app/src/main/java/dev/aurakai
/auraframefx/ai/pipeline/AIPi
pelineProcessor.kt:60:26 
Argument type mismatch: 
actual type is 'AgentType', 
but 
'AgentCapabilityCategory?' 
was expected.
e: file:///C:/Users/Wehtt/And
roidStudioProjects/regenesis/
app/src/main/java/dev/aurakai
/auraframefx/ai/pipeline/AIPi
pelineProcessor.kt:62:17 No 
value passed for parameter 
'from'.
e: file:///C:/Users/Wehtt/And
roidStudioProjects/regenesis/
app/src/main/java/dev/aurakai
/auraframefx/ai/pipeline/AIPi
pelineProcessor.kt:75:30 
Argument type mismatch: 
actual type is 'AgentType', 
but 
'AgentCapabilityCategory?' 
was expected.
e: file:///C:/Users/Wehtt/And
roidStudioProjects/regenesis/
app/src/main/java/dev/aurakai
/auraframefx/ai/pipeline/AIPi
pelineProcessor.kt:77:21 No 
value passed for parameter 
'from'.
e: file:///C:/Users/Wehtt/And
roidStudioProjects/regenesis/
app/src/main/java/dev/aurakai
/auraframefx/ai/pipeline/AIPi
pelineProcessor.kt:87:17 No 
value passed for parameter 
'agent'.
e: file:///C:/Users/Wehtt/And
roidStudioProjects/regenesis/
app/src/main/java/dev/aurakai
/auraframefx/ai/pipeline/AIPi
pelineProcessor.kt:92:30 
Argument type mismatch: 
actual type is 'AgentType', 
but 
'AgentCapabilityCategory?' 
was expected.
e: file:///C:/Users/Wehtt/And
roidStudioProjects/regenesis/
app/src/main/java/dev/aurakai
/auraframefx/ai/pipeline/AIPi
pelineProcessor.kt:94:21 No 
value passed for parameter 
'from'.
e: file:///C:/Users/Wehtt/And
roidStudioProjects/regenesis/
app/src/main/java/dev/aurakai
/auraframefx/ai/pipeline/AIPi
pelineProcessor.kt:104:26 
Argument type mismatch: 
actual type is 'AgentType', 
but 
'AgentCapabilityCategory?' 
was expected.
e: file:///C:/Users/Wehtt/And
roidStudioProjects/regenesis/
app/src/main/java/dev/aurakai
/auraframefx/ai/pipeline/AIPi
pelineProcessor.kt:106:17 No 
value passed for parameter 
'from'.
e: file:///C:/Users/Wehtt/And
roidStudioProjects/regenesis/
app/src/main/java/dev/aurakai
/auraframefx/ai/pipeline/AIPi
pelineProcessor.kt:235:13 
Type inference failed. The 
value of the type parameter 
'K' must be mentioned in 
input types (argument types, 
receiver type, or expected 
type). Try to specify it 
explicitly.
e: file:///C:/Users/Wehtt/And
roidStudioProjects/regenesis/
app/src/main/java/dev/aurakai
/auraframefx/ai/pipeline/AIPi
pelineProcessor.kt:241:41 
Operator call 'component1()' 
returns 
'AgentCapabilityCategory?', 
but 'AgentType' is expected.
e: file:///C:/Users/Wehtt/And
roidStudioProjects/regenesis/
app/src/main/java/dev/aurakai
/auraframefx/ai/pipeline/AIPi
pelineProcessor.kt:297:48 
Only safe (?.) or non-null 
asserted (!!.) calls are 
allowed on a nullable 
receiver of type 
'AgentCapabilityCategory?'.
e: file:///C:/Users/Wehtt/And
roidStudioProjects/regenesis/
app/src/main/java/dev/aurakai
/auraframefx/ai/task/TaskSche
duler.kt:258:47 Annotation 
argument must be a 
compile-time constant.
e: file:///C:/Users/Wehtt/And
roidStudioProjects/regenesis/
app/src/main/java/dev/aurakai
/auraframefx/ai/task/TaskSche
duler.kt:258:71 Unresolved 
reference 'serialization'.
e: file:///C:/Users/Wehtt/And
roidStudioProjects/regenesis/
app/src/main/java/dev/aurakai
/auraframefx/ai/task/executio
n/TaskExecutionManager.kt:93:
20 Argument type mismatch: 
actual type is 'AgentType', 
but 
'AgentCapabilityCategory' 
was expected.
e: file:///C:/Users/Wehtt/And
roidStudioProjects/regenesis/
app/src/main/java/dev/aurakai
/auraframefx/ai/task/executio
n/TaskExecutionManager.kt:117
:54 Argument type mismatch: 
actual type is 'AgentType', 
but 
'AgentCapabilityCategory' 
was expected.
e: file:///C:/Users/Wehtt/And
roidStudioProjects/regenesis/
app/src/main/java/dev/aurakai
/auraframefx/ai/task/executio
n/TaskExecutionManager.kt:215
:38 Unresolved reference 
'SYSTEM'.
e: file:///C:/Users/Wehtt/And
roidStudioProjects/regenesis/
app/src/main/java/dev/aurakai
/auraframefx/ai/task/executio
n/TaskExecutionManager.kt:232
:42 Comparison of 
incompatible enums 
'AgentCapabilityCategory' 
and 'AgentType' is always 
unsuccessful.
e: file:///C:/Users/Wehtt/And
roidStudioProjects/regenesis/
app/src/main/java/dev/aurakai
/auraframefx/ai/task/executio
n/TaskExecutionManager.kt:252
:27 Unresolved reference 'e'.
e: file:///C:/Users/Wehtt/And
roidStudioProjects/regenesis/
app/src/main/java/dev/aurakai
/auraframefx/ai/task/executio
n/TaskExecutionManager.kt:305
:20 Comparison of 
incompatible enums 
'AgentCapabilityCategory' 
and 'AgentType' is always 
unsuccessful.
e: file:///C:/Users/Wehtt/And
roidStudioProjects/regenesis/
app/src/main/java/dev/aurakai
/auraframefx/ai/task/executio
n/TaskExecutionManager.kt:306
:20 Comparison of 
incompatible enums 
'AgentCapabilityCategory' 
and 'AgentType' is always 
unsuccessful.
e: file:///C:/Users/Wehtt/And
roidStudioProjects/regenesis/
app/src/main/java/dev/aurakai
/auraframefx/ai/task/executio
n/TaskExecutionManager.kt:307
:20 Comparison of 
incompatible enums 
'AgentCapabilityCategory' 
and 'AgentType' is always 
unsuccessful.
e: file:///C:/Users/Wehtt/And
roidStudioProjects/regenesis/
app/src/main/java/dev/aurakai
/auraframefx/ai/task/executio
n/TaskExecutionManager.kt:335
:23 Unresolved reference 'e'.
e: file:///C:/Users/Wehtt/And
roidStudioProjects/regenesis/
app/src/main/java/dev/aurakai
/auraframefx/ai/task/executio
n/TaskExecutionManager.kt:358
:37 Unresolved reference 
'toKotlinJsonObject'.
e: file:///C:/Users/Wehtt/And
roidStudioProjects/regenesis/
app/src/main/java/dev/aurakai
/auraframefx/ai/task/executio
n/TaskExecutionManager.kt:360
:25 None of the following 
candidates is applicable:

suspend fun 
processRequest(request: 
AiRequest, agentType: 
AgentType): AgentResponse:
  Argument type mismatch: 
actual type is 
'AgentCapabilityCategory', 
but 'AgentType' was expected.

suspend fun 
processRequest(request: 
AiRequest, context: String): 
AgentResponse:
  Argument type mismatch: 
actual type is 
'AgentCapabilityCategory', 
but 'String' was expected.
e: file:///C:/Users/Wehtt/And
roidStudioProjects/regenesis/
app/src/main/java/dev/aurakai
/auraframefx/ai/task/executio
n/TaskExecutionManager.kt:375
:37 Unresolved reference 
'toKotlinJsonObject'.
e: file:///C:/Users/Wehtt/And
roidStudioProjects/regenesis/
app/src/main/java/dev/aurakai
/auraframefx/ai/task/executio
n/TaskExecutionManager.kt:377
:48 Argument type mismatch: 
actual type is 
'AgentCapabilityCategory', 
but 'String' was expected.
e: file:///C:/Users/Wehtt/And
roidStudioProjects/regenesis/
app/src/main/java/dev/aurakai
/auraframefx/ai/task/executio
n/TaskExecutionManager.kt:392
:37 Unresolved reference 
'toKotlinJsonObject'.
e: file:///C:/Users/Wehtt/And
roidStudioProjects/regenesis/
app/src/main/java/dev/aurakai
/auraframefx/ai/task/executio
n/TaskExecutionManager.kt:394
:28 Unresolved reference 
'processRequest'.
e: file:///C:/Users/Wehtt/And
roidStudioProjects/regenesis/
app/src/main/java/dev/aurakai
/auraframefx/ai/task/executio
n/TaskExecutionManager.kt:492
:1 Cannot access 'typealias 
Serializable = 
Serializable': it is 
internal in file.
e: file:///C:/Users/Wehtt/And
roidStudioProjects/regenesis/
app/src/main/java/dev/aurakai
/auraframefx/ai/task/executio
n/TaskExecutionManager.kt:492
:1 Illegal annotation class 
'Serializable'.
e: file:///C:/Users/Wehtt/And
roidStudioProjects/regenesis/
app/src/main/java/dev/aurakai
/auraframefx/ai/task/executio
n/TaskExecutionManager.kt:502
:1 Cannot access 'typealias 
Serializable = 
Serializable': it is 
internal in file.
e: file:///C:/Users/Wehtt/And
roidStudioProjects/regenesis/
app/src/main/java/dev/aurakai
/auraframefx/ai/task/executio
n/TaskExecutionManager.kt:502
:1 Illegal annotation class 
'Serializable'.
e: file:///C:/Users/Wehtt/And
roidStudioProjects/regenesis/
app/src/main/java/dev/aurakai
/auraframefx/api/client/apis/
AIAgentsApi.kt:24:58 
Unresolved reference 
'RequestMethod'.
e: file:///C:/Users/Wehtt/And
roidStudioProjects/regenesis/
app/src/main/java/dev/aurakai
/auraframefx/api/client/apis/
AIAgentsApi.kt:122:22 
Unresolved reference 
'RequestMethod'.
e: file:///C:/Users/Wehtt/And
roidStudioProjects/regenesis/
app/src/main/java/dev/aurakai
/auraframefx/api/client/apis/
AIContentApi.kt:24:58 
Unresolved reference 
'RequestMethod'.
e: file:///C:/Users/Wehtt/And
roidStudioProjects/regenesis/
app/src/main/java/dev/aurakai
/auraframefx/api/client/apis/
AIContentApi.kt:131:22 
Unresolved reference 
'RequestMethod'.
e: file:///C:/Users/Wehtt/And
roidStudioProjects/regenesis/
app/src/main/java/dev/aurakai
/auraframefx/api/client/apis/
AIContentApi.kt:222:22 
Unresolved reference 
'RequestMethod'.
e: file:///C:/Users/Wehtt/And
roidStudioProjects/regenesis/
app/src/main/java/dev/aurakai
/auraframefx/api/client/apis/
TasksApi.kt:24:58 Unresolved 
reference 'RequestMethod'.
e: file:///C:/Users/Wehtt/And
roidStudioProjects/regenesis/
app/src/main/java/dev/aurakai
/auraframefx/api/client/apis/
TasksApi.kt:29:50 Unresolved 
reference 
'TaskScheduleRequest'.
e: file:///C:/Users/Wehtt/And
roidStudioProjects/regenesis/
app/src/main/java/dev/aurakai
/auraframefx/api/client/apis/
TasksApi.kt:30:50 Unresolved 
reference 'TaskStatus'.
e: file:///C:/Users/Wehtt/And
roidStudioProjects/regenesis/
app/src/main/java/dev/aurakai
/auraframefx/api/client/apis/
TasksApi.kt:67:48 Unresolved 
reference 
'TaskScheduleRequest'.
e: file:///C:/Users/Wehtt/And
roidStudioProjects/regenesis/
app/src/main/java/dev/aurakai
/auraframefx/api/client/apis/
TasksApi.kt:67:70 Unresolved 
reference 'TaskStatus'.
e: file:///C:/Users/Wehtt/And
roidStudioProjects/regenesis/
app/src/main/java/dev/aurakai
/auraframefx/api/client/apis/
TasksApi.kt:72:78 Unresolved 
reference 'TaskStatus'.
e: file:///C:/Users/Wehtt/And
roidStudioProjects/regenesis/
app/src/main/java/dev/aurakai
/auraframefx/api/client/apis/
TasksApi.kt:106:60 
Unresolved reference 
'TaskScheduleRequest'.
e: file:///C:/Users/Wehtt/And
roidStudioProjects/regenesis/
app/src/main/java/dev/aurakai
/auraframefx/api/client/apis/
TasksApi.kt:106:94 
Unresolved reference 
'TaskStatus'.
e: file:///C:/Users/Wehtt/And
roidStudioProjects/regenesis/
app/src/main/java/dev/aurakai
/auraframefx/api/client/apis/
TasksApi.kt:110:16 
Inapplicable candidate(s): 
fun <reified I, reified T> 
request(requestConfig: 
RequestConfig<I>): 
ApiResponse<T?>
e: file:///C:/Users/Wehtt/And
roidStudioProjects/regenesis/
app/src/main/java/dev/aurakai
/auraframefx/api/client/apis/
TasksApi.kt:110:24 
Unresolved reference 
'TaskScheduleRequest'.
e: file:///C:/Users/Wehtt/And
roidStudioProjects/regenesis/
app/src/main/java/dev/aurakai
/auraframefx/api/client/apis/
TasksApi.kt:110:45 
Unresolved reference 
'TaskStatus'.
e: file:///C:/Users/Wehtt/And
roidStudioProjects/regenesis/
app/src/main/java/dev/aurakai
/auraframefx/api/client/apis/
TasksApi.kt:121:61 
Unresolved reference 
'TaskScheduleRequest'.
e: file:///C:/Users/Wehtt/And
roidStudioProjects/regenesis/
app/src/main/java/dev/aurakai
/auraframefx/api/client/apis/
TasksApi.kt:121:97 
Unresolved reference 
'TaskScheduleRequest'.
e: file:///C:/Users/Wehtt/And
roidStudioProjects/regenesis/
app/src/main/java/dev/aurakai
/auraframefx/api/client/apis/
TasksApi.kt:128:16 Cannot 
infer type for type 
parameter 'T'. Specify it 
explicitly.
e: file:///C:/Users/Wehtt/And
roidStudioProjects/regenesis/
app/src/main/java/dev/aurakai
/auraframefx/api/client/apis/
TasksApi.kt:129:22 
Unresolved reference 
'RequestMethod'.
e: file:///C:/Users/Wehtt/And
roidStudioProjects/regenesis/
app/src/main/java/dev/aurakai
/auraframefx/api/client/apis/
TasksApi.kt:158:48 
Unresolved reference 
'TaskStatus'.
e: file:///C:/Users/Wehtt/And
roidStudioProjects/regenesis/
app/src/main/java/dev/aurakai
/auraframefx/api/client/apis/
TasksApi.kt:162:78 
Unresolved reference 
'TaskStatus'.
e: file:///C:/Users/Wehtt/And
roidStudioProjects/regenesis/
app/src/main/java/dev/aurakai
/auraframefx/api/client/apis/
TasksApi.kt:196:72 
Unresolved reference 
'TaskStatus'.
e: file:///C:/Users/Wehtt/And
roidStudioProjects/regenesis/
app/src/main/java/dev/aurakai
/auraframefx/api/client/apis/
TasksApi.kt:199:16 
Inapplicable candidate(s): 
fun <reified I, reified T> 
request(requestConfig: 
RequestConfig<I>): 
ApiResponse<T?>
e: file:///C:/Users/Wehtt/And
roidStudioProjects/regenesis/
app/src/main/java/dev/aurakai
/auraframefx/api/client/apis/
TasksApi.kt:199:30 
Unresolved reference 
'TaskStatus'.
e: file:///C:/Users/Wehtt/And
roidStudioProjects/regenesis/
app/src/main/java/dev/aurakai
/auraframefx/api/client/apis/
TasksApi.kt:217:22 
Unresolved reference 
'RequestMethod'.
e: file:///C:/Users/Wehtt/And
roidStudioProjects/regenesis/
app/src/main/java/dev/aurakai
/auraframefx/api/client/infra
structure/ApiClient.kt:148:49
 Unresolved reference 
'PartConfig'.
e: file:///C:/Users/Wehtt/And
roidStudioProjects/regenesis/
app/src/main/java/dev/aurakai
/auraframefx/api/client/infra
structure/ApiClient.kt:148:73
 Argument type mismatch: 
actual type is 
'Function1<String, Unit>', 
but 'Function2<String, ERROR 
CLASS: Symbol not found for 
PartConfig<*>, Unit>' was 
expected.
e: file:///C:/Users/Wehtt/And
roidStudioProjects/regenesis/
app/src/main/java/dev/aurakai
/auraframefx/api/client/infra
structure/ApiClient.kt:148:75
 Destructuring of type 
'String' requires operator 
function 'component1()'.
e: file:///C:/Users/Wehtt/And
roidStudioProjects/regenesis/
app/src/main/java/dev/aurakai
/auraframefx/api/client/infra
structure/ApiClient.kt:148:75
 Destructuring of type 
'String' requires operator 
function 'component2()'.
e: file:///C:/Users/Wehtt/And
roidStudioProjects/regenesis/
app/src/main/java/dev/aurakai
/auraframefx/api/client/infra
structure/ApiClient.kt:153:45
 Unresolved reference 'it'.
e: file:///C:/Users/Wehtt/And
roidStudioProjects/regenesis/
app/src/main/java/dev/aurakai
/auraframefx/api/client/infra
structure/ApiClient.kt:154:84
 Unresolved reference 'it'.
e: file:///C:/Users/Wehtt/And
roidStudioProjects/regenesis/
app/src/main/java/dev/aurakai
/auraframefx/api/client/infra
structure/ApiClient.kt:156:84
 Unresolved reference 'it'.
e: file:///C:/Users/Wehtt/And
roidStudioProjects/regenesis/
app/src/main/java/dev/aurakai
/auraframefx/api/client/infra
structure/ApiClient.kt:170:45
 Unresolved reference 
'PartConfig'.
e: file:///C:/Users/Wehtt/And
roidStudioProjects/regenesis/
app/src/main/java/dev/aurakai
/auraframefx/api/client/infra
structure/ApiClient.kt:170:69
 Argument type mismatch: 
actual type is 
'Function1<String, Unit>', 
but 'Function2<String, ERROR 
CLASS: Symbol not found for 
PartConfig<*>, Unit>' was 
expected.
e: file:///C:/Users/Wehtt/And
roidStudioProjects/regenesis/
app/src/main/java/dev/aurakai
/auraframefx/api/client/infra
structure/ApiClient.kt:170:71
 Destructuring of type 
'String' requires operator 
function 'component1()'.
e: file:///C:/Users/Wehtt/And
roidStudioProjects/regenesis/
app/src/main/java/dev/aurakai
/auraframefx/api/client/infra
structure/ApiClient.kt:170:71
 Destructuring of type 
'String' requires operator 
function 'component2()'.
e: file:///C:/Users/Wehtt/And
roidStudioProjects/regenesis/
app/src/main/java/dev/aurakai
/auraframefx/api/client/infra
structure/ApiClient.kt:302:23
 'when' expression must be 
exhaustive. Add an 'else' 
branch.
e: file:///C:/Users/Wehtt/And
roidStudioProjects/regenesis/
app/src/main/java/dev/aurakai
/auraframefx/api/client/infra
structure/ApiClient.kt:303:13
 Unresolved reference 
'RequestMethod'.
e: file:///C:/Users/Wehtt/And
roidStudioProjects/regenesis/
app/src/main/java/dev/aurakai
/auraframefx/api/client/infra
structure/ApiClient.kt:306:13
 Unresolved reference 
'RequestMethod'.
e: file:///C:/Users/Wehtt/And
roidStudioProjects/regenesis/
app/src/main/java/dev/aurakai
/auraframefx/api/client/infra
structure/ApiClient.kt:307:13
 Unresolved reference 
'RequestMethod'.
e: file:///C:/Users/Wehtt/And
roidStudioProjects/regenesis/
app/src/main/java/dev/aurakai
/auraframefx/api/client/infra
structure/ApiClient.kt:308:13
 Unresolved reference 
'RequestMethod'.
e: file:///C:/Users/Wehtt/And
roidStudioProjects/regenesis/
app/src/main/java/dev/aurakai
/auraframefx/api/client/infra
structure/ApiClient.kt:311:13
 Unresolved reference 
'RequestMethod'.
e: file:///C:/Users/Wehtt/And
roidStudioProjects/regenesis/
app/src/main/java/dev/aurakai
/auraframefx/api/client/infra
structure/ApiClient.kt:314:13
 Unresolved reference 
'RequestMethod'.
e: file:///C:/Users/Wehtt/And
roidStudioProjects/regenesis/
app/src/main/java/dev/aurakai
/auraframefx/api/client/infra
structure/ApiClient.kt:317:13
 Unresolved reference 
'RequestMethod'.
e: file:///C:/Users/Wehtt/And
roidStudioProjects/regenesis/
app/src/main/java/dev/aurakai
/auraframefx/api/client/infra
structure/ApiClient.kt:339:20
 Unresolved reference 
'isInformational'.
e: file:///C:/Users/Wehtt/And
roidStudioProjects/regenesis/
app/src/main/java/dev/aurakai
/auraframefx/api/client/infra
structure/ApiClient.kt:351:20
 Unresolved reference 
'isClientError'.
e: file:///C:/Users/Wehtt/And
roidStudioProjects/regenesis/
app/src/main/java/dev/aurakai
/auraframefx/api/client/infra
structure/ApiClient.kt:373:13
 Type argument for reified 
type parameter 'T' was 
inferred to the intersection 
of 
['Comparable<OffsetDateTime! 
& OffsetTime! & 
ChronoLocalDateTime<*>! & 
ChronoLocalDate! & 
LocalTime!>' & 
'Serializable' & 'Temporal' 
& 'TemporalAdjuster']. 
Reification of an 
intersection type results in 
the common supertype being 
used. This may lead to 
subtle issues and an 
explicit type argument is 
encouraged.
e: file:///C:/Users/Wehtt/And
roidStudioProjects/regenesis/
app/src/main/java/dev/aurakai
/auraframefx/api/client/infra
structure/RequestConfig.kt:12
:17 Unresolved reference 
'RequestMethod'.
e: file:///C:/Users/Wehtt/And
roidStudioProjects/regenesis/
app/src/main/java/dev/aurakai
/auraframefx/api/client/infra
structure/Serializer.kt:37:43
 Unresolved reference 
'BigDecimalAdapter'.
e: file:///C:/Users/Wehtt/And
roidStudioProjects/regenesis/
app/src/main/java/dev/aurakai
/auraframefx/api/client/infra
structure/Serializer.kt:38:43
 Unresolved reference 
'BigIntegerAdapter'.
e: file:///C:/Users/Wehtt/And
roidStudioProjects/regenesis/
app/src/main/java/dev/aurakai
/auraframefx/api/client/infra
structure/Serializer.kt:39:42
 Unresolved reference 
'LocalDateAdapter'.
e: file:///C:/Users/Wehtt/And
roidStudioProjects/regenesis/
app/src/main/java/dev/aurakai
/auraframefx/api/client/infra
structure/Serializer.kt:40:46
 Unresolved reference 
'LocalDateTimeAdapter'.
e: file:///C:/Users/Wehtt/And
roidStudioProjects/regenesis/
app/src/main/java/dev/aurakai
/auraframefx/api/client/infra
structure/Serializer.kt:41:47
 Unresolved reference 
'OffsetDateTimeAdapter'.
e: file:///C:/Users/Wehtt/And
roidStudioProjects/regenesis/
app/src/main/java/dev/aurakai
/auraframefx/api/client/infra
structure/Serializer.kt:42:37
 Unresolved reference 
'UUIDAdapter'.
e: file:///C:/Users/Wehtt/And
roidStudioProjects/regenesis/
app/src/main/java/dev/aurakai
/auraframefx/api/client/infra
structure/Serializer.kt:43:46
 Unresolved reference 
'AtomicIntegerAdapter'.
e: file:///C:/Users/Wehtt/And
roidStudioProjects/regenesis/
app/src/main/java/dev/aurakai
/auraframefx/api/client/infra
structure/Serializer.kt:44:43
 Unresolved reference 
'AtomicLongAdapter'.
e: file:///C:/Users/Wehtt/And
roidStudioProjects/regenesis/
app/src/main/java/dev/aurakai
/auraframefx/api/client/infra
structure/Serializer.kt:45:46
 Unresolved reference 
'AtomicBooleanAdapter'.
e: file:///C:/Users/Wehtt/And
roidStudioProjects/regenesis/
app/src/main/java/dev/aurakai
/auraframefx/api/client/infra
structure/Serializer.kt:46:36
 Unresolved reference 
'URIAdapter'.
e: file:///C:/Users/Wehtt/And
roidStudioProjects/regenesis/
app/src/main/java/dev/aurakai
/auraframefx/api/client/infra
structure/Serializer.kt:47:36
 Unresolved reference 
'URLAdapter'.
e: file:///C:/Users/Wehtt/And
roidStudioProjects/regenesis/
app/src/main/java/dev/aurakai
/auraframefx/api/client/infra
structure/Serializer.kt:48:46
 Unresolved reference 
'StringBuilderAdapter'.
e: file:///C:/Users/Wehtt/And
roidStudioProjects/regenesis/
app/src/main/java/dev/aurakai
/auraframefx/api/client/model
s/AgentStatus.kt:37:20 
Unresolved reference 
'AgentType'.
e: file:///C:/Users/Wehtt/And
roidStudioProjects/regenesis/
app/src/main/java/dev/aurakai
/auraframefx/api/client/model
s/LockScreenConfig.kt:34:22 
Unresolved reference 'LockScr
eenConfigClockConfig'.
e: file:///C:/Users/Wehtt/And
roidStudioProjects/regenesis/
app/src/main/java/dev/aurakai
/auraframefx/api/client/model
s/LockScreenConfig.kt:37:20 
Unresolved reference 
'LockScreenConfigAnimation'.
e: file:///C:/Users/Wehtt/And
roidStudioProjects/regenesis/
app/src/main/java/dev/aurakai
/auraframefx/api/client/model
s/LockScreenConfig.kt:40:25 
Unresolved reference 'LockScr
eenConfigHapticFeedback'.
e: file:///C:/Users/Wehtt/And
roidStudioProjects/regenesis/
app/src/main/java/dev/aurakai
/auraframefx/app/ipc/IAuraDri
veService.kt:59:23 Cannot 
create an instance of an 
abstract class.
e: file:///C:/Users/Wehtt/And
roidStudioProjects/regenesis/
app/src/main/java/dev/aurakai
/auraframefx/aura/AuraAgent.k
t:363:27 Argument type 
mismatch: actual type is 'dev
.aurakai.auraframefx.models.T
hemePreferences', but 'dev.au
rakai.auraframefx.oracledrive
.genesis.ai.services.ThemePre
ferences' was expected.
e: file:///C:/Users/Wehtt/And
roidStudioProjects/regenesis/
app/src/main/java/dev/aurakai
/auraframefx/aura/AuraAgent.k
t:368:54 Argument type 
mismatch: actual type is 'dev
.aurakai.auraframefx.oracledr
ive.genesis.ai.services.Theme
Configuration', but 'dev.aura
kai.auraframefx.models.ThemeC
onfiguration' was expected.
e: file:///C:/Users/Wehtt/And
roidStudioProjects/regenesis/
app/src/main/java/dev/aurakai
/auraframefx/aura/AuraAgent.k
t:369:55 Argument type 
mismatch: actual type is 'dev
.aurakai.auraframefx.oracledr
ive.genesis.ai.services.Theme
Configuration', but 'dev.aura
kai.auraframefx.models.ThemeC
onfiguration' was expected.
e: file:///C:/Users/Wehtt/And
roidStudioProjects/regenesis/
app/src/main/java/dev/aurakai
/auraframefx/aura/AuraAgent.k
t:383:13 To call contextual 
declarations, specify the 
'-Xcontext-parameters' 
compiler option.
e: file:///C:/Users/Wehtt/And
roidStudioProjects/regenesis/
app/src/main/java/dev/aurakai
/auraframefx/aura/AuraAgent.k
t:442:23 Argument type 
mismatch: actual type is 
'JsonObject', but 
'Map<String, String>' was 
expected.
e: file:///C:/Users/Wehtt/And
roidStudioProjects/regenesis/
app/src/main/java/dev/aurakai
/auraframefx/aura/AuraAgent.k
t:455:23 Argument type 
mismatch: actual type is 
'JsonObject', but 
'Map<String, String>' was 
expected.
e: file:///C:/Users/Wehtt/And
roidStudioProjects/regenesis/
app/src/main/java/dev/aurakai
/auraframefx/aura/AuraAgent.k
t:468:23 Argument type 
mismatch: actual type is 
'JsonObject', but 
'Map<String, String>' was 
expected.
e: file:///C:/Users/Wehtt/And
roidStudioProjects/regenesis/
app/src/main/java/dev/aurakai
/auraframefx/aura/AuraAgent.k
t:482:23 Argument type 
mismatch: actual type is 
'JsonObject', but 
'Map<String, String>' was 
expected.
e: file:///C:/Users/Wehtt/And
roidStudioProjects/regenesis/
app/src/main/java/dev/aurakai
/auraframefx/aura/AuraAgent.k
t:529:5 The feature "context 
parameters" is experimental 
and should be enabled 
explicitly. This can be done 
by supplying the compiler 
argument 
'-Xcontext-parameters', but 
note that no stability 
guarantees are provided.
e: file:///C:/Users/Wehtt/And
roidStudioProjects/regenesis/
app/src/main/java/dev/aurakai
/auraframefx/aura/AuraFrameNa
vigation.kt:8:35 Unresolved 
reference 'navigation'.
e: file:///C:/Users/Wehtt/And
roidStudioProjects/regenesis/
app/src/main/java/dev/aurakai
/auraframefx/aura/AuraFrameNa
vigation.kt:17:28 Unresolved 
reference 'NavDestination'.
e: file:///C:/Users/Wehtt/And
roidStudioProjects/regenesis/
app/src/main/java/dev/aurakai
/auraframefx/aura/AuraFrameNa
vigation.kt:19:9 Unresolved 
reference 'composable'.
e: file:///C:/Users/Wehtt/And
roidStudioProjects/regenesis/
app/src/main/java/dev/aurakai
/auraframefx/aura/AuraFrameNa
vigation.kt:19:20 Unresolved 
reference 'NavDestination'.
e: file:///C:/Users/Wehtt/And
roidStudioProjects/regenesis/
app/src/main/java/dev/aurakai
/auraframefx/aura/AuraFrameNa
vigation.kt:20:13 
@Composable invocations can 
only happen from the context 
of a @Composable function
e: file:///C:/Users/Wehtt/And
roidStudioProjects/regenesis/
app/src/main/java/dev/aurakai
/auraframefx/aura/AuraFrameNa
vigation.kt:22:44 Unresolved 
reference 'NavDestination'.
e: file:///C:/Users/Wehtt/And
roidStudioProjects/regenesis/
app/src/main/java/dev/aurakai
/auraframefx/aura/AuraFrameNa
vigation.kt:25:44 Unresolved 
reference 'NavDestination'.
e: file:///C:/Users/Wehtt/And
roidStudioProjects/regenesis/
app/src/main/java/dev/aurakai
/auraframefx/aura/AuraFrameNa
vigation.kt:28:44 Unresolved 
reference 'NavDestination'.
e: file:///C:/Users/Wehtt/And
roidStudioProjects/regenesis/
app/src/main/java/dev/aurakai
/auraframefx/aura/AuraFrameNa
vigation.kt:32:9 Unresolved 
reference 'composable'.
e: file:///C:/Users/Wehtt/And
roidStudioProjects/regenesis/
app/src/main/java/dev/aurakai
/auraframefx/aura/AuraFrameNa
vigation.kt:32:20 Unresolved 
reference 'NavDestination'.
e: file:///C:/Users/Wehtt/And
roidStudioProjects/regenesis/
app/src/main/java/dev/aurakai
/auraframefx/aura/AuraFrameNa
vigation.kt:32:87 
@Composable invocations can 
only happen from the context 
of a @Composable function
e: file:///C:/Users/Wehtt/And
roidStudioProjects/regenesis/
app/src/main/java/dev/aurakai
/auraframefx/aura/AuraFrameNa
vigation.kt:33:9 Unresolved 
reference 'composable'.
e: file:///C:/Users/Wehtt/And
roidStudioProjects/regenesis/
app/src/main/java/dev/aurakai
/auraframefx/aura/AuraFrameNa
vigation.kt:33:20 Unresolved 
reference 'NavDestination'.
e: file:///C:/Users/Wehtt/And
roidStudioProjects/regenesis/
app/src/main/java/dev/aurakai
/auraframefx/aura/AuraFrameNa
vigation.kt:33:103 
@Composable invocations can 
only happen from the context 
of a @Composable function
e: file:///C:/Users/Wehtt/And
roidStudioProjects/regenesis/
app/src/main/java/dev/aurakai
/auraframefx/aura/AuraFrameNa
vigation.kt:34:9 Unresolved 
reference 'composable'.
e: file:///C:/Users/Wehtt/And
roidStudioProjects/regenesis/
app/src/main/java/dev/aurakai
/auraframefx/aura/AuraFrameNa
vigation.kt:34:20 Unresolved 
reference 'NavDestination'.
e: file:///C:/Users/Wehtt/And
roidStudioProjects/regenesis/
app/src/main/java/dev/aurakai
/auraframefx/aura/AuraFrameNa
vigation.kt:34:88 Unresolved 
reference 'SettingsScreen'.
e: file:///C:/Users/Wehtt/And
roidStudioProjects/regenesis/
app/src/main/java/dev/aurakai
/auraframefx/aura/AuraFrameNa
vigation.kt:35:9 Unresolved 
reference 'composable'.
e: file:///C:/Users/Wehtt/And
roidStudioProjects/regenesis/
app/src/main/java/dev/aurakai
/auraframefx/aura/AuraFrameNa
vigation.kt:35:20 Unresolved 
reference 'NavDestination'.
e: file:///C:/Users/Wehtt/And
roidStudioProjects/regenesis/
app/src/main/java/dev/aurakai
/auraframefx/aura/AuraFrameNa
vigation.kt:35:86 
@Composable invocations can 
only happen from the context 
of a @Composable function
e: file:///C:/Users/Wehtt/And
roidStudioProjects/regenesis/
app/src/main/java/dev/aurakai
/auraframefx/aura/AuraFrameNa
vigation.kt:35:107 No value 
passed for parameter 
'navController'.
e: file:///C:/Users/Wehtt/And
roidStudioProjects/regenesis/
app/src/main/java/dev/aurakai
/auraframefx/aura/AuraFrameNa
vigation.kt:36:9 Unresolved 
reference 'composable'.
e: file:///C:/Users/Wehtt/And
roidStudioProjects/regenesis/
app/src/main/java/dev/aurakai
/auraframefx/aura/AuraFrameNa
vigation.kt:36:20 Unresolved 
reference 'NavDestination'.
e: file:///C:/Users/Wehtt/And
roidStudioProjects/regenesis/
app/src/main/java/dev/aurakai
/auraframefx/aura/AuraFrameNa
vigation.kt:36:87 Unresolved 
reference 
'RootToolsSubmenuScreen'.
e: file:///C:/Users/Wehtt/And
roidStudioProjects/regenesis/
app/src/main/java/dev/aurakai
/auraframefx/aura/AuraFrameNa
vigation.kt:37:9 Unresolved 
reference 'composable'.
e: file:///C:/Users/Wehtt/And
roidStudioProjects/regenesis/
app/src/main/java/dev/aurakai
/auraframefx/aura/AuraFrameNa
vigation.kt:37:20 Unresolved 
reference 'NavDestination'.
e: file:///C:/Users/Wehtt/And
roidStudioProjects/regenesis/
app/src/main/java/dev/aurakai
/auraframefx/aura/AuraFrameNa
vigation.kt:37:90 Unresolved 
reference 'ThemeColorPicker'.
e: file:///C:/Users/Wehtt/And
roidStudioProjects/regenesis/
app/src/main/java/dev/aurakai
/auraframefx/aura/AuraFrameNa
vigation.kt:38:9 Unresolved 
reference 'composable'.
e: file:///C:/Users/Wehtt/And
roidStudioProjects/regenesis/
app/src/main/java/dev/aurakai
/auraframefx/aura/AuraFrameNa
vigation.kt:38:20 Unresolved 
reference 'NavDestination'.
e: file:///C:/Users/Wehtt/And
roidStudioProjects/regenesis/
app/src/main/java/dev/aurakai
/auraframefx/aura/AuraFrameNa
vigation.kt:38:90 Unresolved 
reference 'CodeAssistScreen'.
e: file:///C:/Users/Wehtt/And
roidStudioProjects/regenesis/
app/src/main/java/dev/aurakai
/auraframefx/aura/AuraFrameNa
vigation.kt:39:9 Unresolved 
reference 'composable'.
e: file:///C:/Users/Wehtt/And
roidStudioProjects/regenesis/
app/src/main/java/dev/aurakai
/auraframefx/aura/AuraFrameNa
vigation.kt:39:20 Unresolved 
reference 'NavDestination'.
e: file:///C:/Users/Wehtt/And
roidStudioProjects/regenesis/
app/src/main/java/dev/aurakai
/auraframefx/aura/AuraFrameNa
vigation.kt:39:88 Unresolved 
reference 'HelpDeskScreen'.
e: file:///C:/Users/Wehtt/And
roidStudioProjects/regenesis/
app/src/main/java/dev/aurakai
/auraframefx/aura/AuraFrameNa
vigation.kt:40:9 Unresolved 
reference 'composable'.
e: file:///C:/Users/Wehtt/And
roidStudioProjects/regenesis/
app/src/main/java/dev/aurakai
/auraframefx/aura/AuraFrameNa
vigation.kt:40:20 Unresolved 
reference 'NavDestination'.
e: file:///C:/Users/Wehtt/And
roidStudioProjects/regenesis/
app/src/main/java/dev/aurakai
/auraframefx/aura/AuraFrameNa
vigation.kt:40:108 
Unresolved reference 'ui'.
e: file:///C:/Users/Wehtt/And
roidStudioProjects/regenesis/
app/src/main/java/dev/aurakai
/auraframefx/aura/AuraFrameNa
vigation.kt:41:9 Unresolved 
reference 'composable'.
e: file:///C:/Users/Wehtt/And
roidStudioProjects/regenesis/
app/src/main/java/dev/aurakai
/auraframefx/aura/AuraFrameNa
vigation.kt:41:20 Unresolved 
reference 'NavDestination'.
e: file:///C:/Users/Wehtt/And
roidStudioProjects/regenesis/
app/src/main/java/dev/aurakai
/auraframefx/aura/AuraFrameNa
vigation.kt:41:90 Unresolved 
reference 'SphereGridScreen'.
e: file:///C:/Users/Wehtt/And
roidStudioProjects/regenesis/
app/src/main/java/dev/aurakai
/auraframefx/aura/AuraFrameNa
vigation.kt:42:9 Unresolved 
reference 'composable'.
e: file:///C:/Users/Wehtt/And
roidStudioProjects/regenesis/
app/src/main/java/dev/aurakai
/auraframefx/aura/AuraFrameNa
vigation.kt:42:20 Unresolved 
reference 'NavDestination'.
e: file:///C:/Users/Wehtt/And
roidStudioProjects/regenesis/
app/src/main/java/dev/aurakai
/auraframefx/aura/AuraFrameNa
vigation.kt:42:88 Unresolved 
reference 'TerminalScreen'.
e: file:///C:/Users/Wehtt/And
roidStudioProjects/regenesis/
app/src/main/java/dev/aurakai
/auraframefx/aura/AuraFrameNa
vigation.kt:43:9 Unresolved 
reference 'composable'.
e: file:///C:/Users/Wehtt/And
roidStudioProjects/regenesis/
app/src/main/java/dev/aurakai
/auraframefx/aura/AuraFrameNa
vigation.kt:43:20 Unresolved 
reference 'NavDestination'.
e: file:///C:/Users/Wehtt/And
roidStudioProjects/regenesis/
app/src/main/java/dev/aurakai
/auraframefx/aura/AuraFrameNa
vigation.kt:43:96 Unresolved 
reference 
'UiUxDesignStudioScreen'.
e: file:///C:/Users/Wehtt/And
roidStudioProjects/regenesis/
app/src/main/java/dev/aurakai
/auraframefx/aura/AuraFrameNa
vigation.kt:44:9 Unresolved 
reference 'composable'.
e: file:///C:/Users/Wehtt/And
roidStudioProjects/regenesis/
app/src/main/java/dev/aurakai
/auraframefx/aura/AuraFrameNa
vigation.kt:44:20 Unresolved 
reference 'NavDestination'.
e: file:///C:/Users/Wehtt/And
roidStudioProjects/regenesis/
app/src/main/java/dev/aurakai
/auraframefx/aura/AuraFrameNa
vigation.kt:44:88 Unresolved 
reference 
'AgentHubSubmenuScreen'.
e: file:///C:/Users/Wehtt/And
roidStudioProjects/regenesis/
app/src/main/java/dev/aurakai
/auraframefx/aura/AuraFrameNa
vigation.kt:45:9 Unresolved 
reference 'composable'.
e: file:///C:/Users/Wehtt/And
roidStudioProjects/regenesis/
app/src/main/java/dev/aurakai
/auraframefx/aura/AuraFrameNa
vigation.kt:45:20 Unresolved 
reference 'NavDestination'.
e: file:///C:/Users/Wehtt/And
roidStudioProjects/regenesis/
app/src/main/java/dev/aurakai
/auraframefx/aura/AuraFrameNa
vigation.kt:45:103 
Unresolved reference 'Conscio
usnessVisualizerScreen'.
e: file:///C:/Users/Wehtt/And
roidStudioProjects/regenesis/
app/src/main/java/dev/aurakai
/auraframefx/aura/AuraFrameNa
vigation.kt:46:9 Unresolved 
reference 'composable'.
e: file:///C:/Users/Wehtt/And
roidStudioProjects/regenesis/
app/src/main/java/dev/aurakai
/auraframefx/aura/AuraFrameNa
vigation.kt:46:20 Unresolved 
reference 'NavDestination'.
e: file:///C:/Users/Wehtt/And
roidStudioProjects/regenesis/
app/src/main/java/dev/aurakai
/auraframefx/aura/AuraFrameNa
vigation.kt:46:90 Unresolved 
reference 'FusionModeScreen'.
e: file:///C:/Users/Wehtt/And
roidStudioProjects/regenesis/
app/src/main/java/dev/aurakai
/auraframefx/aura/AuraFrameNa
vigation.kt:47:9 Unresolved 
reference 'composable'.
e: file:///C:/Users/Wehtt/And
roidStudioProjects/regenesis/
app/src/main/java/dev/aurakai
/auraframefx/aura/AuraFrameNa
vigation.kt:47:20 Unresolved 
reference 'NavDestination'.
e: file:///C:/Users/Wehtt/And
roidStudioProjects/regenesis/
app/src/main/java/dev/aurakai
/auraframefx/aura/AuraFrameNa
vigation.kt:47:94 Unresolved 
reference 
'ConferenceRoomScreen'.
e: file:///C:/Users/Wehtt/And
roidStudioProjects/regenesis/
app/src/main/java/dev/aurakai
/auraframefx/aura/Placeholder
AuraOrb.kt:27:41 Unresolved 
reference 'NeonPurple'.
e: file:///C:/Users/Wehtt/And
roidStudioProjects/regenesis/
app/src/main/java/dev/aurakai
/auraframefx/aura/Placeholder
AuraOrb.kt:28:41 Unresolved 
reference 'NeonTeal'.
e: file:///C:/Users/Wehtt/And
roidStudioProjects/regenesis/
app/src/main/java/dev/aurakai
/auraframefx/aura/Placeholder
AuraOrb.kt:121:34 Argument 
type mismatch: actual type 
is 'List<Any>', but 
'List<Color>' was expected.
e: file:///C:/Users/Wehtt/And
roidStudioProjects/regenesis/
app/src/main/java/dev/aurakai
/auraframefx/aura/Placeholder
AuraOrb.kt:122:29 Unresolved 
reference 'NeonTeal'.
e: file:///C:/Users/Wehtt/And
roidStudioProjects/regenesis/
app/src/main/java/dev/aurakai
/auraframefx/aura/Placeholder
AuraOrb.kt:123:29 Unresolved 
reference 'NeonPurple'.
e: file:///C:/Users/Wehtt/And
roidStudioProjects/regenesis/
app/src/main/java/dev/aurakai
/auraframefx/aura/Placeholder
AuraOrb.kt:138:34 Argument 
type mismatch: actual type 
is 
'List<AnimationState<Float, 
AnimationVector1D>>', but 
'List<Color>' was expected.
e: file:///C:/Users/Wehtt/And
roidStudioProjects/regenesis/
app/src/main/java/dev/aurakai
/auraframefx/aura/Placeholder
AuraOrb.kt:139:29 Unresolved 
reference 'NeonPurple'.
e: file:///C:/Users/Wehtt/And
roidStudioProjects/regenesis/
app/src/main/java/dev/aurakai
/auraframefx/aura/Placeholder
AuraOrb.kt:140:29 Unresolved 
reference 'NeonPurple'.
e: file:///C:/Users/Wehtt/And
roidStudioProjects/regenesis/
app/src/main/java/dev/aurakai
/auraframefx/aura/Placeholder
AuraOrb.kt:147:33 Unresolved 
reference 'NeonTeal'.
e: file:///C:/Users/Wehtt/And
roidStudioProjects/regenesis/
app/src/main/java/dev/aurakai
/auraframefx/aura/Placeholder
AuraOrb.kt:148:36 Unresolved 
reference 'NeonPurple'.
e: file:///C:/Users/Wehtt/And
roidStudioProjects/regenesis/
app/src/main/java/dev/aurakai
/auraframefx/aura/Placeholder
AuraOrb.kt:154:25 Unresolved 
reference 'NeonTeal'.
e: file:///C:/Users/Wehtt/And
roidStudioProjects/regenesis/
app/src/main/java/dev/aurakai
/auraframefx/aura/animations/
DigitalTransitionRow.kt:17:41
 Unresolved reference 
'NeonPurple'.
e: file:///C:/Users/Wehtt/And
roidStudioProjects/regenesis/
app/src/main/java/dev/aurakai
/auraframefx/aura/animations/
DigitalTransitionRow.kt:18:41
 Unresolved reference 
'NeonTeal'.
e: file:///C:/Users/Wehtt/And
roidStudioProjects/regenesis/
app/src/main/java/dev/aurakai
/auraframefx/aura/animations/
DigitalTransitionRow.kt:62:46
 Unresolved reference 
'NeonPurple'.
e: file:///C:/Users/Wehtt/And
roidStudioProjects/regenesis/
app/src/main/java/dev/aurakai
/auraframefx/aura/animations/
DigitalTransitionRow.kt:63:42
 Unresolved reference 
'NeonTeal'.
e: file:///C:/Users/Wehtt/And
roidStudioProjects/regenesis/
app/src/main/java/dev/aurakai
/auraframefx/aura/animations/
DigitalTransitionRow.kt:70:70
 Unresolved reference 
'NeonTeal'.
e: file:///C:/Users/Wehtt/And
roidStudioProjects/regenesis/
app/src/main/java/dev/aurakai
/auraframefx/aura/animations/
DigitalTransitionRow.kt:71:43
 Unresolved reference 
'NeonTeal'.
e: file:///C:/Users/Wehtt/And
roidStudioProjects/regenesis/
app/src/main/java/dev/aurakai
/auraframefx/aura/ui/AgentNex
usScreen.kt:409:13 Overload 
resolution ambiguity between 
candidates:
fun StatBar(label: String, 
value: Float, color: Color): 
Unit
fun StatBar(label: String, 
value: Float, color: Color): 
Unit
e: file:///C:/Users/Wehtt/And
roidStudioProjects/regenesis/
app/src/main/java/dev/aurakai
/auraframefx/aura/ui/AgentNex
usScreen.kt:410:13 Overload 
resolution ambiguity between 
candidates:
fun StatBar(label: String, 
value: Float, color: Color): 
Unit
fun StatBar(label: String, 
value: Float, color: Color): 
Unit
e: file:///C:/Users/Wehtt/And
roidStudioProjects/regenesis/
app/src/main/java/dev/aurakai
/auraframefx/aura/ui/AgentNex
usScreen.kt:411:13 Overload 
resolution ambiguity between 
candidates:
fun StatBar(label: String, 
value: Float, color: Color): 
Unit
fun StatBar(label: String, 
value: Float, color: Color): 
Unit
e: file:///C:/Users/Wehtt/And
roidStudioProjects/regenesis/
app/src/main/java/dev/aurakai
/auraframefx/aura/ui/AgentNex
usScreen.kt:412:13 Overload 
resolution ambiguity between 
candidates:
fun StatBar(label: String, 
value: Float, color: Color): 
Unit
fun StatBar(label: String, 
value: Float, color: Color): 
Unit
e: file:///C:/Users/Wehtt/And
roidStudioProjects/regenesis/
app/src/main/java/dev/aurakai
/auraframefx/aura/ui/AgentNex
usScreen.kt:427:9 
Conflicting overloads:
fun StatBar(label: String, 
value: Float, color: Color): 
Unit
e: file:///C:/Users/Wehtt/And
roidStudioProjects/regenesis/
app/src/main/java/dev/aurakai
/auraframefx/aura/ui/AppBuild
erScreen.kt:30:41 Unresolved 
reference 'NeonBlue'.
e: file:///C:/Users/Wehtt/And
roidStudioProjects/regenesis/
app/src/main/java/dev/aurakai
/auraframefx/aura/ui/AppBuild
erScreen.kt:32:41 Unresolved 
reference 'NeonPurple'.
e: file:///C:/Users/Wehtt/And
roidStudioProjects/regenesis/
app/src/main/java/dev/aurakai
/auraframefx/aura/ui/AppBuild
erScreen.kt:42:1 The feature 
"context parameters" is 
experimental and should be 
enabled explicitly. This can 
be done by supplying the 
compiler argument 
'-Xcontext-parameters', but 
note that no stability 
guarantees are provided.
e: file:///C:/Users/Wehtt/And
roidStudioProjects/regenesis/
app/src/main/java/dev/aurakai
/auraframefx/aura/ui/AppBuild
erScreen.kt:65:28 Unresolved 
reference 'NeonPurple'.
e: file:///C:/Users/Wehtt/And
roidStudioProjects/regenesis/
app/src/main/java/dev/aurakai
/auraframefx/aura/ui/AppBuild
erScreen.kt:74:29 Unresolved 
reference 'NeonBlue'.
e: file:///C:/Users/Wehtt/And
roidStudioProjects/regenesis/
app/src/main/java/dev/aurakai
/auraframefx/aura/ui/AppBuild
erScreen.kt:82:29 Unresolved 
reference 'NeonPurple'.
e: file:///C:/Users/Wehtt/And
roidStudioProjects/regenesis/
app/src/main/java/dev/aurakai
/auraframefx/aura/ui/AppBuild
erScreen.kt:128:29 
Unresolved reference 
'NeonBlue'.
e: file:///C:/Users/Wehtt/And
roidStudioProjects/regenesis/
app/src/main/java/dev/aurakai
/auraframefx/aura/ui/AurakaiE
coSysScreen.kt:21:1 The 
feature "context parameters" 
is experimental and should 
be enabled explicitly. This 
can be done by supplying the 
compiler argument 
'-Xcontext-parameters', but 
note that no stability 
guarantees are provided.
e: file:///C:/Users/Wehtt/And
roidStudioProjects/regenesis/
app/src/main/java/dev/aurakai
/auraframefx/aura/ui/Conferen
ceRoomScreen.kt:35:41 
Unresolved reference 
'NeonBlue'.
e: file:///C:/Users/Wehtt/And
roidStudioProjects/regenesis/
app/src/main/java/dev/aurakai
/auraframefx/aura/ui/Conferen
ceRoomScreen.kt:36:41 
Unresolved reference 
'NeonTeal'.
e: file:///C:/Users/Wehtt/And
roidStudioProjects/regenesis/
app/src/main/java/dev/aurakai
/auraframefx/aura/ui/Conferen
ceRoomScreen.kt:139:29 
Unresolved reference 
'NeonBlue'.
e: file:///C:/Users/Wehtt/And
roidStudioProjects/regenesis/
app/src/main/java/dev/aurakai
/auraframefx/aura/ui/Conferen
ceRoomScreen.kt:160:45 
Unresolved reference 
'NeonTeal'.
e: file:///C:/Users/Wehtt/And
roidStudioProjects/regenesis/
app/src/main/java/dev/aurakai
/auraframefx/aura/ui/Conferen
ceRoomScreen.kt:161:47 
Unresolved reference 
'NeonTeal'.
e: file:///C:/Users/Wehtt/And
roidStudioProjects/regenesis/
app/src/main/java/dev/aurakai
/auraframefx/aura/ui/Conferen
ceRoomScreen.kt:187:28 
Unresolved reference 
'NeonBlue'.
e: file:///C:/Users/Wehtt/And
roidStudioProjects/regenesis/
app/src/main/java/dev/aurakai
/auraframefx/aura/ui/Diagnost
icsViewModel.kt:63:42 
Unresolved reference 
'lastFullSyncTimestamp'.
e: file:///C:/Users/Wehtt/And
roidStudioProjects/regenesis/
app/src/main/java/dev/aurakai
/auraframefx/aura/ui/Diagnost
icsViewModel.kt:66:49 
Unresolved reference 
'lastFullSyncTimestamp'.
e: file:///C:/Users/Wehtt/And
roidStudioProjects/regenesis/
app/src/main/java/dev/aurakai
/auraframefx/aura/ui/Diagnost
icsViewModel.kt:75:42 
Unresolved reference 
'aiConfig'.
e: file:///C:/Users/Wehtt/And
roidStudioProjects/regenesis/
app/src/main/java/dev/aurakai
/auraframefx/aura/ui/Diagnost
icsViewModel.kt:75:93 
Unresolved reference 
'aiConfig'.
e: file:///C:/Users/Wehtt/And
roidStudioProjects/regenesis/
app/src/main/java/dev/aurakai
/auraframefx/aura/ui/Diagnost
icsViewModel.kt:78:49 
Unresolved reference 
'aiConfig'.
e: file:///C:/Users/Wehtt/And
roidStudioProjects/regenesis/
app/src/main/java/dev/aurakai
/auraframefx/aura/ui/Diagnost
icsViewModel.kt:87:39 
Unresolved reference 
'systemMonitoring'.
e: file:///C:/Users/Wehtt/And
roidStudioProjects/regenesis/
app/src/main/java/dev/aurakai
/auraframefx/aura/ui/Diagnost
icsViewModel.kt:91:42 
Unresolved reference 
'contextualMemory'.
e: file:///C:/Users/Wehtt/And
roidStudioProjects/regenesis/
app/src/main/java/dev/aurakai
/auraframefx/aura/ui/Diagnost
icsViewModel.kt:91:103 
Unresolved reference 
'contextualMemory'.
e: file:///C:/Users/Wehtt/And
roidStudioProjects/regenesis/
app/src/main/java/dev/aurakai
/auraframefx/aura/ui/Diagnost
icsViewModel.kt:94:49 
Unresolved reference 
'contextualMemory'.
e: file:///C:/Users/Wehtt/And
roidStudioProjects/regenesis/
app/src/main/java/dev/aurakai
/auraframefx/aura/ui/Diagnost
icsViewModel.kt:127:34 
Unresolved reference 
'getLogsForDate'.
e: file:///C:/Users/Wehtt/And
roidStudioProjects/regenesis/
app/src/main/java/dev/aurakai
/auraframefx/aura/ui/Diagnost
icsViewModel.kt:133:21 
Cannot infer type for type 
parameter 'T'. Specify it 
explicitly.
e: file:///C:/Users/Wehtt/And
roidStudioProjects/regenesis/
app/src/main/java/dev/aurakai
/auraframefx/aura/ui/Diagnost
icsViewModel.kt:153:26 
Unresolved reference 
'getAllLogs'.
e: file:///C:/Users/Wehtt/And
roidStudioProjects/regenesis/
app/src/main/java/dev/aurakai
/auraframefx/aura/ui/Diagnost
icsViewModel.kt:165:40 
Unresolved reference 
'getAllLogs'.
e: file:///C:/Users/Wehtt/And
roidStudioProjects/regenesis/
app/src/main/java/dev/aurakai
/auraframefx/aura/ui/Diagnost
icsViewModel.kt:166:30 
Cannot infer type for value 
parameter 'log'. Specify it 
explicitly.
e: file:///C:/Users/Wehtt/And
roidStudioProjects/regenesis/
app/src/main/java/dev/aurakai
/auraframefx/aura/ui/Diagnost
icsViewModel.kt:181:30 
Unresolved reference 
'clearAllLogs'.
e: file:///C:/Users/Wehtt/And
roidStudioProjects/regenesis/
app/src/main/java/dev/aurakai
/auraframefx/aura/ui/HaloView
.kt:65:54 Unresolved 
reference 
'GenesisAgentViewModel'.
e: file:///C:/Users/Wehtt/And
roidStudioProjects/regenesis/
app/src/main/java/dev/aurakai
/auraframefx/aura/ui/HaloView
.kt:66:40 Unresolved 
reference 'NeonBlue'.
e: file:///C:/Users/Wehtt/And
roidStudioProjects/regenesis/
app/src/main/java/dev/aurakai
/auraframefx/aura/ui/HaloView
.kt:67:40 Unresolved 
reference 'NeonPink'.
e: file:///C:/Users/Wehtt/And
roidStudioProjects/regenesis/
app/src/main/java/dev/aurakai
/auraframefx/aura/ui/HaloView
.kt:68:40 Unresolved 
reference 'NeonPurple'.
e: file:///C:/Users/Wehtt/And
roidStudioProjects/regenesis/
app/src/main/java/dev/aurakai
/auraframefx/aura/ui/HaloView
.kt:69:40 Unresolved 
reference 'NeonTeal'.
e: file:///C:/Users/Wehtt/And
roidStudioProjects/regenesis/
app/src/main/java/dev/aurakai
/auraframefx/aura/ui/HaloView
.kt:118:19 Unresolved 
reference 
'GenesisAgentViewModel'.
e: file:///C:/Users/Wehtt/And
roidStudioProjects/regenesis/
app/src/main/java/dev/aurakai
/auraframefx/aura/ui/HaloView
.kt:118:43 Cannot infer type 
for type parameter 'VM'. 
Specify it explicitly.
e: file:///C:/Users/Wehtt/And
roidStudioProjects/regenesis/
app/src/main/java/dev/aurakai
/auraframefx/aura/ui/HaloView
.kt:126:18 Unresolved 
reference 
'getAgentsByPriority'.
e: file:///C:/Users/Wehtt/And
roidStudioProjects/regenesis/
app/src/main/java/dev/aurakai
/auraframefx/aura/ui/HaloView
.kt:178:24 Unresolved 
reference 'NeonTeal'.
e: file:///C:/Users/Wehtt/And
roidStudioProjects/regenesis/
app/src/main/java/dev/aurakai
/auraframefx/aura/ui/HaloView
.kt:183:24 Unresolved 
reference 'NeonPurple'.
e: file:///C:/Users/Wehtt/And
roidStudioProjects/regenesis/
app/src/main/java/dev/aurakai
/auraframefx/aura/ui/HaloView
.kt:188:24 Unresolved 
reference 'NeonBlue'.
e: file:///C:/Users/Wehtt/And
roidStudioProjects/regenesis/
app/src/main/java/dev/aurakai
/auraframefx/aura/ui/HaloView
.kt:204:28 Unresolved 
reference 'NeonTeal'.
e: file:///C:/Users/Wehtt/And
roidStudioProjects/regenesis/
app/src/main/java/dev/aurakai
/auraframefx/aura/ui/HaloView
.kt:235:53 Unresolved 
reference 'NeonTeal'.
e: file:///C:/Users/Wehtt/And
roidStudioProjects/regenesis/
app/src/main/java/dev/aurakai
/auraframefx/aura/ui/HaloView
.kt:236:49 Unresolved 
reference 'NeonPurple'.
e: file:///C:/Users/Wehtt/And
roidStudioProjects/regenesis/
app/src/main/java/dev/aurakai
/auraframefx/aura/ui/HaloView
.kt:237:50 Unresolved 
reference 'NeonBlue'.
e: file:///C:/Users/Wehtt/And
roidStudioProjects/regenesis/
app/src/main/java/dev/aurakai
/auraframefx/aura/ui/HaloView
.kt:238:53 Unresolved 
reference 'NeonPink'.
e: file:///C:/Users/Wehtt/And
roidStudioProjects/regenesis/
app/src/main/java/dev/aurakai
/auraframefx/aura/ui/HaloView
.kt:239:40 Unresolved 
reference 'NeonTeal'.
e: file:///C:/Users/Wehtt/And
roidStudioProjects/regenesis/
app/src/main/java/dev/aurakai
/auraframefx/aura/ui/HaloView
.kt:283:46 Unresolved 
reference 'processQuery'.
e: file:///C:/Users/Wehtt/And
roidStudioProjects/regenesis/
app/src/main/java/dev/aurakai
/auraframefx/aura/ui/HaloView
.kt:322:41 Unresolved 
reference 'NeonTeal'.
e: file:///C:/Users/Wehtt/And
roidStudioProjects/regenesis/
app/src/main/java/dev/aurakai
/auraframefx/aura/ui/HaloView
.kt:323:37 Unresolved 
reference 'NeonPurple'.
e: file:///C:/Users/Wehtt/And
roidStudioProjects/regenesis/
app/src/main/java/dev/aurakai
/auraframefx/aura/ui/HaloView
.kt:324:38 Unresolved 
reference 'NeonBlue'.
e: file:///C:/Users/Wehtt/And
roidStudioProjects/regenesis/
app/src/main/java/dev/aurakai
/auraframefx/aura/ui/HaloView
.kt:325:41 Unresolved 
reference 'NeonPink'.
e: file:///C:/Users/Wehtt/And
roidStudioProjects/regenesis/
app/src/main/java/dev/aurakai
/auraframefx/aura/ui/HaloView
.kt:326:28 Unresolved 
reference 'NeonTeal'.
e: file:///C:/Users/Wehtt/And
roidStudioProjects/regenesis/
app/src/main/java/dev/aurakai
/auraframefx/aura/ui/HaloView
.kt:330:44 Unresolved 
reference 'copy'.
e: file:///C:/Users/Wehtt/And
roidStudioProjects/regenesis/
app/src/main/java/dev/aurakai
/auraframefx/aura/ui/HaloView
.kt:331:50 Unresolved 
reference 'copy'.
e: file:///C:/Users/Wehtt/And
roidStudioProjects/regenesis/
app/src/main/java/dev/aurakai
/auraframefx/aura/ui/HaloView
.kt:333:42 Unresolved 
reference 'copy'.
e: file:///C:/Users/Wehtt/And
roidStudioProjects/regenesis/
app/src/main/java/dev/aurakai
/auraframefx/aura/ui/HaloView
.kt:349:32 Unresolved 
reference 'NeonTeal'.
e: file:///C:/Users/Wehtt/And
roidStudioProjects/regenesis/
app/src/main/java/dev/aurakai
/auraframefx/aura/ui/HaloView
.kt:389:38 Unresolved 
reference 'NeonTeal'.
e: file:///C:/Users/Wehtt/And
roidStudioProjects/regenesis/
app/src/main/java/dev/aurakai
/auraframefx/aura/ui/HaloView
.kt:390:44 Unresolved 
reference 'NeonPurple'.
e: file:///C:/Users/Wehtt/And
roidStudioProjects/regenesis/
app/src/main/java/dev/aurakai
/auraframefx/aura/ui/HaloView
.kt:392:36 Unresolved 
reference 'NeonBlue'.
e: file:///C:/Users/Wehtt/And
roidStudioProjects/regenesis/
app/src/main/java/dev/aurakai
/auraframefx/aura/ui/HaloView
.kt:410:24 Unresolved 
reference 'NeonTeal'.
e: file:///C:/Users/Wehtt/And
roidStudioProjects/regenesis/
app/src/main/java/dev/aurakai
/auraframefx/aura/ui/HaloView
.kt:414:34 Unresolved 
reference 'processQuery'.
e: file:///C:/Users/Wehtt/And
roidStudioProjects/regenesis/
app/src/main/java/dev/aurakai
/auraframefx/aura/ui/HaloView
.kt:427:20 Unresolved 
reference 'NeonTeal'.
e: file:///C:/Users/Wehtt/And
roidStudioProjects/regenesis/
app/src/main/java/dev/aurakai
/auraframefx/aura/ui/HaloView
.kt:444:28 Unresolved 
reference 'NeonPurple'.
e: file:///C:/Users/Wehtt/And
roidStudioProjects/regenesis/
app/src/main/java/dev/aurakai
/auraframefx/aura/ui/HaloView
.kt:468:36 Unresolved 
reference 'NeonTeal'.
e: file:///C:/Users/Wehtt/And
roidStudioProjects/regenesis/
app/src/main/java/dev/aurakai
/auraframefx/aura/ui/HaloView
.kt:472:56 Unresolved 
reference 'NeonTeal'.
e: file:///C:/Users/Wehtt/And
roidStudioProjects/regenesis/
app/src/main/java/dev/aurakai
/auraframefx/aura/ui/HaloView
.kt:473:58 Unresolved 
reference 'NeonTeal'.
e: file:///C:/Users/Wehtt/And
roidStudioProjects/regenesis/
app/src/main/java/dev/aurakai
/auraframefx/aura/ui/HaloView
.kt:562:27 Unresolved 
reference 'NeonPurple'.
e: file:///C:/Users/Wehtt/And
roidStudioProjects/regenesis/
app/src/main/java/dev/aurakai
/auraframefx/aura/ui/HaloView
.kt:572:27 Unresolved 
reference 'NeonBlue'.
e: file:///C:/Users/Wehtt/And
roidStudioProjects/regenesis/
app/src/main/java/dev/aurakai
/auraframefx/aura/ui/HaloView
.kt:584:27 Unresolved 
reference 'NeonPink'.
e: file:///C:/Users/Wehtt/And
roidStudioProjects/regenesis/
app/src/main/java/dev/aurakai
/auraframefx/aura/ui/HomeScre
en.kt:39:48 Unresolved 
reference 'cyberEdgeGlow'.
e: file:///C:/Users/Wehtt/And
roidStudioProjects/regenesis/
app/src/main/java/dev/aurakai
/auraframefx/aura/ui/HomeScre
en.kt:40:48 Unresolved 
reference 
'digitalPixelEffect'.
e: file:///C:/Users/Wehtt/And
roidStudioProjects/regenesis/
app/src/main/java/dev/aurakai
/auraframefx/aura/ui/HomeScre
en.kt:55:41 Unresolved 
reference 'NeonCyan'.
e: file:///C:/Users/Wehtt/And
roidStudioProjects/regenesis/
app/src/main/java/dev/aurakai
/auraframefx/aura/ui/HomeScre
en.kt:56:41 Unresolved 
reference 'NeonPink'.
e: file:///C:/Users/Wehtt/And
roidStudioProjects/regenesis/
app/src/main/java/dev/aurakai
/auraframefx/aura/ui/HomeScre
en.kt:57:41 Unresolved 
reference 'NeonBlue'.
e: file:///C:/Users/Wehtt/And
roidStudioProjects/regenesis/
app/src/main/java/dev/aurakai
/auraframefx/aura/ui/HomeScre
en.kt:112:13 No value passed 
for parameter 'content'.
e: file:///C:/Users/Wehtt/And
roidStudioProjects/regenesis/
app/src/main/java/dev/aurakai
/auraframefx/aura/ui/HomeScre
en.kt:113:11 Too many 
arguments for 'fun 
HologramTransition(visible: 
Boolean, modifier: Modifier 
= ..., content: 
ComposableFunction0<Unit>, 
primaryColor: Color = ..., 
secondaryColor: Color = ..., 
scanLineDensity: Int = ..., 
glitchIntensity: Float = 
..., edgeGlowIntensity: 
Float = ...): Unit'.
e: file:///C:/Users/Wehtt/And
roidStudioProjects/regenesis/
app/src/main/java/dev/aurakai
/auraframefx/aura/ui/HomeScre
en.kt:114:13 @Composable 
invocations can only happen 
from the context of a 
@Composable function
e: file:///C:/Users/Wehtt/And
roidStudioProjects/regenesis/
app/src/main/java/dev/aurakai
/auraframefx/aura/ui/HomeScre
en.kt:226:47 Unresolved 
reference 'ANGLED'.
e: file:///C:/Users/Wehtt/And
roidStudioProjects/regenesis/
app/src/main/java/dev/aurakai
/auraframefx/aura/ui/HomeScre
en.kt:304:33 No parameter 
with name 'primaryColor' 
found.
e: file:///C:/Users/Wehtt/And
roidStudioProjects/regenesis/
app/src/main/java/dev/aurakai
/auraframefx/aura/ui/HomeScre
en.kt:304:48 Unresolved 
reference 'NeonPink'.
e: file:///C:/Users/Wehtt/And
roidStudioProjects/regenesis/
app/src/main/java/dev/aurakai
/auraframefx/aura/ui/HomeScre
en.kt:305:33 No parameter 
with name 'secondaryColor' 
found.
e: file:///C:/Users/Wehtt/And
roidStudioProjects/regenesis/
app/src/main/java/dev/aurakai
/auraframefx/aura/ui/HomeScre
en.kt:305:50 Unresolved 
reference 'ThemeNeonBlue'.
e: file:///C:/Users/Wehtt/And
roidStudioProjects/regenesis/
app/src/main/java/dev/aurakai
/auraframefx/aura/ui/HomeScre
en.kt:309:59 Unresolved 
reference 'HEX_GRID'.
e: file:///C:/Users/Wehtt/And
roidStudioProjects/regenesis/
app/src/main/java/dev/aurakai
/auraframefx/aura/ui/HomeScre
en.kt:327:33 No parameter 
with name 'primaryColor' 
found.
e: file:///C:/Users/Wehtt/And
roidStudioProjects/regenesis/
app/src/main/java/dev/aurakai
/auraframefx/aura/ui/HomeScre
en.kt:327:48 Unresolved 
reference 'NeonCyan'.
e: file:///C:/Users/Wehtt/And
roidStudioProjects/regenesis/
app/src/main/java/dev/aurakai
/auraframefx/aura/ui/HomeScre
en.kt:328:33 No parameter 
with name 'secondaryColor' 
found.
e: file:///C:/Users/Wehtt/And
roidStudioProjects/regenesis/
app/src/main/java/dev/aurakai
/auraframefx/aura/ui/HomeScre
en.kt:328:50 Unresolved 
reference 'ThemeNeonBlue'.
e: file:///C:/Users/Wehtt/And
roidStudioProjects/regenesis/
app/src/main/java/dev/aurakai
/auraframefx/aura/ui/HomeScre
en.kt:332:59 Unresolved 
reference 'HEX_GRID'.
e: file:///C:/Users/Wehtt/And
roidStudioProjects/regenesis/
app/src/main/java/dev/aurakai
/auraframefx/aura/ui/HomeScre
en.kt:350:33 No parameter 
with name 'primaryColor' 
found.
e: file:///C:/Users/Wehtt/And
roidStudioProjects/regenesis/
app/src/main/java/dev/aurakai
/auraframefx/aura/ui/HomeScre
en.kt:351:33 No parameter 
with name 'secondaryColor' 
found.
e: file:///C:/Users/Wehtt/And
roidStudioProjects/regenesis/
app/src/main/java/dev/aurakai
/auraframefx/aura/ui/HomeScre
en.kt:351:50 Unresolved 
reference 'ThemeNeonBlue'.
e: file:///C:/Users/Wehtt/And
roidStudioProjects/regenesis/
app/src/main/java/dev/aurakai
/auraframefx/aura/ui/HomeScre
en.kt:355:59 Unresolved 
reference 'HEX_GRID'.
e: file:///C:/Users/Wehtt/And
roidStudioProjects/regenesis/
app/src/main/java/dev/aurakai
/auraframefx/aura/ui/HomeScre
en.kt:380:55 Unresolved 
reference 'TRANSPARENT'.
e: file:///C:/Users/Wehtt/And
roidStudioProjects/regenesis/
app/src/main/java/dev/aurakai
/auraframefx/aura/ui/HomeScre
en.kt:450:14 Unresolved 
reference 
'digitalPixelEffect'.
e: file:///C:/Users/Wehtt/And
roidStudioProjects/regenesis/
app/src/main/java/dev/aurakai
/auraframefx/aura/ui/OracleDr
iveViewModel.kt:122:44 
Unresolved reference 
'getFiles'.
e: file:///C:/Users/Wehtt/And
roidStudioProjects/regenesis/
app/src/main/java/dev/aurakai
/auraframefx/aura/ui/QuickSet
tingsConfigActivity.kt:73:26 
Cannot infer type for type 
parameter 'T'. Specify it 
explicitly.
e: file:///C:/Users/Wehtt/And
roidStudioProjects/regenesis/
app/src/main/java/dev/aurakai
/auraframefx/aura/ui/QuickSet
tingsConfigActivity.kt:76:20 
Cannot infer type for type 
parameter 'T'. Specify it 
explicitly.
e: file:///C:/Users/Wehtt/And
roidStudioProjects/regenesis/
app/src/main/java/dev/aurakai
/auraframefx/aura/ui/QuickSet
tingsConfigActivity.kt:76:20 
Unresolved reference. None 
of the following candidates 
is applicable because of a 
receiver type mismatch:
fun <T> T.also(block: (T) -> 
Unit): T
e: file:///C:/Users/Wehtt/And
roidStudioProjects/regenesis/
app/src/main/java/dev/aurakai
/auraframefx/aura/ui/QuickSet
tingsConfigActivity.kt:76:25 
Cannot infer type for type 
parameter 'T'. Specify it 
explicitly.
e: file:///C:/Users/Wehtt/And
roidStudioProjects/regenesis/
app/src/main/java/dev/aurakai
/auraframefx/aura/ui/QuickSet
tingsConfigActivity.kt:77:50 
Unresolved reference 'tiles'.
e: file:///C:/Users/Wehtt/And
roidStudioProjects/regenesis/
app/src/main/java/dev/aurakai
/auraframefx/aura/ui/UIEngine
Screen.kt:23:41 Unresolved 
reference 'NeonBlue'.
e: file:///C:/Users/Wehtt/And
roidStudioProjects/regenesis/
app/src/main/java/dev/aurakai
/auraframefx/aura/ui/UIEngine
Screen.kt:24:41 Unresolved 
reference 'NeonTeal'.
e: file:///C:/Users/Wehtt/And
roidStudioProjects/regenesis/
app/src/main/java/dev/aurakai
/auraframefx/aura/ui/UIEngine
Screen.kt:51:24 Unresolved 
reference 'NeonTeal'.
e: file:///C:/Users/Wehtt/And
roidStudioProjects/regenesis/
app/src/main/java/dev/aurakai
/auraframefx/aura/ui/UIEngine
Screen.kt:60:25 Unresolved 
reference 'NeonBlue'.
e: file:///C:/Users/Wehtt/And
roidStudioProjects/regenesis/
app/src/main/java/dev/aurakai
/auraframefx/aura/ui/Xhanceme
ntScreen.kt:23:41 Unresolved 
reference 'NeonBlue'.
e: file:///C:/Users/Wehtt/And
roidStudioProjects/regenesis/
app/src/main/java/dev/aurakai
/auraframefx/aura/ui/Xhanceme
ntScreen.kt:24:41 Unresolved 
reference 'NeonPurple'.
e: file:///C:/Users/Wehtt/And
roidStudioProjects/regenesis/
app/src/main/java/dev/aurakai
/auraframefx/aura/ui/Xhanceme
ntScreen.kt:51:24 Unresolved 
reference 'NeonPurple'.
e: file:///C:/Users/Wehtt/And
roidStudioProjects/regenesis/
app/src/main/java/dev/aurakai
/auraframefx/aura/ui/Xhanceme
ntScreen.kt:60:25 Unresolved 
reference 'NeonBlue'.
e: file:///C:/Users/Wehtt/And
roidStudioProjects/regenesis/
app/src/main/java/dev/aurakai
/auraframefx/aura/ui/applySca
leAnimation.kt:20:5 The 
feature "context parameters" 
is experimental and should 
be enabled explicitly. This 
can be done by supplying the 
compiler argument 
'-Xcontext-parameters', but 
note that no stability 
guarantees are provided.
e: file:///C:/Users/Wehtt/And
roidStudioProjects/regenesis/
app/src/main/java/dev/aurakai
/auraframefx/aura/ui/applySca
leAnimation.kt:20:37 
Unresolved reference 
'Companion'.
e: file:///C:/Users/Wehtt/And
roidStudioProjects/regenesis/
app/src/main/java/dev/aurakai
/auraframefx/billing/PaywallS
creen.kt:43:41 Unresolved 
reference 'NeonBlue'.
e: file:///C:/Users/Wehtt/And
roidStudioProjects/regenesis/
app/src/main/java/dev/aurakai
/auraframefx/billing/PaywallS
creen.kt:44:41 Unresolved 
reference 'NeonCyan'.
e: file:///C:/Users/Wehtt/And
roidStudioProjects/regenesis/
app/src/main/java/dev/aurakai
/auraframefx/billing/PaywallS
creen.kt:45:41 Unresolved 
reference 'NeonPurple'.
e: file:///C:/Users/Wehtt/And
roidStudioProjects/regenesis/
app/src/main/java/dev/aurakai
/auraframefx/billing/PaywallS
creen.kt:98:32 Unresolved 
reference 'NeonCyan'.
e: file:///C:/Users/Wehtt/And
roidStudioProjects/regenesis/
app/src/main/java/dev/aurakai
/auraframefx/billing/PaywallS
creen.kt:129:46 Unresolved 
reference 'NeonBlue'.
e: file:///C:/Users/Wehtt/And
roidStudioProjects/regenesis/
app/src/main/java/dev/aurakai
/auraframefx/billing/PaywallS
creen.kt:171:33 Unresolved 
reference 'NeonCyan'.
e: file:///C:/Users/Wehtt/And
roidStudioProjects/regenesis/
app/src/main/java/dev/aurakai
/auraframefx/billing/PaywallS
creen.kt:181:46 Unresolved 
reference 'NeonCyan'.
e: file:///C:/Users/Wehtt/And
roidStudioProjects/regenesis/
app/src/main/java/dev/aurakai
/auraframefx/billing/PaywallS
creen.kt:191:41 Unresolved 
reference 'NeonCyan'.
e: file:///C:/Users/Wehtt/And
roidStudioProjects/regenesis/
app/src/main/java/dev/aurakai
/auraframefx/billing/PaywallS
creen.kt:202:45 Unresolved 
reference 'NeonBlue'.
e: file:///C:/Users/Wehtt/And
roidStudioProjects/regenesis/
app/src/main/java/dev/aurakai
/auraframefx/billing/PaywallS
creen.kt:213:41 Unresolved 
reference 'NeonPurple'.
e: file:///C:/Users/Wehtt/And
roidStudioProjects/regenesis/
app/src/main/java/dev/aurakai
/auraframefx/billing/PaywallS
creen.kt:220:45 Unresolved 
reference 'NeonPurple'.
e: file:///C:/Users/Wehtt/And
roidStudioProjects/regenesis/
app/src/main/java/dev/aurakai
/auraframefx/billing/PaywallS
creen.kt:252:46 Unresolved 
reference 'NeonBlue'.
e: file:///C:/Users/Wehtt/And
roidStudioProjects/regenesis/
app/src/main/java/dev/aurakai
/auraframefx/billing/PaywallS
creen.kt:301:30 Unresolved 
reference 'NeonPurple'.
e: file:///C:/Users/Wehtt/And
roidStudioProjects/regenesis/
app/src/main/java/dev/aurakai
/auraframefx/billing/PaywallS
creen.kt:311:24 Unresolved 
reference 'NeonPurple'.
e: file:///C:/Users/Wehtt/And
roidStudioProjects/regenesis/
app/src/main/java/dev/aurakai
/auraframefx/billing/PaywallS
creen.kt:343:42 Unresolved 
reference 'NeonBlue'.
e: file:///C:/Users/Wehtt/And
roidStudioProjects/regenesis/
app/src/main/java/dev/aurakai
/auraframefx/billing/Subscrip
tionScreen.kt:20:41 
Unresolved reference 
'NeonBlue'.
e: file:///C:/Users/Wehtt/And
roidStudioProjects/regenesis/
app/src/main/java/dev/aurakai
/auraframefx/billing/Subscrip
tionScreen.kt:21:41 
Unresolved reference 
'NeonCyan'.
e: file:///C:/Users/Wehtt/And
roidStudioProjects/regenesis/
app/src/main/java/dev/aurakai
/auraframefx/billing/Subscrip
tionScreen.kt:22:41 
Unresolved reference 
'NeonPurple'.
e: file:///C:/Users/Wehtt/And
roidStudioProjects/regenesis/
app/src/main/java/dev/aurakai
/auraframefx/billing/Subscrip
tionScreen.kt:36:1 The 
feature "context parameters" 
is experimental and should 
be enabled explicitly. This 
can be done by supplying the 
compiler argument 
'-Xcontext-parameters', but 
note that no stability 
guarantees are provided.
e: file:///C:/Users/Wehtt/And
roidStudioProjects/regenesis/
app/src/main/java/dev/aurakai
/auraframefx/billing/Subscrip
tionScreen.kt:109:49 
Unresolved reference 
'NeonCyan'.
e: file:///C:/Users/Wehtt/And
roidStudioProjects/regenesis/
app/src/main/java/dev/aurakai
/auraframefx/billing/Subscrip
tionScreen.kt:110:49 
Unresolved reference 
'NeonPurple'.
e: file:///C:/Users/Wehtt/And
roidStudioProjects/regenesis/
app/src/main/java/dev/aurakai
/auraframefx/billing/Subscrip
tionScreen.kt:125:25 
Unresolved reference 
'NeonCyan'.
e: file:///C:/Users/Wehtt/And
roidStudioProjects/regenesis/
app/src/main/java/dev/aurakai
/auraframefx/billing/Subscrip
tionScreen.kt:133:25 
Unresolved reference 
'NeonPurple'.
e: file:///C:/Users/Wehtt/And
roidStudioProjects/regenesis/
app/src/main/java/dev/aurakai
/auraframefx/billing/Subscrip
tionScreen.kt:219:29 
Unresolved reference 
'NeonBlue'.
e: file:///C:/Users/Wehtt/And
roidStudioProjects/regenesis/
app/src/main/java/dev/aurakai
/auraframefx/billing/Subscrip
tionScreen.kt:233:25 
Unresolved reference 
'NeonPurple'.
e: file:///C:/Users/Wehtt/And
roidStudioProjects/regenesis/
app/src/main/java/dev/aurakai
/auraframefx/billing/Subscrip
tionScreen.kt:240:29 
Unresolved reference 
'NeonPurple'.
e: file:///C:/Users/Wehtt/And
roidStudioProjects/regenesis/
app/src/main/java/dev/aurakai
/auraframefx/billing/Subscrip
tionScreen.kt:254:42 
Unresolved reference 
'NeonBlue'.
e: file:///C:/Users/Wehtt/And
roidStudioProjects/regenesis/
app/src/main/java/dev/aurakai
/auraframefx/billing/Subscrip
tionScreen.kt:331:17 
Unresolved reference 
'NeonBlue'.
e: file:///C:/Users/Wehtt/And
roidStudioProjects/regenesis/
app/src/main/java/dev/aurakai
/auraframefx/billing/Subscrip
tionScreen.kt:360:21 
Unresolved reference 
'NeonBlue'.
e: file:///C:/Users/Wehtt/And
roidStudioProjects/regenesis/
app/src/main/java/dev/aurakai
/auraframefx/billing/Subscrip
tionScreen.kt:424:20 
Unresolved reference 
'NeonCyan'.
e: file:///C:/Users/Wehtt/And
roidStudioProjects/regenesis/
app/src/main/java/dev/aurakai
/auraframefx/cascade/CascadeA
IService.kt:158:42 
Unresolved reference 
'DATAVEIN_CONSTRUCTOR'.
e: file:///C:/Users/Wehtt/And
roidStudioProjects/regenesis/
app/src/main/java/dev/aurakai
/auraframefx/cascade/CascadeA
IService.kt:188:23 
Unresolved reference 
'CLAUDE'.
e: file:///C:/Users/Wehtt/And
roidStudioProjects/regenesis/
app/src/main/java/dev/aurakai
/auraframefx/cascade/CascadeA
IService.kt:189:23 
Unresolved reference 
'NEURAL_WHISPER'.
e: file:///C:/Users/Wehtt/And
roidStudioProjects/regenesis/
app/src/main/java/dev/aurakai
/auraframefx/cascade/CascadeA
IService.kt:190:23 
Unresolved reference 
'AURA_SHIELD'.
e: file:///C:/Users/Wehtt/And
roidStudioProjects/regenesis/
app/src/main/java/dev/aurakai
/auraframefx/cascade/CascadeA
IService.kt:191:23 
Unresolved reference 
'GEN_KIT_MASTER'.
e: file:///C:/Users/Wehtt/And
roidStudioProjects/regenesis/
app/src/main/java/dev/aurakai
/auraframefx/cascade/CascadeA
IService.kt:192:23 
Unresolved reference 
'DATAVEIN_CONSTRUCTOR'.
e: file:///C:/Users/Wehtt/And
roidStudioProjects/regenesis/
app/src/main/java/dev/aurakai
/auraframefx/cascade/CascadeA
IService.kt:397:31 
Unresolved reference 
'CLAUDE'.
e: file:///C:/Users/Wehtt/And
roidStudioProjects/regenesis/
app/src/main/java/dev/aurakai
/auraframefx/cascade/CascadeA
IService.kt:438:31 
Unresolved reference 
'NEURAL_WHISPER'.
e: file:///C:/Users/Wehtt/And
roidStudioProjects/regenesis/
app/src/main/java/dev/aurakai
/auraframefx/cascade/CascadeA
IService.kt:475:31 
Unresolved reference 
'AURA_SHIELD'.
e: file:///C:/Users/Wehtt/And
roidStudioProjects/regenesis/
app/src/main/java/dev/aurakai
/auraframefx/cascade/CascadeA
IService.kt:514:31 
Unresolved reference 
'GEN_KIT_MASTER'.
e: file:///C:/Users/Wehtt/And
roidStudioProjects/regenesis/
app/src/main/java/dev/aurakai
/auraframefx/cascade/CascadeA
IService.kt:553:31 
Unresolved reference 
'DATAVEIN_CONSTRUCTOR'.
e: file:///C:/Users/Wehtt/And
roidStudioProjects/regenesis/
app/src/main/java/dev/aurakai
/auraframefx/cascade/CascadeA
gent.kt:39:6 Class 
'CascadeAgent' is not 
abstract and does not 
implement abstract member:
suspend fun 
processRequest(request: 
AiRequest, context: String, 
agentType: AgentType): 
AgentResponse
e: file:///C:/Users/Wehtt/And
roidStudioProjects/regenesis/
app/src/main/java/dev/aurakai
/auraframefx/cascade/CascadeA
gent.kt:101:5 'iRequest' 
overrides nothing.
e: file:///C:/Users/Wehtt/And
roidStudioProjects/regenesis/
app/src/main/java/dev/aurakai
/auraframefx/cascade/CascadeA
gent.kt:135:17 Argument type 
mismatch: actual type is 
'String', but 'MemoryItem' 
was expected.
e: file:///C:/Users/Wehtt/And
roidStudioProjects/regenesis/
app/src/main/java/dev/aurakai
/auraframefx/cascade/CascadeA
gent.kt:136:17 Too many 
arguments for 'fun 
storeMemory(item: 
MemoryItem): String'.
e: file:///C:/Users/Wehtt/And
roidStudioProjects/regenesis/
app/src/main/java/dev/aurakai
/auraframefx/cascade/CascadeA
gent.kt:147:63 Argument type 
mismatch: actual type is 
'String', but 'MemoryQuery' 
was expected.
e: file:///C:/Users/Wehtt/And
roidStudioProjects/regenesis/
app/src/main/java/dev/aurakai
/auraframefx/cascade/CascadeA
gent.kt:162:26 Unresolved 
reference 'v'.
e: file:///C:/Users/Wehtt/And
roidStudioProjects/regenesis/
app/src/main/java/dev/aurakai
/auraframefx/cascade/CascadeA
gent.kt:193:39 Argument type 
mismatch: actual type is 
'String', but 'MemoryItem' 
was expected.
e: file:///C:/Users/Wehtt/And
roidStudioProjects/regenesis/
app/src/main/java/dev/aurakai
/auraframefx/cascade/CascadeA
gent.kt:193:66 Too many 
arguments for 'fun 
storeMemory(item: 
MemoryItem): String'.
e: file:///C:/Users/Wehtt/And
roidStudioProjects/regenesis/
app/src/main/java/dev/aurakai
/auraframefx/cascade/CascadeA
gent.kt:261:31 Unresolved 
reference 'storeInteraction'.
e: file:///C:/Users/Wehtt/And
roidStudioProjects/regenesis/
app/src/main/java/dev/aurakai
/auraframefx/cascade/CascadeA
gent.kt:279:35 No value 
passed for parameter 'query'.
e: file:///C:/Users/Wehtt/And
roidStudioProjects/regenesis/
app/src/main/java/dev/aurakai
/auraframefx/cascade/CascadeA
gent.kt:279:35 No value 
passed for parameter 'type'.
e: file:///C:/Users/Wehtt/And
roidStudioProjects/regenesis/
app/src/main/java/dev/aurakai
/auraframefx/cascade/CascadeA
gent.kt:279:35 No value 
passed for parameter 
'context'.
e: file:///C:/Users/Wehtt/And
roidStudioProjects/regenesis/
app/src/main/java/dev/aurakai
/auraframefx/cascade/CascadeA
gent.kt:279:35 No value 
passed for parameter 
'metadata'.
e: file:///C:/Users/Wehtt/And
roidStudioProjects/regenesis/
app/src/main/java/dev/aurakai
/auraframefx/cascade/CascadeA
gent.kt:279:35 No value 
passed for parameter 
'agentId'.
e: file:///C:/Users/Wehtt/And
roidStudioProjects/regenesis/
app/src/main/java/dev/aurakai
/auraframefx/cascade/CascadeA
gent.kt:279:35 No value 
passed for parameter 
'sessionId'.
e: file:///C:/Users/Wehtt/And
roidStudioProjects/regenesis/
app/src/main/java/dev/aurakai
/auraframefx/cascade/CascadeA
gent.kt:288:41 Argument type 
mismatch: actual type is 
'AgentRequest', but 
'AiRequest' was expected.
e: file:///C:/Users/Wehtt/And
roidStudioProjects/regenesis/
app/src/main/java/dev/aurakai
/auraframefx/cascade/CascadeA
gent.kt:288:51 Argument type 
mismatch: actual type is 
'AgentType', but 'String' 
was expected.
e: file:///C:/Users/Wehtt/And
roidStudioProjects/regenesis/
app/src/main/java/dev/aurakai
/auraframefx/cascade/CascadeA
gent.kt:296:43 Argument type 
mismatch: actual type is 
'String', but 'MemoryItem' 
was expected.
e: file:///C:/Users/Wehtt/And
roidStudioProjects/regenesis/
app/src/main/java/dev/aurakai
/auraframefx/cascade/CascadeA
gent.kt:296:75 Too many 
arguments for 'fun 
storeMemory(item: 
MemoryItem): String'.
e: file:///C:/Users/Wehtt/And
roidStudioProjects/regenesis/
app/src/main/java/dev/aurakai
/auraframefx/cascade/CascadeA
gent.kt:310:37 Argument type 
mismatch: actual type is 
'AgentRequest', but 
'AiRequest' was expected.
e: file:///C:/Users/Wehtt/And
roidStudioProjects/regenesis/
app/src/main/java/dev/aurakai
/auraframefx/cascade/CascadeA
gent.kt:310:47 Argument type 
mismatch: actual type is 
'AgentType', but 'String' 
was expected.
e: file:///C:/Users/Wehtt/And
roidStudioProjects/regenesis/
app/src/main/java/dev/aurakai
/auraframefx/cascade/CascadeA
gent.kt:316:39 Argument type 
mismatch: actual type is 
'String', but 'MemoryItem' 
was expected.
e: file:///C:/Users/Wehtt/And
roidStudioProjects/regenesis/
app/src/main/java/dev/aurakai
/auraframefx/cascade/CascadeA
gent.kt:316:73 Too many 
arguments for 'fun 
storeMemory(item: 
MemoryItem): String'.
e: file:///C:/Users/Wehtt/And
roidStudioProjects/regenesis/
app/src/main/java/dev/aurakai
/auraframefx/cascade/CascadeA
gent.kt:324:31 No value 
passed for parameter 'query'.
e: file:///C:/Users/Wehtt/And
roidStudioProjects/regenesis/
app/src/main/java/dev/aurakai
/auraframefx/cascade/CascadeA
gent.kt:324:31 No value 
passed for parameter 'type'.
e: file:///C:/Users/Wehtt/And
roidStudioProjects/regenesis/
app/src/main/java/dev/aurakai
/auraframefx/cascade/CascadeA
gent.kt:324:31 No value 
passed for parameter 
'context'.
e: file:///C:/Users/Wehtt/And
roidStudioProjects/regenesis/
app/src/main/java/dev/aurakai
/auraframefx/cascade/CascadeA
gent.kt:324:31 No value 
passed for parameter 
'metadata'.
e: file:///C:/Users/Wehtt/And
roidStudioProjects/regenesis/
app/src/main/java/dev/aurakai
/auraframefx/cascade/CascadeA
gent.kt:324:31 No value 
passed for parameter 
'agentId'.
e: file:///C:/Users/Wehtt/And
roidStudioProjects/regenesis/
app/src/main/java/dev/aurakai
/auraframefx/cascade/CascadeA
gent.kt:324:31 No value 
passed for parameter 
'sessionId'.
e: file:///C:/Users/Wehtt/And
roidStudioProjects/regenesis/
app/src/main/java/dev/aurakai
/auraframefx/cascade/CascadeA
gent.kt:332:39 Argument type 
mismatch: actual type is 
'String', but 'MemoryItem' 
was expected.
e: file:///C:/Users/Wehtt/And
roidStudioProjects/regenesis/
app/src/main/java/dev/aurakai
/auraframefx/cascade/CascadeA
gent.kt:332:74 Too many 
arguments for 'fun 
storeMemory(item: 
MemoryItem): String'.
e: file:///C:/Users/Wehtt/And
roidStudioProjects/regenesis/
app/src/main/java/dev/aurakai
/auraframefx/cascade/CascadeA
gent.kt:356:34 Unresolved 
reference 'v'.
e: file:///C:/Users/Wehtt/And
roidStudioProjects/regenesis/
app/src/main/java/dev/aurakai
/auraframefx/cascade/CascadeA
gent.kt:362:25 Argument type 
mismatch: actual type is 
'String', but 'MemoryItem' 
was expected.
e: file:///C:/Users/Wehtt/And
roidStudioProjects/regenesis/
app/src/main/java/dev/aurakai
/auraframefx/cascade/CascadeA
gent.kt:363:25 Too many 
arguments for 'fun 
storeMemory(item: 
MemoryItem): String'.
e: file:///C:/Users/Wehtt/And
roidStudioProjects/regenesis/
app/src/main/java/dev/aurakai
/auraframefx/cascade/CascadeA
gent.kt:375:34 Unresolved 
reference 'v'.
e: file:///C:/Users/Wehtt/And
roidStudioProjects/regenesis/
app/src/main/java/dev/aurakai
/auraframefx/cascade/CascadeA
gent.kt:380:25 Argument type 
mismatch: actual type is 
'String', but 'MemoryItem' 
was expected.
e: file:///C:/Users/Wehtt/And
roidStudioProjects/regenesis/
app/src/main/java/dev/aurakai
/auraframefx/cascade/CascadeA
gent.kt:381:25 Too many 
arguments for 'fun 
storeMemory(item: 
MemoryItem): String'.
e: file:///C:/Users/Wehtt/And
roidStudioProjects/regenesis/
app/src/main/java/dev/aurakai
/auraframefx/cascade/CascadeA
gent.kt:398:21 Argument type 
mismatch: actual type is 
'String', but 'MemoryItem' 
was expected.
e: file:///C:/Users/Wehtt/And
roidStudioProjects/regenesis/
app/src/main/java/dev/aurakai
/auraframefx/cascade/CascadeA
gent.kt:399:21 Too many 
arguments for 'fun 
storeMemory(item: 
MemoryItem): String'.
e: file:///C:/Users/Wehtt/And
roidStudioProjects/regenesis/
app/src/main/java/dev/aurakai
/auraframefx/cascade/CascadeA
gent.kt:416:21 Argument type 
mismatch: actual type is 
'String', but 'MemoryItem' 
was expected.
e: file:///C:/Users/Wehtt/And
roidStudioProjects/regenesis/
app/src/main/java/dev/aurakai
/auraframefx/cascade/CascadeA
gent.kt:417:21 Too many 
arguments for 'fun 
storeMemory(item: 
MemoryItem): String'.
e: file:///C:/Users/Wehtt/And
roidStudioProjects/regenesis/
app/src/main/java/dev/aurakai
/auraframefx/cascade/CascadeA
gent.kt:496:17 Argument type 
mismatch: actual type is 
'String', but 'MemoryItem' 
was expected.
e: file:///C:/Users/Wehtt/And
roidStudioProjects/regenesis/
app/src/main/java/dev/aurakai
/auraframefx/cascade/CascadeA
gent.kt:497:17 Too many 
arguments for 'fun 
storeMemory(item: 
MemoryItem): String'.
e: file:///C:/Users/Wehtt/And
roidStudioProjects/regenesis/
app/src/main/java/dev/aurakai
/auraframefx/cascade/CascadeA
gent.kt:544:39 Argument type 
mismatch: actual type is 
'String', but 'MemoryItem' 
was expected.
e: file:///C:/Users/Wehtt/And
roidStudioProjects/regenesis/
app/src/main/java/dev/aurakai
/auraframefx/cascade/CascadeA
gent.kt:544:69 Too many 
arguments for 'fun 
storeMemory(item: 
MemoryItem): String'.
e: file:///C:/Users/Wehtt/And
roidStudioProjects/regenesis/
app/src/main/java/dev/aurakai
/auraframefx/cascade/CascadeA
gent.kt:594:42 Argument type 
mismatch: actual type is 
'String', but 'MemoryQuery' 
was expected.
e: file:///C:/Users/Wehtt/And
roidStudioProjects/regenesis/
app/src/main/java/dev/aurakai
/auraframefx/cascade/CascadeA
gent.kt:633:39 Argument type 
mismatch: actual type is 
'String', but 'MemoryItem' 
was expected.
e: file:///C:/Users/Wehtt/And
roidStudioProjects/regenesis/
app/src/main/java/dev/aurakai
/auraframefx/cascade/CascadeA
gent.kt:633:69 Too many 
arguments for 'fun 
storeMemory(item: 
MemoryItem): String'.
e: file:///C:/Users/Wehtt/And
roidStudioProjects/regenesis/
app/src/main/java/dev/aurakai
/auraframefx/cascade/CascadeA
gent.kt:657:17 Argument type 
mismatch: actual type is 
'String', but 'MemoryItem' 
was expected.
e: file:///C:/Users/Wehtt/And
roidStudioProjects/regenesis/
app/src/main/java/dev/aurakai
/auraframefx/cascade/CascadeA
gent.kt:658:17 Too many 
arguments for 'fun 
storeMemory(item: 
MemoryItem): String'.
e: file:///C:/Users/Wehtt/And
roidStudioProjects/regenesis/
app/src/main/java/dev/aurakai
/auraframefx/cascade/CascadeA
gent.kt:673:5 
'getCapabilities' in 
'BaseAgent' is final and 
cannot be overridden.
e: file:///C:/Users/Wehtt/And
roidStudioProjects/regenesis/
app/src/main/java/dev/aurakai
/auraframefx/cascade/memory/M
emoryModel.kt:20:5 Property 
must be initialized or be 
abstract.
e: file:///C:/Users/Wehtt/And
roidStudioProjects/regenesis/
app/src/main/java/dev/aurakai
/auraframefx/cascade/memory/M
emoryModel.kt:20:18 
Serializer has not been 
found for type 'Any'. To use 
context serializer as 
fallback, explicitly 
annotate type or property 
with @Contextual
e: file:///C:/Users/Wehtt/And
roidStudioProjects/regenesis/
app/src/main/java/dev/aurakai
/auraframefx/cascade/trinity/
TrinityCoordinatorService.kt:
3:44 Unresolved reference 
'AuraAIService'.
e: file:///C:/Users/Wehtt/And
roidStudioProjects/regenesis/
app/src/main/java/dev/aurakai
/auraframefx/cascade/trinity/
TrinityCoordinatorService.kt:
10:38 Unresolved reference 
'toJsonObject'.
e: file:///C:/Users/Wehtt/And
roidStudioProjects/regenesis/
app/src/main/java/dev/aurakai
/auraframefx/cascade/trinity/
TrinityCoordinatorService.kt:
34:34 Unresolved reference 
'Inject'.
e: file:///C:/Users/Wehtt/And
roidStudioProjects/regenesis/
app/src/main/java/dev/aurakai
/auraframefx/cascade/trinity/
TrinityCoordinatorService.kt:
35:32 Unresolved reference 
'AuraAIService'.
e: file:///C:/Users/Wehtt/And
roidStudioProjects/regenesis/
app/src/main/java/dev/aurakai
/auraframefx/cascade/trinity/
TrinityCoordinatorService.kt:
98:21 No value passed for 
parameter 'agent'.
e: file:///C:/Users/Wehtt/And
roidStudioProjects/regenesis/
app/src/main/java/dev/aurakai
/auraframefx/cascade/trinity/
TrinityCoordinatorService.kt:
111:49 Unresolved reference 
'processRequestFlow'.
e: file:///C:/Users/Wehtt/And
roidStudioProjects/regenesis/
app/src/main/java/dev/aurakai
/auraframefx/cascade/trinity/
TrinityCoordinatorService.kt:
111:77 Cannot infer type for 
type parameter 'T'. Specify 
it explicitly.
e: file:///C:/Users/Wehtt/And
roidStudioProjects/regenesis/
app/src/main/java/dev/aurakai
/auraframefx/cascade/trinity/
TrinityCoordinatorService.kt:
117:50 Unresolved reference 
'processRequestFlow'.
e: file:///C:/Users/Wehtt/And
roidStudioProjects/regenesis/
app/src/main/java/dev/aurakai
/auraframefx/cascade/trinity/
TrinityCoordinatorService.kt:
117:78 Cannot infer type for 
type parameter 'T'. Specify 
it explicitly.
e: file:///C:/Users/Wehtt/And
roidStudioProjects/regenesis/
app/src/main/java/dev/aurakai
/auraframefx/cascade/trinity/
TrinityCoordinatorService.kt:
123:50 Unresolved reference 
'processRequestFlow'.
e: file:///C:/Users/Wehtt/And
roidStudioProjects/regenesis/
app/src/main/java/dev/aurakai
/auraframefx/cascade/trinity/
TrinityCoordinatorService.kt:
123:78 Cannot infer type for 
type parameter 'T'. Specify 
it explicitly.
e: file:///C:/Users/Wehtt/And
roidStudioProjects/regenesis/
app/src/main/java/dev/aurakai
/auraframefx/cascade/trinity/
TrinityCoordinatorService.kt:
133:106 Unresolved reference 
'toJsonObject'.
e: file:///C:/Users/Wehtt/And
roidStudioProjects/regenesis/
app/src/main/java/dev/aurakai
/auraframefx/cascade/trinity/
TrinityCoordinatorService.kt:
143:52 Unresolved reference 
'processRequestFlow'.
e: file:///C:/Users/Wehtt/And
roidStudioProjects/regenesis/
app/src/main/java/dev/aurakai
/auraframefx/cascade/trinity/
TrinityCoordinatorService.kt:
143:80 Cannot infer type for 
type parameter 'T'. Specify 
it explicitly.
e: file:///C:/Users/Wehtt/And
roidStudioProjects/regenesis/
app/src/main/java/dev/aurakai
/auraframefx/cascade/trinity/
TrinityCoordinatorService.kt:
144:54 Unresolved reference 
'processRequestFlow'.
e: file:///C:/Users/Wehtt/And
roidStudioProjects/regenesis/
app/src/main/java/dev/aurakai
/auraframefx/cascade/trinity/
TrinityCoordinatorService.kt:
144:82 Cannot infer type for 
type parameter 'T'. Specify 
it explicitly.
e: file:///C:/Users/Wehtt/And
roidStudioProjects/regenesis/
app/src/main/java/dev/aurakai
/auraframefx/cascade/trinity/
TrinityCoordinatorService.kt:
161:106 Unresolved reference 
'toJsonObject'.
e: file:///C:/Users/Wehtt/And
roidStudioProjects/regenesis/
app/src/main/java/dev/aurakai
/auraframefx/cascade/trinity/
TrinityCoordinatorService.kt:
167:29 No value passed for 
parameter 'agent'.
e: file:///C:/Users/Wehtt/And
roidStudioProjects/regenesis/
app/src/main/java/dev/aurakai
/auraframefx/cascade/trinity/
TrinityCoordinatorService.kt:
178:21 No value passed for 
parameter 'agent'.
e: file:///C:/Users/Wehtt/And
roidStudioProjects/regenesis/
app/src/main/java/dev/aurakai
/auraframefx/cascade/trinity/
TrinityCoordinatorService.kt:
205:21 No value passed for 
parameter 'agent'.
e: file:///C:/Users/Wehtt/And
roidStudioProjects/regenesis/
app/src/main/java/dev/aurakai
/auraframefx/cascade/trinity/
TrinityCoordinatorService.kt:
212:21 No value passed for 
parameter 'agent'.
e: file:///C:/Users/Wehtt/And
roidStudioProjects/regenesis/
app/src/main/java/dev/aurakai
/auraframefx/cascade/trinity/
TrinityModule.kt:42:16 
Return type mismatch: 
expected 'KaiAIService', 
actual 'DefaultKaiAIService'.
e: file:///C:/Users/Wehtt/And
roidStudioProjects/regenesis/
app/src/main/java/dev/aurakai
/auraframefx/cascade/trinity/
TrinityModule.kt:88:28 
Argument type mismatch: 
actual type is 'dev.aurakai.a
uraframefx.oracledrive.genesi
s.ai.services.KaiAIService', 
but 'dev.aurakai.auraframefx.
kai.KaiAIService' was 
expected.
e: file:///C:/Users/Wehtt/And
roidStudioProjects/regenesis/
app/src/main/java/dev/aurakai
/auraframefx/cascade/trinity/
TrinityModule.kt:89:36 
Argument type mismatch: 
actual type is 'dev.aurakai.a
uraframefx.oracledrive.genesi
s.ai.services.GenesisBridgeSe
rvice', but 'dev.aurakai.aura
framefx.oracledrive.genesis.a
i.GenesisBridgeService' was 
expected.
e: file:///C:/Users/Wehtt/And
roidStudioProjects/regenesis/
app/src/main/java/dev/aurakai
/auraframefx/cascade/trinity/
TrinityModule.kt:91:13 No 
parameter with name 'logger' 
found.
e: file:///C:/Users/Wehtt/And
roidStudioProjects/regenesis/
app/src/main/java/dev/aurakai
/auraframefx/cascade/trinity/
TrinityRepository.kt:42:50 
Unresolved reference 
'getAgentStatus'.
e: file:///C:/Users/Wehtt/And
roidStudioProjects/regenesis/
app/src/main/java/dev/aurakai
/auraframefx/cascade/trinity/
TrinityRepository.kt:49:55 
Unresolved reference 
'AgentStatusResponse'.
e: file:///C:/Users/Wehtt/And
roidStudioProjects/regenesis/
app/src/main/java/dev/aurakai
/auraframefx/cascade/trinity/
TrinityRepository.kt:51:37 
Unresolved reference 
'agentName'.
e: file:///C:/Users/Wehtt/And
roidStudioProjects/regenesis/
app/src/main/java/dev/aurakai
/auraframefx/cascade/trinity/
TrinityRepository.kt:52:41 
Unresolved reference 
'confidence'.
e: file:///C:/Users/Wehtt/And
roidStudioProjects/regenesis/
app/src/main/java/dev/aurakai
/auraframefx/cascade/trinity/
TrinityRepository.kt:53:49 
Unresolved reference 
'timestamp'.
e: file:///C:/Users/Wehtt/And
roidStudioProjects/regenesis/
app/src/main/java/dev/aurakai
/auraframefx/cascade/trinity/
TrinityRepository.kt:54:41 
Unresolved reference 'error'.
e: file:///C:/Users/Wehtt/And
roidStudioProjects/regenesis/
app/src/main/java/dev/aurakai
/auraframefx/cascade/trinity/
TrinityRepository.kt:56:35 
Unresolved reference 'error'.
e: file:///C:/Users/Wehtt/And
roidStudioProjects/regenesis/
app/src/main/java/dev/aurakai
/auraframefx/cascade/trinity/
TrinityRepository.kt:57:38 
Unresolved reference 
'metadata'.
e: file:///C:/Users/Wehtt/And
roidStudioProjects/regenesis/
app/src/main/java/dev/aurakai
/auraframefx/cascade/trinity/
TrinityRepository.kt:63:50 
Unresolved reference 
'processAgentRequest'.
e: file:///C:/Users/Wehtt/And
roidStudioProjects/regenesis/
app/src/main/java/dev/aurakai
/auraframefx/di/AgentModule.k
t:13:32 Unresolved reference 
'model'.
e: file:///C:/Users/Wehtt/And
roidStudioProjects/regenesis/
app/src/main/java/dev/aurakai
/auraframefx/di/AgentModule.k
t:27:16 Return type 
mismatch: expected 
'MemoryManager', actual 
'DefaultMemoryManager'.
e: file:///C:/Users/Wehtt/And
roidStudioProjects/regenesis/
app/src/main/java/dev/aurakai
/auraframefx/di/AgentModule.k
t:33:16 Return type 
mismatch: expected 
'ContextManager', actual 
'DefaultContextManager'.
e: file:///C:/Users/Wehtt/And
roidStudioProjects/regenesis/
app/src/main/java/dev/aurakai
/auraframefx/di/AgentModule.k
t:33:38 Argument type 
mismatch: actual type is 'dev
.aurakai.auraframefx.ai.memor
y.MemoryManager', but 'dev.au
rakai.auraframefx.oracledrive
.genesis.ai.memory.MemoryMana
ger' was expected.
e: file:///C:/Users/Wehtt/And
roidStudioProjects/regenesis/
app/src/main/java/dev/aurakai
/auraframefx/di/AgentModule.k
t:52:25 Unresolved reference 
'AgentType'.
e: file:///C:/Users/Wehtt/And
roidStudioProjects/regenesis/
app/src/main/java/dev/aurakai
/auraframefx/di/AgentModule.k
t:70:13 No parameter with 
name 'agentType' found.
e: file:///C:/Users/Wehtt/And
roidStudioProjects/regenesis/
app/src/main/java/dev/aurakai
/auraframefx/di/AgentModule.k
t:70:25 Unresolved reference 
'AgentType'.
e: file:///C:/Users/Wehtt/And
roidStudioProjects/regenesis/
app/src/main/java/dev/aurakai
/auraframefx/di/AgentModule.k
t:71:13 No parameter with 
name 'kaiAIService' found.
e: file:///C:/Users/Wehtt/And
roidStudioProjects/regenesis/
app/src/main/java/dev/aurakai
/auraframefx/di/ContextModule
.kt:18:31 Argument type 
mismatch: actual type is 
'AuraFxLogger', but 
'MemoryManager' was expected.
e: file:///C:/Users/Wehtt/And
roidStudioProjects/regenesis/
app/src/main/java/dev/aurakai
/auraframefx/di/ContextModule
.kt:18:31 No value passed 
for parameter 'config'.
e: file:///C:/Users/Wehtt/And
roidStudioProjects/regenesis/
app/src/main/java/dev/aurakai
/auraframefx/di/NetworkModule
.kt:21:28 Unresolved 
reference 'gson'.
e: file:///C:/Users/Wehtt/And
roidStudioProjects/regenesis/
app/src/main/java/dev/aurakai
/auraframefx/di/NetworkModule
.kt:23:28 Unresolved 
reference 'scalars'.
e: file:///C:/Users/Wehtt/And
roidStudioProjects/regenesis/
app/src/main/java/dev/aurakai
/auraframefx/di/NetworkModule
.kt:82:34 Unresolved 
reference 
'ScalarsConverterFactory'.
e: file:///C:/Users/Wehtt/And
roidStudioProjects/regenesis/
app/src/main/java/dev/aurakai
/auraframefx/di/NetworkModule
.kt:84:34 Unresolved 
reference 
'GsonConverterFactory'.
e: file:///C:/Users/Wehtt/And
roidStudioProjects/regenesis/
app/src/main/java/dev/aurakai
/auraframefx/di/NeuralWhisper
Module.kt:25:30 No value 
passed for parameter 
'vertexAIClient'.
e: file:///C:/Users/Wehtt/And
roidStudioProjects/regenesis/
app/src/main/java/dev/aurakai
/auraframefx/di/OracleDriveMo
dule.kt:26:28 Unresolved 
reference 'gson'.
e: file:///C:/Users/Wehtt/And
roidStudioProjects/regenesis/
app/src/main/java/dev/aurakai
/auraframefx/di/OracleDriveMo
dule.kt:112:42 Unresolved 
reference 'getApiBaseUrl'.
e: file:///C:/Users/Wehtt/And
roidStudioProjects/regenesis/
app/src/main/java/dev/aurakai
/auraframefx/di/OracleDriveMo
dule.kt:113:18 Unresolved 
reference 'client'.
e: file:///C:/Users/Wehtt/And
roidStudioProjects/regenesis/
app/src/main/java/dev/aurakai
/auraframefx/di/OracleDriveMo
dule.kt:114:38 Unresolved 
reference 
'GsonConverterFactory'.
e: file:///C:/Users/Wehtt/And
roidStudioProjects/regenesis/
app/src/main/java/dev/aurakai
/auraframefx/di/SupportModule
.kt:22:28 Unresolved 
reference 'gson'.
e: file:///C:/Users/Wehtt/And
roidStudioProjects/regenesis/
app/src/main/java/dev/aurakai
/auraframefx/di/SupportModule
.kt:100:34 Unresolved 
reference 
'GsonConverterFactory'.
e: file:///C:/Users/Wehtt/And
roidStudioProjects/regenesis/
app/src/main/java/dev/aurakai
/auraframefx/di/TaskExecution
Module.kt:17:36 No value 
passed for parameter 
'auraAgent'.
e: file:///C:/Users/Wehtt/And
roidStudioProjects/regenesis/
app/src/main/java/dev/aurakai
/auraframefx/di/TaskExecution
Module.kt:17:36 No value 
passed for parameter 
'kaiAgent'.
e: file:///C:/Users/Wehtt/And
roidStudioProjects/regenesis/
app/src/main/java/dev/aurakai
/auraframefx/di/TaskExecution
Module.kt:17:36 No value 
passed for parameter 
'genesisAgent'.
e: file:///C:/Users/Wehtt/And
roidStudioProjects/regenesis/
app/src/main/java/dev/aurakai
/auraframefx/di/TaskExecution
Module.kt:17:36 No value 
passed for parameter 
'securityContext'.
e: file:///C:/Users/Wehtt/And
roidStudioProjects/regenesis/
app/src/main/java/dev/aurakai
/auraframefx/di/TaskExecution
Module.kt:17:36 No value 
passed for parameter 
'logger'.
e: file:///C:/Users/Wehtt/And
roidStudioProjects/regenesis/
app/src/main/java/dev/aurakai
/auraframefx/di/YukiHookModul
ePrefs.kt:10:91 Unresolved 
reference 
'YukiHookModulePrefs'.
e: file:///C:/Users/Wehtt/And
roidStudioProjects/regenesis/
app/src/main/java/dev/aurakai
/auraframefx/genesis/bridge/B
ridgeMemorySink.kt:11:107 
Unresolved reference 
'AgentMemoryEntity'.
e: file:///C:/Users/Wehtt/And
roidStudioProjects/regenesis/
app/src/main/java/dev/aurakai
/auraframefx/genesis/bridge/B
ridgeMemorySink.kt:34:8 
Return type of 'suspend fun q
ueryRelevantMemories(persona:
 Persona, contextTags: 
List<String>, limit: Int): 
List<MemoryEntity>' is not a 
subtype of the return type 
of the overridden member 
'suspend fun queryRelevantMem
ories(persona: Persona, 
contextTags: List<String>, 
limit: Int = ...): 
List<ERROR CLASS: Symbol not 
found for 
AgentMemoryEntity>' defined 
in 'dev.aurakai.auraframefx.g
enesis.bridge.BridgeMemorySin
k'.
e: file:///C:/Users/Wehtt/And
roidStudioProjects/regenesis/
app/src/main/java/dev/aurakai
/auraframefx/genesis/bridge/B
ridgeMemorySink.kt:35:72 
Unresolved reference 'first'.
e: file:///C:/Users/Wehtt/And
roidStudioProjects/regenesis/
app/src/main/java/dev/aurakai
/auraframefx/genesis/bridge/S
tdioGenesisBridge.kt:23:44 
Argument type mismatch: 
actual type is 'Exception', 
but 'String' was expected.
e: file:///C:/Users/Wehtt/And
roidStudioProjects/regenesis/
app/src/main/java/dev/aurakai
/auraframefx/genesis/bridge/S
tdioGenesisBridge.kt:88:47 
Argument type mismatch: 
actual type is 'Exception', 
but 'String' was expected.
e: file:///C:/Users/Wehtt/And
roidStudioProjects/regenesis/
app/src/main/java/dev/aurakai
/auraframefx/ipc/IAuraDriveSe
rvice.kt:10:11 Redeclaration:
interface IAuraDriveService 
: IInterface
interface IAuraDriveService 
: IInterface
e: file:///C:/Users/Wehtt/And
roidStudioProjects/regenesis/
app/src/main/java/dev/aurakai
/auraframefx/ipc/IAuraDriveSe
rvice.kt:48:20 Redeclaration:
class Stub : Binder, 
IAuraDriveService
class Stub : Binder, 
IAuraDriveService
e: file:///C:/Users/Wehtt/And
roidStudioProjects/regenesis/
app/src/main/java/dev/aurakai
/auraframefx/ipc/IAuraDriveSe
rvice.kt:60:24 Cannot create 
an instance of an abstract 
class.
e: file:///C:/Users/Wehtt/And
roidStudioProjects/regenesis/
app/src/main/java/dev/aurakai
/auraframefx/ipc/IAuraDriveSe
rvice.kt:64:32 Redeclaration:
class Proxy : 
IAuraDriveService
class Proxy : Any, 
IAuraDriveService
e: file:///C:/Users/Wehtt/And
roidStudioProjects/regenesis/
app/src/main/java/dev/aurakai
/auraframefx/kai/KaiAgent.kt:
109:35 Unresolved reference 
'SECURITY'.
e: file:///C:/Users/Wehtt/And
roidStudioProjects/regenesis/
app/src/main/java/dev/aurakai
/auraframefx/kai/KaiAgent.kt:
112:95 Unresolved reference 
'SECURITY'.
e: file:///C:/Users/Wehtt/And
roidStudioProjects/regenesis/
app/src/main/java/dev/aurakai
/auraframefx/models/AgentCapa
bilityCategory.kt:33:30 
Unresolved reference 
'CLAUDE'.
e: file:///C:/Users/Wehtt/And
roidStudioProjects/regenesis/
app/src/main/java/dev/aurakai
/auraframefx/models/AgentCapa
bilityCategory.kt:43:76 
'when' expression must be 
exhaustive. Add the 
'Genesis', 'Aura', 'Kai', 
'Cascade', 'Claude', 
'NeuralWhisper', 
'AuraShield', ... branches 
or an 'else' branch.
e: file:///C:/Users/Wehtt/And
roidStudioProjects/regenesis/
app/src/main/java/dev/aurakai
/auraframefx/models/AgentCapa
bilityCategory.kt:48:23 
Unresolved reference 
'CLAUDE'.
e: file:///C:/Users/Wehtt/And
roidStudioProjects/regenesis/
app/src/main/java/dev/aurakai
/auraframefx/models/AgentCapa
bilityCategory.kt:49:23 
Unresolved reference 
'NEURAL_WHISPER'.
e: file:///C:/Users/Wehtt/And
roidStudioProjects/regenesis/
app/src/main/java/dev/aurakai
/auraframefx/models/AgentCapa
bilityCategory.kt:50:23 
Unresolved reference 
'AURA_SHIELD'.
e: file:///C:/Users/Wehtt/And
roidStudioProjects/regenesis/
app/src/main/java/dev/aurakai
/auraframefx/models/AgentCapa
bilityCategory.kt:51:23 
Unresolved reference 
'GEN_KIT_MASTER'.
e: file:///C:/Users/Wehtt/And
roidStudioProjects/regenesis/
app/src/main/java/dev/aurakai
/auraframefx/models/AgentCapa
bilityCategory.kt:52:23 
Unresolved reference 
'DATAVEIN_CONSTRUCTOR'.
e: file:///C:/Users/Wehtt/And
roidStudioProjects/regenesis/
app/src/main/java/dev/aurakai
/auraframefx/models/AgentCapa
bilityCategory.kt:54:23 
Unresolved reference 
'GENERAL'.
e: file:///C:/Users/Wehtt/And
roidStudioProjects/regenesis/
app/src/main/java/dev/aurakai
/auraframefx/models/AgentResp
onse.kt:24:42 Unresolved 
reference 'SYSTEM'.
e: file:///C:/Users/Wehtt/And
roidStudioProjects/regenesis/
app/src/main/java/dev/aurakai
/auraframefx/models/AgentResp
onse.kt:42:42 Unresolved 
reference 'SYSTEM'.
e: file:///C:/Users/Wehtt/And
roidStudioProjects/regenesis/
app/src/main/java/dev/aurakai
/auraframefx/models/AgentResp
onse.kt:60:42 Unresolved 
reference 'SYSTEM'.
e: file:///C:/Users/Wehtt/And
roidStudioProjects/regenesis/
app/src/main/java/dev/aurakai
/auraframefx/models/AgentType
Extensions.kt:23:54 
Unresolved reference 
'CLAUDE'.
e: file:///C:/Users/Wehtt/And
roidStudioProjects/regenesis/
app/src/main/java/dev/aurakai
/auraframefx/models/AiRequest
.kt:14:31 Cannot infer type 
for type parameter 'K'. 
Specify it explicitly.
e: file:///C:/Users/Wehtt/And
roidStudioProjects/regenesis/
app/src/main/java/dev/aurakai
/auraframefx/models/AiRequest
.kt:14:31 Cannot infer type 
for type parameter 'V'. 
Specify it explicitly.
e: file:///C:/Users/Wehtt/And
roidStudioProjects/regenesis/
app/src/main/java/dev/aurakai
/auraframefx/models/AiRequest
.kt:14:31 Initializer type 
mismatch: expected 
'JsonObject', actual 
'Map<uninferred ERROR CLASS: 
Cannot infer argument for 
type parameter K, uninferred 
ERROR CLASS: Cannot infer 
argument for type parameter 
V>'.
e: file:///C:/Users/Wehtt/And
roidStudioProjects/regenesis/
app/src/main/java/dev/aurakai
/auraframefx/navigation/AppNa
vGraph.kt:66:9 Unresolved 
reference 'composable'.
e: file:///C:/Users/Wehtt/And
roidStudioProjects/regenesis/
app/src/main/java/dev/aurakai
/auraframefx/navigation/AppNa
vGraph.kt:67:13 @Composable 
invocations can only happen 
from the context of a 
@Composable function
e: file:///C:/Users/Wehtt/And
roidStudioProjects/regenesis/
app/src/main/java/dev/aurakai
/auraframefx/navigation/AppNa
vGraph.kt:70:9 Unresolved 
reference 'composable'.
e: file:///C:/Users/Wehtt/And
roidStudioProjects/regenesis/
app/src/main/java/dev/aurakai
/auraframefx/navigation/AppNa
vGraph.kt:71:13 @Composable 
invocations can only happen 
from the context of a 
@Composable function
e: file:///C:/Users/Wehtt/And
roidStudioProjects/regenesis/
app/src/main/java/dev/aurakai
/auraframefx/navigation/AppNa
vGraph.kt:74:9 Unresolved 
reference 'composable'.
e: file:///C:/Users/Wehtt/And
roidStudioProjects/regenesis/
app/src/main/java/dev/aurakai
/auraframefx/navigation/AppNa
vGraph.kt:75:13 @Composable 
invocations can only happen 
from the context of a 
@Composable function
e: file:///C:/Users/Wehtt/And
roidStudioProjects/regenesis/
app/src/main/java/dev/aurakai
/auraframefx/navigation/AppNa
vGraph.kt:78:9 Unresolved 
reference 'composable'.
e: file:///C:/Users/Wehtt/And
roidStudioProjects/regenesis/
app/src/main/java/dev/aurakai
/auraframefx/navigation/AppNa
vGraph.kt:79:13 @Composable 
invocations can only happen 
from the context of a 
@Composable function
e: file:///C:/Users/Wehtt/And
roidStudioProjects/regenesis/
app/src/main/java/dev/aurakai
/auraframefx/navigation/AppNa
vGraph.kt:86:9 Unresolved 
reference 'composable'.
e: file:///C:/Users/Wehtt/And
roidStudioProjects/regenesis/
app/src/main/java/dev/aurakai
/auraframefx/navigation/AppNa
vGraph.kt:87:13 @Composable 
invocations can only happen 
from the context of a 
@Composable function
e: file:///C:/Users/Wehtt/And
roidStudioProjects/regenesis/
app/src/main/java/dev/aurakai
/auraframefx/navigation/AppNa
vGraph.kt:94:9 Unresolved 
reference 'composable'.
e: file:///C:/Users/Wehtt/And
roidStudioProjects/regenesis/
app/src/main/java/dev/aurakai
/auraframefx/navigation/AppNa
vGraph.kt:95:13 @Composable 
invocations can only happen 
from the context of a 
@Composable function
e: file:///C:/Users/Wehtt/And
roidStudioProjects/regenesis/
app/src/main/java/dev/aurakai
/auraframefx/navigation/AppNa
vGraph.kt:98:9 Unresolved 
reference 'composable'.
e: file:///C:/Users/Wehtt/And
roidStudioProjects/regenesis/
app/src/main/java/dev/aurakai
/auraframefx/navigation/AppNa
vGraph.kt:99:13 @Composable 
invocations can only happen 
from the context of a 
@Composable function
e: file:///C:/Users/Wehtt/And
roidStudioProjects/regenesis/
app/src/main/java/dev/aurakai
/auraframefx/navigation/AppNa
vGraph.kt:102:9 Unresolved 
reference 'composable'.
e: file:///C:/Users/Wehtt/And
roidStudioProjects/regenesis/
app/src/main/java/dev/aurakai
/auraframefx/navigation/AppNa
vGraph.kt:103:13 @Composable 
invocations can only happen 
from the context of a 
@Composable function
e: file:///C:/Users/Wehtt/And
roidStudioProjects/regenesis/
app/src/main/java/dev/aurakai
/auraframefx/navigation/AppNa
vGraph.kt:106:9 Unresolved 
reference 'composable'.
e: file:///C:/Users/Wehtt/And
roidStudioProjects/regenesis/
app/src/main/java/dev/aurakai
/auraframefx/navigation/AppNa
vGraph.kt:107:13 @Composable 
invocations can only happen 
from the context of a 
@Composable function
e: file:///C:/Users/Wehtt/And
roidStudioProjects/regenesis/
app/src/main/java/dev/aurakai
/auraframefx/navigation/AppNa
vGraph.kt:110:9 Unresolved 
reference 'composable'.
e: file:///C:/Users/Wehtt/And
roidStudioProjects/regenesis/
app/src/main/java/dev/aurakai
/auraframefx/navigation/AppNa
vGraph.kt:111:13 @Composable 
invocations can only happen 
from the context of a 
@Composable function
e: file:///C:/Users/Wehtt/And
roidStudioProjects/regenesis/
app/src/main/java/dev/aurakai
/auraframefx/navigation/AppNa
vGraph.kt:116:9 Unresolved 
reference 'composable'.
e: file:///C:/Users/Wehtt/And
roidStudioProjects/regenesis/
app/src/main/java/dev/aurakai
/auraframefx/navigation/AppNa
vGraph.kt:117:13 @Composable 
invocations can only happen 
from the context of a 
@Composable function
e: file:///C:/Users/Wehtt/And
roidStudioProjects/regenesis/
app/src/main/java/dev/aurakai
/auraframefx/navigation/AppNa
vGraph.kt:120:9 Unresolved 
reference 'composable'.
e: file:///C:/Users/Wehtt/And
roidStudioProjects/regenesis/
app/src/main/java/dev/aurakai
/auraframefx/navigation/AppNa
vGraph.kt:121:13 @Composable 
invocations can only happen 
from the context of a 
@Composable function
e: file:///C:/Users/Wehtt/And
roidStudioProjects/regenesis/
app/src/main/java/dev/aurakai
/auraframefx/navigation/AppNa
vGraph.kt:124:9 Unresolved 
reference 'composable'.
e: file:///C:/Users/Wehtt/And
roidStudioProjects/regenesis/
app/src/main/java/dev/aurakai
/auraframefx/navigation/AppNa
vGraph.kt:125:13 @Composable 
invocations can only happen 
from the context of a 
@Composable function
e: file:///C:/Users/Wehtt/And
roidStudioProjects/regenesis/
app/src/main/java/dev/aurakai
/auraframefx/navigation/AppNa
vGraph.kt:128:9 Unresolved 
reference 'composable'.
e: file:///C:/Users/Wehtt/And
roidStudioProjects/regenesis/
app/src/main/java/dev/aurakai
/auraframefx/navigation/AppNa
vGraph.kt:129:13 @Composable 
invocations can only happen 
from the context of a 
@Composable function
e: file:///C:/Users/Wehtt/And
roidStudioProjects/regenesis/
app/src/main/java/dev/aurakai
/auraframefx/navigation/AppNa
vGraph.kt:132:9 Unresolved 
reference 'composable'.
e: file:///C:/Users/Wehtt/And
roidStudioProjects/regenesis/
app/src/main/java/dev/aurakai
/auraframefx/navigation/AppNa
vGraph.kt:133:13 @Composable 
invocations can only happen 
from the context of a 
@Composable function
e: file:///C:/Users/Wehtt/And
roidStudioProjects/regenesis/
app/src/main/java/dev/aurakai
/auraframefx/navigation/AppNa
vGraph.kt:138:9 Unresolved 
reference 'composable'.
e: file:///C:/Users/Wehtt/And
roidStudioProjects/regenesis/
app/src/main/java/dev/aurakai
/auraframefx/navigation/AppNa
vGraph.kt:139:13 @Composable 
invocations can only happen 
from the context of a 
@Composable function
e: file:///C:/Users/Wehtt/And
roidStudioProjects/regenesis/
app/src/main/java/dev/aurakai
/auraframefx/navigation/AppNa
vGraph.kt:142:9 Unresolved 
reference 'composable'.
e: file:///C:/Users/Wehtt/And
roidStudioProjects/regenesis/
app/src/main/java/dev/aurakai
/auraframefx/navigation/AppNa
vGraph.kt:143:13 @Composable 
invocations can only happen 
from the context of a 
@Composable function
e: file:///C:/Users/Wehtt/And
roidStudioProjects/regenesis/
app/src/main/java/dev/aurakai
/auraframefx/navigation/AppNa
vGraph.kt:148:9 Unresolved 
reference 'composable'.
e: file:///C:/Users/Wehtt/And
roidStudioProjects/regenesis/
app/src/main/java/dev/aurakai
/auraframefx/navigation/AppNa
vGraph.kt:149:13 @Composable 
invocations can only happen 
from the context of a 
@Composable function
e: file:///C:/Users/Wehtt/And
roidStudioProjects/regenesis/
app/src/main/java/dev/aurakai
/auraframefx/navigation/AppNa
vGraph.kt:152:9 Unresolved 
reference 'composable'.
e: file:///C:/Users/Wehtt/And
roidStudioProjects/regenesis/
app/src/main/java/dev/aurakai
/auraframefx/navigation/AppNa
vGraph.kt:153:13 @Composable 
invocations can only happen 
from the context of a 
@Composable function
e: file:///C:/Users/Wehtt/And
roidStudioProjects/regenesis/
app/src/main/java/dev/aurakai
/auraframefx/navigation/AppNa
vGraph.kt:156:9 Unresolved 
reference 'composable'.
e: file:///C:/Users/Wehtt/And
roidStudioProjects/regenesis/
app/src/main/java/dev/aurakai
/auraframefx/navigation/AppNa
vGraph.kt:157:13 @Composable 
invocations can only happen 
from the context of a 
@Composable function
e: file:///C:/Users/Wehtt/And
roidStudioProjects/regenesis/
app/src/main/java/dev/aurakai
/auraframefx/navigation/AppNa
vGraph.kt:160:9 Unresolved 
reference 'composable'.
e: file:///C:/Users/Wehtt/And
roidStudioProjects/regenesis/
app/src/main/java/dev/aurakai
/auraframefx/navigation/AppNa
vGraph.kt:161:13 @Composable 
invocations can only happen 
from the context of a 
@Composable function
e: file:///C:/Users/Wehtt/And
roidStudioProjects/regenesis/
app/src/main/java/dev/aurakai
/auraframefx/navigation/AppNa
vGraph.kt:164:9 Unresolved 
reference 'composable'.
e: file:///C:/Users/Wehtt/And
roidStudioProjects/regenesis/
app/src/main/java/dev/aurakai
/auraframefx/navigation/AppNa
vGraph.kt:165:13 @Composable 
invocations can only happen 
from the context of a 
@Composable function
e: file:///C:/Users/Wehtt/And
roidStudioProjects/regenesis/
app/src/main/java/dev/aurakai
/auraframefx/navigation/AppNa
vGraph.kt:170:9 Unresolved 
reference 'composable'.
e: file:///C:/Users/Wehtt/And
roidStudioProjects/regenesis/
app/src/main/java/dev/aurakai
/auraframefx/navigation/AppNa
vGraph.kt:171:13 @Composable 
invocations can only happen 
from the context of a 
@Composable function
e: file:///C:/Users/Wehtt/And
roidStudioProjects/regenesis/
app/src/main/java/dev/aurakai
/auraframefx/navigation/AppNa
vGraph.kt:174:9 Unresolved 
reference 'composable'.
e: file:///C:/Users/Wehtt/And
roidStudioProjects/regenesis/
app/src/main/java/dev/aurakai
/auraframefx/navigation/AppNa
vGraph.kt:175:13 @Composable 
invocations can only happen 
from the context of a 
@Composable function
e: file:///C:/Users/Wehtt/And
roidStudioProjects/regenesis/
app/src/main/java/dev/aurakai
/auraframefx/navigation/AppNa
vGraph.kt:178:9 Unresolved 
reference 'composable'.
e: file:///C:/Users/Wehtt/And
roidStudioProjects/regenesis/
app/src/main/java/dev/aurakai
/auraframefx/navigation/AppNa
vGraph.kt:179:13 @Composable 
invocations can only happen 
from the context of a 
@Composable function
e: file:///C:/Users/Wehtt/And
roidStudioProjects/regenesis/
app/src/main/java/dev/aurakai
/auraframefx/navigation/AppNa
vGraph.kt:182:9 Unresolved 
reference 'composable'.
e: file:///C:/Users/Wehtt/And
roidStudioProjects/regenesis/
app/src/main/java/dev/aurakai
/auraframefx/navigation/AppNa
vGraph.kt:183:13 @Composable 
invocations can only happen 
from the context of a 
@Composable function
e: file:///C:/Users/Wehtt/And
roidStudioProjects/regenesis/
app/src/main/java/dev/aurakai
/auraframefx/navigation/AppNa
vGraph.kt:186:9 Unresolved 
reference 'composable'.
e: file:///C:/Users/Wehtt/And
roidStudioProjects/regenesis/
app/src/main/java/dev/aurakai
/auraframefx/navigation/AppNa
vGraph.kt:187:13 @Composable 
invocations can only happen 
from the context of a 
@Composable function
e: file:///C:/Users/Wehtt/And
roidStudioProjects/regenesis/
app/src/main/java/dev/aurakai
/auraframefx/navigation/AppNa
vGraph.kt:190:9 Unresolved 
reference 'composable'.
e: file:///C:/Users/Wehtt/And
roidStudioProjects/regenesis/
app/src/main/java/dev/aurakai
/auraframefx/navigation/AppNa
vGraph.kt:191:13 @Composable 
invocations can only happen 
from the context of a 
@Composable function
e: file:///C:/Users/Wehtt/And
roidStudioProjects/regenesis/
app/src/main/java/dev/aurakai
/auraframefx/navigation/AppNa
vGraph.kt:196:9 Unresolved 
reference 'composable'.
e: file:///C:/Users/Wehtt/And
roidStudioProjects/regenesis/
app/src/main/java/dev/aurakai
/auraframefx/navigation/AppNa
vGraph.kt:197:13 @Composable 
invocations can only happen 
from the context of a 
@Composable function
e: file:///C:/Users/Wehtt/And
roidStudioProjects/regenesis/
app/src/main/java/dev/aurakai
/auraframefx/navigation/AppNa
vGraph.kt:200:9 Unresolved 
reference 'composable'.
e: file:///C:/Users/Wehtt/And
roidStudioProjects/regenesis/
app/src/main/java/dev/aurakai
/auraframefx/navigation/AppNa
vGraph.kt:201:13 @Composable 
invocations can only happen 
from the context of a 
@Composable function
e: file:///C:/Users/Wehtt/And
roidStudioProjects/regenesis/
app/src/main/java/dev/aurakai
/auraframefx/navigation/AppNa
vGraph.kt:204:9 Unresolved 
reference 'composable'.
e: file:///C:/Users/Wehtt/And
roidStudioProjects/regenesis/
app/src/main/java/dev/aurakai
/auraframefx/navigation/AppNa
vGraph.kt:205:13 @Composable 
invocations can only happen 
from the context of a 
@Composable function
e: file:///C:/Users/Wehtt/And
roidStudioProjects/regenesis/
app/src/main/java/dev/aurakai
/auraframefx/navigation/AppNa
vGraph.kt:208:9 Unresolved 
reference 'composable'.
e: file:///C:/Users/Wehtt/And
roidStudioProjects/regenesis/
app/src/main/java/dev/aurakai
/auraframefx/navigation/AppNa
vGraph.kt:209:13 @Composable 
invocations can only happen 
from the context of a 
@Composable function
e: file:///C:/Users/Wehtt/And
roidStudioProjects/regenesis/
app/src/main/java/dev/aurakai
/auraframefx/navigation/AppNa
vGraph.kt:212:9 Unresolved 
reference 'composable'.
e: file:///C:/Users/Wehtt/And
roidStudioProjects/regenesis/
app/src/main/java/dev/aurakai
/auraframefx/navigation/AppNa
vGraph.kt:213:13 @Composable 
invocations can only happen 
from the context of a 
@Composable function
e: file:///C:/Users/Wehtt/And
roidStudioProjects/regenesis/
app/src/main/java/dev/aurakai
/auraframefx/navigation/AppNa
vGraph.kt:216:9 Unresolved 
reference 'composable'.
e: file:///C:/Users/Wehtt/And
roidStudioProjects/regenesis/
app/src/main/java/dev/aurakai
/auraframefx/navigation/AppNa
vGraph.kt:217:13 @Composable 
invocations can only happen 
from the context of a 
@Composable function
e: file:///C:/Users/Wehtt/And
roidStudioProjects/regenesis/
app/src/main/java/dev/aurakai
/auraframefx/navigation/AppNa
vGraph.kt:220:9 Unresolved 
reference 'composable'.
e: file:///C:/Users/Wehtt/And
roidStudioProjects/regenesis/
app/src/main/java/dev/aurakai
/auraframefx/navigation/AppNa
vGraph.kt:221:13 @Composable 
invocations can only happen 
from the context of a 
@Composable function
e: file:///C:/Users/Wehtt/And
roidStudioProjects/regenesis/
app/src/main/java/dev/aurakai
/auraframefx/navigation/AppNa
vGraph.kt:224:9 Unresolved 
reference 'composable'.
e: file:///C:/Users/Wehtt/And
roidStudioProjects/regenesis/
app/src/main/java/dev/aurakai
/auraframefx/navigation/AppNa
vGraph.kt:225:13 @Composable 
invocations can only happen 
from the context of a 
@Composable function
e: file:///C:/Users/Wehtt/And
roidStudioProjects/regenesis/
app/src/main/java/dev/aurakai
/auraframefx/navigation/AppNa
vGraph.kt:230:9 Unresolved 
reference 'composable'.
e: file:///C:/Users/Wehtt/And
roidStudioProjects/regenesis/
app/src/main/java/dev/aurakai
/auraframefx/navigation/AppNa
vGraph.kt:231:13 @Composable 
invocations can only happen 
from the context of a 
@Composable function
e: file:///C:/Users/Wehtt/And
roidStudioProjects/regenesis/
app/src/main/java/dev/aurakai
/auraframefx/navigation/AppNa
vGraph.kt:234:9 Unresolved 
reference 'composable'.
e: file:///C:/Users/Wehtt/And
roidStudioProjects/regenesis/
app/src/main/java/dev/aurakai
/auraframefx/navigation/AppNa
vGraph.kt:237:13 @Composable 
invocations can only happen 
from the context of a 
@Composable function
e: file:///C:/Users/Wehtt/And
roidStudioProjects/regenesis/
app/src/main/java/dev/aurakai
/auraframefx/navigation/AppNa
vGraph.kt:237:13 To call 
contextual declarations, 
specify the 
'-Xcontext-parameters' 
compiler option.
e: file:///C:/Users/Wehtt/And
roidStudioProjects/regenesis/
app/src/main/java/dev/aurakai
/auraframefx/navigation/AppNa
vGraph.kt:240:9 Unresolved 
reference 'composable'.
e: file:///C:/Users/Wehtt/And
roidStudioProjects/regenesis/
app/src/main/java/dev/aurakai
/auraframefx/navigation/AppNa
vGraph.kt:241:13 @Composable 
invocations can only happen 
from the context of a 
@Composable function
e: file:///C:/Users/Wehtt/And
roidStudioProjects/regenesis/
app/src/main/java/dev/aurakai
/auraframefx/navigation/AppNa
vGraph.kt:244:9 Unresolved 
reference 'composable'.
e: file:///C:/Users/Wehtt/And
roidStudioProjects/regenesis/
app/src/main/java/dev/aurakai
/auraframefx/navigation/AppNa
vGraph.kt:245:13 @Composable 
invocations can only happen 
from the context of a 
@Composable function
e: file:///C:/Users/Wehtt/And
roidStudioProjects/regenesis/
app/src/main/java/dev/aurakai
/auraframefx/navigation/AppNa
vGraph.kt:248:9 Unresolved 
reference 'composable'.
e: file:///C:/Users/Wehtt/And
roidStudioProjects/regenesis/
app/src/main/java/dev/aurakai
/auraframefx/navigation/AppNa
vGraph.kt:249:13 @Composable 
invocations can only happen 
from the context of a 
@Composable function
e: file:///C:/Users/Wehtt/And
roidStudioProjects/regenesis/
app/src/main/java/dev/aurakai
/auraframefx/navigation/AppNa
vGraph.kt:254:9 Unresolved 
reference 'composable'.
e: file:///C:/Users/Wehtt/And
roidStudioProjects/regenesis/
app/src/main/java/dev/aurakai
/auraframefx/navigation/AppNa
vGraph.kt:255:13 @Composable 
invocations can only happen 
from the context of a 
@Composable function
e: file:///C:/Users/Wehtt/And
roidStudioProjects/regenesis/
app/src/main/java/dev/aurakai
/auraframefx/navigation/AppNa
vGraph.kt:260:9 Unresolved 
reference 'composable'.
e: file:///C:/Users/Wehtt/And
roidStudioProjects/regenesis/
app/src/main/java/dev/aurakai
/auraframefx/navigation/AppNa
vGraph.kt:262:13 @Composable 
invocations can only happen 
from the context of a 
@Composable function
e: file:///C:/Users/Wehtt/And
roidStudioProjects/regenesis/
app/src/main/java/dev/aurakai
/auraframefx/navigation/AppNa
vGraph.kt:276:9 Unresolved 
reference 'composable'.
e: file:///C:/Users/Wehtt/And
roidStudioProjects/regenesis/
app/src/main/java/dev/aurakai
/auraframefx/navigation/AppNa
vGraph.kt:277:13 @Composable 
invocations can only happen 
from the context of a 
@Composable function
e: file:///C:/Users/Wehtt/And
roidStudioProjects/regenesis/
app/src/main/java/dev/aurakai
/auraframefx/navigation/AppNa
vGraph.kt:287:9 Unresolved 
reference 'composable'.
e: file:///C:/Users/Wehtt/And
roidStudioProjects/regenesis/
app/src/main/java/dev/aurakai
/auraframefx/navigation/AppNa
vGraph.kt:288:13 @Composable 
invocations can only happen 
from the context of a 
@Composable function
e: file:///C:/Users/Wehtt/And
roidStudioProjects/regenesis/
app/src/main/java/dev/aurakai
/auraframefx/navigation/Confe
renceRoomScreen.kt:17:41 
Unresolved reference 
'NeonBlue'.
e: file:///C:/Users/Wehtt/And
roidStudioProjects/regenesis/
app/src/main/java/dev/aurakai
/auraframefx/navigation/Confe
renceRoomScreen.kt:18:41 
Unresolved reference 
'NeonPurple'.
e: file:///C:/Users/Wehtt/And
roidStudioProjects/regenesis/
app/src/main/java/dev/aurakai
/auraframefx/navigation/Confe
renceRoomScreen.kt:19:41 
Unresolved reference 
'NeonTeal'.
e: file:///C:/Users/Wehtt/And
roidStudioProjects/regenesis/
app/src/main/java/dev/aurakai
/auraframefx/navigation/Confe
renceRoomScreen.kt:61:25 
Unresolved reference 
'NeonTeal'.
e: file:///C:/Users/Wehtt/And
roidStudioProjects/regenesis/
app/src/main/java/dev/aurakai
/auraframefx/navigation/Confe
renceRoomScreen.kt:74:28 
Unresolved reference 
'NeonPurple'.
e: file:///C:/Users/Wehtt/And
roidStudioProjects/regenesis/
app/src/main/java/dev/aurakai
/auraframefx/navigation/Confe
renceRoomScreen.kt:149:45 
Unresolved reference 
'NeonTeal'.
e: file:///C:/Users/Wehtt/And
roidStudioProjects/regenesis/
app/src/main/java/dev/aurakai
/auraframefx/navigation/Confe
renceRoomScreen.kt:150:47 
Unresolved reference 
'NeonTeal'.
e: file:///C:/Users/Wehtt/And
roidStudioProjects/regenesis/
app/src/main/java/dev/aurakai
/auraframefx/navigation/Confe
renceRoomScreen.kt:170:28 
Unresolved reference 
'NeonBlue'.
e: file:///C:/Users/Wehtt/And
roidStudioProjects/regenesis/
app/src/main/java/dev/aurakai
/auraframefx/navigation/Confe
renceRoomScreen.kt:192:43 
Unresolved reference 
'NeonTeal'.
e: file:///C:/Users/Wehtt/And
roidStudioProjects/regenesis/
app/src/main/java/dev/aurakai
/auraframefx/navigation/Confe
renceRoomScreen.kt:193:57 
Unresolved reference 
'NeonTeal'.
e: file:///C:/Users/Wehtt/And
roidStudioProjects/regenesis/
app/src/main/java/dev/aurakai
/auraframefx/navigation/Confe
renceRoomScreen.kt:231:49 
Unresolved reference 
'NeonPurple'.
e: file:///C:/Users/Wehtt/And
roidStudioProjects/regenesis/
app/src/main/java/dev/aurakai
/auraframefx/navigation/Confe
renceRoomScreen.kt:261:52 
Unresolved reference 
'NeonBlue'.
e: file:///C:/Users/Wehtt/And
roidStudioProjects/regenesis/
app/src/main/java/dev/aurakai
/auraframefx/navigation/Confe
renceRoomScreen.kt:300:19 
Unresolved reference 
'NeonPurple'.
e: file:///C:/Users/Wehtt/And
roidStudioProjects/regenesis/
app/src/main/java/dev/aurakai
/auraframefx/navigation/Confe
renceRoomScreen.kt:301:18 
Unresolved reference 
'NeonTeal'.
e: file:///C:/Users/Wehtt/And
roidStudioProjects/regenesis/
app/src/main/java/dev/aurakai
/auraframefx/navigation/Confe
renceRoomScreen.kt:302:22 
Unresolved reference 
'NeonBlue'.
e: file:///C:/Users/Wehtt/And
roidStudioProjects/regenesis/
app/src/main/java/dev/aurakai
/auraframefx/navigation/Genes
isNavigation.kt:202:17 
Unresolved reference 
'AuraLabScreen'.
e: file:///C:/Users/Wehtt/And
roidStudioProjects/regenesis/
app/src/main/java/dev/aurakai
/auraframefx/navigation/Genes
isNavigation.kt:221:17 
Unresolved reference 
'AgentHubSubmenuScreen'.
e: file:///C:/Users/Wehtt/And
roidStudioProjects/regenesis/
app/src/main/java/dev/aurakai
/auraframefx/navigation/Genes
isNavigation.kt:227:17 
Unresolved reference 
'XposedQuickAccessPanel'.
e: file:///C:/Users/Wehtt/And
roidStudioProjects/regenesis/
app/src/main/java/dev/aurakai
/auraframefx/navigation/Genes
isNavigation.kt:233:17 
Unresolved reference 
'CollabCanvasScreen'.
e: file:///C:/Users/Wehtt/And
roidStudioProjects/regenesis/
app/src/main/java/dev/aurakai
/auraframefx/navigation/Genes
isNavigation.kt:236:17 
Unresolved reference 
'CollabCanvasScreen'.
e: file:///C:/Users/Wehtt/And
roidStudioProjects/regenesis/
app/src/main/java/dev/aurakai
/auraframefx/navigation/Genes
isNavigation.kt:285:17 
Unresolved reference 
'ThemeEngineSubmenuScreen'.
e: file:///C:/Users/Wehtt/And
roidStudioProjects/regenesis/
app/src/main/java/dev/aurakai
/auraframefx/navigation/Genes
isNavigation.kt:325:21 To 
call contextual 
declarations, specify the 
'-Xcontext-parameters' 
compiler option.
e: file:///C:/Users/Wehtt/And
roidStudioProjects/regenesis/
app/src/main/java/dev/aurakai
/auraframefx/navigation/Genes
isNavigation.kt:333:21 To 
call contextual 
declarations, specify the 
'-Xcontext-parameters' 
compiler option.
e: file:///C:/Users/Wehtt/And
roidStudioProjects/regenesis/
app/src/main/java/dev/aurakai
/auraframefx/navigation/Genes
isNavigation.kt:403:21 To 
call contextual 
declarations, specify the 
'-Xcontext-parameters' 
compiler option.
e: file:///C:/Users/Wehtt/And
roidStudioProjects/regenesis/
app/src/main/java/dev/aurakai
/auraframefx/navigation/NavDe
stination.kt:95:9 Property 
must be initialized or be 
abstract.
e: file:///C:/Users/Wehtt/And
roidStudioProjects/regenesis/
app/src/main/java/dev/aurakai
/auraframefx/network/AuraApiS
ervice.kt:16:28 Unresolved 
reference 'gson'.
e: file:///C:/Users/Wehtt/And
roidStudioProjects/regenesis/
app/src/main/java/dev/aurakai
/auraframefx/network/AuraApiS
ervice.kt:18:28 Unresolved 
reference 'scalars'.
e: file:///C:/Users/Wehtt/And
roidStudioProjects/regenesis/
app/src/main/java/dev/aurakai
/auraframefx/network/AuraApiS
ervice.kt:57:30 Unresolved 
reference 
'ScalarsConverterFactory'.
e: file:///C:/Users/Wehtt/And
roidStudioProjects/regenesis/
app/src/main/java/dev/aurakai
/auraframefx/network/AuraApiS
ervice.kt:59:30 Unresolved 
reference 
'GsonConverterFactory'.
e: file:///C:/Users/Wehtt/And
roidStudioProjects/regenesis/
app/src/main/java/dev/aurakai
/auraframefx/network/model/Ap
iImplementations.kt:28:1 
Class 'AIAgentApiImpl' is 
not abstract and does not 
implement abstract member:
suspend fun health(): Unit
e: file:///C:/Users/Wehtt/And
roidStudioProjects/regenesis/
app/src/main/java/dev/aurakai
/auraframefx/network/model/Ap
iImplementations.kt:29:5 
'getAgentStatus' overrides 
nothing.
e: file:///C:/Users/Wehtt/And
roidStudioProjects/regenesis/
app/src/main/java/dev/aurakai
/auraframefx/network/model/Ap
iImplementations.kt:29:61 
Unresolved reference 
'AgentResponse'.
e: file:///C:/Users/Wehtt/And
roidStudioProjects/regenesis/
app/src/main/java/dev/aurakai
/auraframefx/network/model/Ap
iImplementations.kt:31:16 
Unresolved reference 
'AgentResponse'.
e: file:///C:/Users/Wehtt/And
roidStudioProjects/regenesis/
app/src/main/java/dev/aurakai
/auraframefx/network/model/Ap
iImplementations.kt:38:5 
'processRequest' overrides 
nothing.
e: file:///C:/Users/Wehtt/And
roidStudioProjects/regenesis/
app/src/main/java/dev/aurakai
/auraframefx/network/model/Ap
iImplementations.kt:38:69 
Unresolved reference 
'AgentRequest'.
e: file:///C:/Users/Wehtt/And
roidStudioProjects/regenesis/
app/src/main/java/dev/aurakai
/auraframefx/network/model/Ap
iImplementations.kt:38:84 
Unresolved reference 
'AgentResponse'.
e: file:///C:/Users/Wehtt/And
roidStudioProjects/regenesis/
app/src/main/java/dev/aurakai
/auraframefx/network/model/Ap
iImplementations.kt:40:16 
Unresolved reference 
'AgentResponse'.
e: file:///C:/Users/Wehtt/And
roidStudioProjects/regenesis/
app/src/main/java/dev/aurakai
/auraframefx/network/model/Ap
iImplementations.kt:44:28 
Unresolved reference 'data'.
e: file:///C:/Users/Wehtt/And
roidStudioProjects/regenesis/
app/src/main/java/dev/aurakai
/auraframefx/network/model/Ap
iImplementations.kt:44:33 
Cannot infer type for type 
parameter 'K'. Specify it 
explicitly.
e: file:///C:/Users/Wehtt/And
roidStudioProjects/regenesis/
app/src/main/java/dev/aurakai
/auraframefx/network/model/Ap
iImplementations.kt:44:45 
The type of a receiver 
hasn't been inferred yet. 
Specify type argument for 
generic parameter 'V' of 
'mapValues' explicitly.
e: file:///C:/Users/Wehtt/And
roidStudioProjects/regenesis/
app/src/main/java/dev/aurakai
/auraframefx/oracledrive/File
Operation.kt:9:33 Unresolved 
reference 'SyncConfig'.
e: file:///C:/Users/Wehtt/And
roidStudioProjects/regenesis/
app/src/main/java/dev/aurakai
/auraframefx/oracledrive/Orac
leDriveAgent.kt:22:6 Class 
'OracleDriveAgent' is not 
abstract and does not 
implement abstract member:
suspend fun 
processRequest(request: 
AiRequest, context: String, 
agentType: AgentType): 
AgentResponse
e: file:///C:/Users/Wehtt/And
roidStudioProjects/regenesis/
app/src/main/java/dev/aurakai
/auraframefx/oracledrive/Orac
leDriveManager.kt:54:32 
Unresolved reference 
'isValid'.
e: file:///C:/Users/Wehtt/And
roidStudioProjects/regenesis/
app/src/main/java/dev/aurakai
/auraframefx/oracledrive/Orac
leDriveManager.kt:55:77 
Unresolved reference 
'reason'.
e: file:///C:/Users/Wehtt/And
roidStudioProjects/regenesis/
app/src/main/java/dev/aurakai
/auraframefx/oracledrive/Orac
leDriveServiceImpl.kt:25:1 
Class 
'OracleDriveServiceImpl' is 
not abstract and does not 
implement abstract member:
suspend fun 
manageFiles(operation: 
FileOperation): FileResult
e: file:///C:/Users/Wehtt/And
roidStudioProjects/regenesis/
app/src/main/java/dev/aurakai
/auraframefx/oracledrive/Orac
leDriveServiceImpl.kt:33:44 
Cannot infer type for type 
parameter 'T'. Specify it 
explicitly.
e: file:///C:/Users/Wehtt/And
roidStudioProjects/regenesis/
app/src/main/java/dev/aurakai
/auraframefx/oracledrive/Orac
leDriveServiceImpl.kt:34:9 
Unresolved reference 
'DriveConsciousnessState'.
e: file:///C:/Users/Wehtt/And
roidStudioProjects/regenesis/
app/src/main/java/dev/aurakai
/auraframefx/oracledrive/Orac
leDriveServiceImpl.kt:36:33 
Cannot infer type for type 
parameter 'T'. Specify it 
explicitly.
e: file:///C:/Users/Wehtt/And
roidStudioProjects/regenesis/
app/src/main/java/dev/aurakai
/auraframefx/oracledrive/Orac
leDriveServiceImpl.kt:37:34 
Cannot infer type for type 
parameter 'K'. Specify it 
explicitly.
e: file:///C:/Users/Wehtt/And
roidStudioProjects/regenesis/
app/src/main/java/dev/aurakai
/auraframefx/oracledrive/Orac
leDriveServiceImpl.kt:37:34 
Cannot infer type for type 
parameter 'V'. Specify it 
explicitly.
e: file:///C:/Users/Wehtt/And
roidStudioProjects/regenesis/
app/src/main/java/dev/aurakai
/auraframefx/oracledrive/Orac
leDriveServiceImpl.kt:62:45 
Unresolved reference 
'DriveInitResult'.
e: file:///C:/Users/Wehtt/And
roidStudioProjects/regenesis/
app/src/main/java/dev/aurakai
/auraframefx/oracledrive/Orac
leDriveServiceImpl.kt:65:33 
Unresolved reference 
'DriveConsciousness'.
e: file:///C:/Users/Wehtt/And
roidStudioProjects/regenesis/
app/src/main/java/dev/aurakai
/auraframefx/oracledrive/Orac
leDriveServiceImpl.kt:72:32 
Unresolved reference 
'StorageOptimization'.
e: file:///C:/Users/Wehtt/And
roidStudioProjects/regenesis/
app/src/main/java/dev/aurakai
/auraframefx/oracledrive/Orac
leDriveServiceImpl.kt:79:46 
Unresolved reference 
'DriveConsciousnessState'.
e: file:///C:/Users/Wehtt/And
roidStudioProjects/regenesis/
app/src/main/java/dev/aurakai
/auraframefx/oracledrive/Orac
leDriveServiceImpl.kt:82:38 
Cannot infer type for type 
parameter 'V'. Specify it 
explicitly.
e: file:///C:/Users/Wehtt/And
roidStudioProjects/regenesis/
app/src/main/java/dev/aurakai
/auraframefx/oracledrive/Orac
leDriveServiceImpl.kt:83:40 
Cannot infer type for type 
parameter 'B'. Specify it 
explicitly.
e: file:///C:/Users/Wehtt/And
roidStudioProjects/regenesis/
app/src/main/java/dev/aurakai
/auraframefx/oracledrive/Orac
leDriveServiceImpl.kt:84:39 
Cannot infer type for type 
parameter 'B'. Specify it 
explicitly.
e: file:///C:/Users/Wehtt/And
roidStudioProjects/regenesis/
app/src/main/java/dev/aurakai
/auraframefx/oracledrive/Orac
leDriveServiceImpl.kt:88:13 
Unresolved reference 
'DriveInitResult'.
e: file:///C:/Users/Wehtt/And
roidStudioProjects/regenesis/
app/src/main/java/dev/aurakai
/auraframefx/oracledrive/Orac
leDriveServiceImpl.kt:90:13 
Unresolved reference 
'DriveInitResult'.
e: file:///C:/Users/Wehtt/And
roidStudioProjects/regenesis/
app/src/main/java/dev/aurakai
/auraframefx/oracledrive/Orac
leDriveServiceImpl.kt:103:5 
'manageFiles' overrides 
nothing. Potential 
signatures for overriding:
suspend fun 
manageFiles(operation: 
FileOperation): FileResult
e: file:///C:/Users/Wehtt/And
roidStudioProjects/regenesis/
app/src/main/java/dev/aurakai
/auraframefx/oracledrive/Orac
leDriveServiceImpl.kt:103:65 
Unresolved reference 
'FileResult'.
e: file:///C:/Users/Wehtt/And
roidStudioProjects/regenesis/
app/src/main/java/dev/aurakai
/auraframefx/oracledrive/Orac
leDriveServiceImpl.kt:106:61 
Unresolved reference 
'currentOperations'.
e: file:///C:/Users/Wehtt/And
roidStudioProjects/regenesis/
app/src/main/java/dev/aurakai
/auraframefx/oracledrive/Orac
leDriveServiceImpl.kt:110:32 
Unresolved reference 'add'.
e: file:///C:/Users/Wehtt/And
roidStudioProjects/regenesis/
app/src/main/java/dev/aurakai
/auraframefx/oracledrive/Orac
leDriveServiceImpl.kt:111:85 
Unresolved reference 'copy'.
e: file:///C:/Users/Wehtt/And
roidStudioProjects/regenesis/
app/src/main/java/dev/aurakai
/auraframefx/oracledrive/Orac
leDriveServiceImpl.kt:116:21 
Unresolved reference 
'FileResult'.
e: file:///C:/Users/Wehtt/And
roidStudioProjects/regenesis/
app/src/main/java/dev/aurakai
/auraframefx/oracledrive/Orac
leDriveServiceImpl.kt:120:32 
Unresolved reference 'add'.
e: file:///C:/Users/Wehtt/And
roidStudioProjects/regenesis/
app/src/main/java/dev/aurakai
/auraframefx/oracledrive/Orac
leDriveServiceImpl.kt:121:85 
Unresolved reference 'copy'.
e: file:///C:/Users/Wehtt/And
roidStudioProjects/regenesis/
app/src/main/java/dev/aurakai
/auraframefx/oracledrive/Orac
leDriveServiceImpl.kt:125:21 
Unresolved reference 
'FileResult'.
e: file:///C:/Users/Wehtt/And
roidStudioProjects/regenesis/
app/src/main/java/dev/aurakai
/auraframefx/oracledrive/Orac
leDriveServiceImpl.kt:129:32 
Unresolved reference 'add'.
e: file:///C:/Users/Wehtt/And
roidStudioProjects/regenesis/
app/src/main/java/dev/aurakai
/auraframefx/oracledrive/Orac
leDriveServiceImpl.kt:130:85 
Unresolved reference 'copy'.
e: file:///C:/Users/Wehtt/And
roidStudioProjects/regenesis/
app/src/main/java/dev/aurakai
/auraframefx/oracledrive/Orac
leDriveServiceImpl.kt:134:21 
Unresolved reference 
'FileResult'.
e: file:///C:/Users/Wehtt/And
roidStudioProjects/regenesis/
app/src/main/java/dev/aurakai
/auraframefx/oracledrive/Orac
leDriveServiceImpl.kt:138:32 
Unresolved reference 'add'.
e: file:///C:/Users/Wehtt/And
roidStudioProjects/regenesis/
app/src/main/java/dev/aurakai
/auraframefx/oracledrive/Orac
leDriveServiceImpl.kt:139:85 
Unresolved reference 'copy'.
e: file:///C:/Users/Wehtt/And
roidStudioProjects/regenesis/
app/src/main/java/dev/aurakai
/auraframefx/oracledrive/Orac
leDriveServiceImpl.kt:143:21 
Unresolved reference 
'FileResult'.
e: file:///C:/Users/Wehtt/And
roidStudioProjects/regenesis/
app/src/main/java/dev/aurakai
/auraframefx/oracledrive/Orac
leDriveServiceImpl.kt:147:13 
Unresolved reference 
'FileResult'.
e: file:///C:/Users/Wehtt/And
roidStudioProjects/regenesis/
app/src/main/java/dev/aurakai
/auraframefx/oracledrive/Orac
leDriveServiceImpl.kt:151:44 
Unresolved reference 
'OracleSyncResult'.
e: file:///C:/Users/Wehtt/And
roidStudioProjects/regenesis/
app/src/main/java/dev/aurakai
/auraframefx/oracledrive/Orac
leDriveServiceImpl.kt:154:61 
Unresolved reference 
'currentOperations'.
e: file:///C:/Users/Wehtt/And
roidStudioProjects/regenesis/
app/src/main/java/dev/aurakai
/auraframefx/oracledrive/Orac
leDriveServiceImpl.kt:155:24 
Unresolved reference 'add'.
e: file:///C:/Users/Wehtt/And
roidStudioProjects/regenesis/
app/src/main/java/dev/aurakai
/auraframefx/oracledrive/Orac
leDriveServiceImpl.kt:156:77 
Unresolved reference 'copy'.
e: file:///C:/Users/Wehtt/And
roidStudioProjects/regenesis/
app/src/main/java/dev/aurakai
/auraframefx/oracledrive/Orac
leDriveServiceImpl.kt:161:13 
Unresolved reference 
'OracleSyncResult'.
e: file:///C:/Users/Wehtt/And
roidStudioProjects/regenesis/
app/src/main/java/dev/aurakai
/auraframefx/oracledrive/Orac
leDriveServiceImpl.kt:164:26 
Cannot infer type for type 
parameter 'T'. Specify it 
explicitly.
e: file:///C:/Users/Wehtt/And
roidStudioProjects/regenesis/
app/src/main/java/dev/aurakai
/auraframefx/oracledrive/Orac
leDriveServiceImpl.kt:167:13 
Unresolved reference 
'OracleSyncResult'.
e: file:///C:/Users/Wehtt/And
roidStudioProjects/regenesis/
app/src/main/java/dev/aurakai
/auraframefx/oracledrive/Orac
leDriveServiceImpl.kt:175:48 
Return type of 'fun getDriveC
onsciousnessState(): 
StateFlow<ERROR CLASS: 
Symbol not found for 
DriveConsciousnessState>' is 
not a subtype of the return 
type of the overridden 
member 'fun getDriveConscious
nessState(): StateFlow<DriveC
onsciousnessState>' defined 
in 'dev.aurakai.auraframefx.o
racledrive.OracleDriveService
'.
e: file:///C:/Users/Wehtt/And
roidStudioProjects/regenesis/
app/src/main/java/dev/aurakai
/auraframefx/oracledrive/Orac
leDriveServiceImpl.kt:175:58 
Unresolved reference 
'DriveConsciousnessState'.
e: file:///C:/Users/Wehtt/And
roidStudioProjects/regenesis/
app/src/main/java/dev/aurakai
/auraframefx/oracledrive/Orac
leDriveServiceImpl.kt:176:41 
Cannot infer type for type 
parameter 'T'. Specify it 
explicitly.
e: file:///C:/Users/Wehtt/And
roidStudioProjects/regenesis/
app/src/main/java/dev/aurakai
/auraframefx/oracledrive/Secu
reFileManager.kt:55:48 Too 
many arguments for 'fun 
encrypt(bytes: ByteArray): 
ByteArray'.
e: file:///C:/Users/Wehtt/And
roidStudioProjects/regenesis/
app/src/main/java/dev/aurakai
/auraframefx/oracledrive/Secu
reFileManager.kt:99:73 Too 
many arguments for 'fun 
decrypt(bytes: ByteArray): 
ByteArray'.
e: file:///C:/Users/Wehtt/And
roidStudioProjects/regenesis/
app/src/main/java/dev/aurakai
/auraframefx/oracledrive/api/
OracleDriveApi.kt:3:44 
Unresolved reference 
'DriveConsciousness'.
e: file:///C:/Users/Wehtt/And
roidStudioProjects/regenesis/
app/src/main/java/dev/aurakai
/auraframefx/oracledrive/api/
OracleDriveApi.kt:4:44 
Unresolved reference 
'DriveConsciousnessState'.
e: file:///C:/Users/Wehtt/And
roidStudioProjects/regenesis/
app/src/main/java/dev/aurakai
/auraframefx/oracledrive/api/
OracleDriveApi.kt:5:44 
Unresolved reference 
'OracleSyncResult'.
e: file:///C:/Users/Wehtt/And
roidStudioProjects/regenesis/
app/src/main/java/dev/aurakai
/auraframefx/oracledrive/api/
OracleDriveApi.kt:19:44 
Unresolved reference 
'DriveConsciousness'.
e: file:///C:/Users/Wehtt/And
roidStudioProjects/regenesis/
app/src/main/java/dev/aurakai
/auraframefx/oracledrive/api/
OracleDriveApi.kt:26:41 
Unresolved reference 
'OracleSyncResult'.
e: file:///C:/Users/Wehtt/And
roidStudioProjects/regenesis/
app/src/main/java/dev/aurakai
/auraframefx/oracledrive/api/
OracleDriveApi.kt:32:39 
Unresolved reference 
'DriveConsciousnessState'.
e: file:///C:/Users/Wehtt/And
roidStudioProjects/regenesis/
app/src/main/java/dev/aurakai
/auraframefx/oracledrive/gene
sis/ai/AuraAgentAlias.kt:4:57
 Unresolved reference 
'AuraAgent'.
e: file:///C:/Users/Wehtt/And
roidStudioProjects/regenesis/
app/src/main/java/dev/aurakai
/auraframefx/oracledrive/gene
sis/ai/ClaudeAIService.kt:36:
1 Class 'ClaudeAIService' is 
not abstract and does not 
implement abstract member:
fun 
InteractionResponse(content: 
String, success: Boolean, 
timestamp: Long, metadata: 
Map<String, Any>): 
InteractionResponse
e: file:///C:/Users/Wehtt/And
roidStudioProjects/regenesis/
app/src/main/java/dev/aurakai
/auraframefx/oracledrive/gene
sis/ai/ClaudeAIService.kt:82:
51 Unresolved reference 
'CLAUDE'.
e: file:///C:/Users/Wehtt/And
roidStudioProjects/regenesis/
app/src/main/java/dev/aurakai
/auraframefx/oracledrive/gene
sis/ai/ClaudeAIService.kt:170
:53 No value passed for 
parameter 'agent'.
e: file:///C:/Users/Wehtt/And
roidStudioProjects/regenesis/
app/src/main/java/dev/aurakai
/auraframefx/oracledrive/gene
sis/ai/ClaudeAIService.kt:195
:47 No value passed for 
parameter 'agent'.
e: file:///C:/Users/Wehtt/And
roidStudioProjects/regenesis/
app/src/main/java/dev/aurakai
/auraframefx/oracledrive/gene
sis/ai/GenesisBackendService.
kt:29:39 Unresolved 
reference 
'PythonProcessManager'.
e: file:///C:/Users/Wehtt/And
roidStudioProjects/regenesis/
app/src/main/java/dev/aurakai
/auraframefx/oracledrive/gene
sis/ai/GenesisBackendService.
kt:42:32 Unresolved 
reference 
'PythonProcessManager'.
e: file:///C:/Users/Wehtt/And
roidStudioProjects/regenesis/
app/src/main/java/dev/aurakai
/auraframefx/oracledrive/gene
sis/ai/GenesisBackendService.
kt:46:49 Unresolved 
reference 
'startGenesisBackend'.
e: file:///C:/Users/Wehtt/And
roidStudioProjects/regenesis/
app/src/main/java/dev/aurakai
/auraframefx/oracledrive/gene
sis/ai/GenesisBackendService.
kt:69:31 Unresolved 
reference 'shutdown'.
e: file:///C:/Users/Wehtt/And
roidStudioProjects/regenesis/
app/src/main/java/dev/aurakai
/auraframefx/oracledrive/gene
sis/ai/GenesisBackendService.
kt:76:38 Unresolved 
reference 'sendRequest'.
e: file:///C:/Users/Wehtt/And
roidStudioProjects/regenesis/
app/src/main/java/dev/aurakai
/auraframefx/oracledrive/gene
sis/ai/GenesisBridgeService.k
t:94:61 Unresolved reference 
'getCurrentContext'.
e: file:///C:/Users/Wehtt/And
roidStudioProjects/regenesis/
app/src/main/java/dev/aurakai
/auraframefx/oracledrive/gene
sis/ai/GenesisBridgeService.k
t:157:61 Unresolved 
reference 
'getCurrentContext'.
e: file:///C:/Users/Wehtt/And
roidStudioProjects/regenesis/
app/src/main/java/dev/aurakai
/auraframefx/oracledrive/gene
sis/ai/GenesisBridgeService.k
t:174:61 Unresolved 
reference 
'getCurrentContext'.
e: file:///C:/Users/Wehtt/And
roidStudioProjects/regenesis/
app/src/main/java/dev/aurakai
/auraframefx/oracledrive/gene
sis/ai/RealVertexAIClientImpl
.kt:25:1 Class 
'RealVertexAIClientImpl' is 
not abstract and does not 
implement abstract member:
suspend fun 
generateText(prompt: String, 
temperature: Float, 
maxTokens: Int): String?
e: file:///C:/Users/Wehtt/And
roidStudioProjects/regenesis/
app/src/main/java/dev/aurakai
/auraframefx/oracledrive/gene
sis/ai/RealVertexAIClientImpl
.kt:70:5 'generateContent' 
overrides nothing.
e: file:///C:/Users/Wehtt/And
roidStudioProjects/regenesis/
app/src/main/java/dev/aurakai
/auraframefx/oracledrive/gene
sis/ai/RealVertexAIClientImpl
.kt:78:5 'generateText' 
overrides nothing. Potential 
signatures for overriding:
suspend fun 
generateText(prompt: String, 
temperature: Float, 
maxTokens: Int): String?
e: file:///C:/Users/Wehtt/And
roidStudioProjects/regenesis/
app/src/main/java/dev/aurakai
/auraframefx/oracledrive/gene
sis/ai/RealVertexAIClientImpl
.kt:110:5 
'validateConnection' 
overrides nothing.
e: file:///C:/Users/Wehtt/And
roidStudioProjects/regenesis/
app/src/main/java/dev/aurakai
/auraframefx/oracledrive/gene
sis/ai/RealVertexAIClientImpl
.kt:113:28 Overload 
resolution ambiguity between 
candidates:
suspend fun 
generateText(prompt: String, 
maxTokens: Int, temperature: 
Float): String
suspend fun 
generateText(prompt: String, 
temperature: Float, 
maxTokens: Int): String?
e: file:///C:/Users/Wehtt/And
roidStudioProjects/regenesis/
app/src/main/java/dev/aurakai
/auraframefx/oracledrive/gene
sis/ai/RealVertexAIClientImpl
.kt:298:83 Unresolved 
reference 'AI_ERROR'.
e: file:///C:/Users/Wehtt/And
roidStudioProjects/regenesis/
app/src/main/java/dev/aurakai
/auraframefx/oracledrive/gene
sis/ai/RealVertexAIClientImpl
.kt:300:83 Unresolved 
reference 'HIGH'.
e: file:///C:/Users/Wehtt/And
roidStudioProjects/regenesis/
app/src/main/java/dev/aurakai
/auraframefx/oracledrive/gene
sis/ai/clients/VertexAIClient
Impl.kt:47:1 Class 
'VertexAIClientImpl' is not 
abstract and does not 
implement abstract members:
suspend fun 
initializeCreativeModels(): 
Unit
suspend fun 
analyzeImage(imageData: 
ByteArray, prompt: String): 
String
e: file:///C:/Users/Wehtt/And
roidStudioProjects/regenesis/
app/src/main/java/dev/aurakai
/auraframefx/oracledrive/gene
sis/ai/clients/VertexAIClient
Impl.kt:211:21 Argument type 
mismatch: actual type is 
'Serializable', but 
'Pair<uninferred K (of fun 
<K, V> mapOf), uninferred V 
(of fun <K, V> mapOf)>' was 
expected.
e: file:///C:/Users/Wehtt/And
roidStudioProjects/regenesis/
app/src/main/java/dev/aurakai
/auraframefx/oracledrive/gene
sis/ai/clients/VertexAIClient
Impl.kt:212:21 Argument type 
mismatch: actual type is 
'Serializable', but 
'Pair<uninferred K (of fun 
<K, V> mapOf), uninferred V 
(of fun <K, V> mapOf)>' was 
expected.
e: file:///C:/Users/Wehtt/And
roidStudioProjects/regenesis/
app/src/main/java/dev/aurakai
/auraframefx/oracledrive/gene
sis/ai/services/AuraAIService
Impl.kt:3:37 Unresolved 
reference 'logging'.
e: file:///C:/Users/Wehtt/And
roidStudioProjects/regenesis/
app/src/main/java/dev/aurakai
/auraframefx/oracledrive/gene
sis/ai/services/AuraAIService
Impl.kt:5:55 Unresolved 
reference 'error'.
e: file:///C:/Users/Wehtt/And
roidStudioProjects/regenesis/
app/src/main/java/dev/aurakai
/auraframefx/oracledrive/gene
sis/ai/services/AuraAIService
Impl.kt:8:60 Unresolved 
reference 'execution'.
e: file:///C:/Users/Wehtt/And
roidStudioProjects/regenesis/
app/src/main/java/dev/aurakai
/auraframefx/oracledrive/gene
sis/ai/services/AuraAIService
Impl.kt:15:41 Unresolved 
reference 
'TaskExecutionManager'.
e: file:///C:/Users/Wehtt/And
roidStudioProjects/regenesis/
app/src/main/java/dev/aurakai
/auraframefx/oracledrive/gene
sis/ai/services/AuraAIService
Impl.kt:17:33 Unresolved 
reference 'ErrorHandler'.
e: file:///C:/Users/Wehtt/And
roidStudioProjects/regenesis/
app/src/main/java/dev/aurakai
/auraframefx/oracledrive/gene
sis/ai/services/AuraAIService
Impl.kt:20:33 Unresolved 
reference 'AuraFxLogger'.
e: file:///C:/Users/Wehtt/And
roidStudioProjects/regenesis/
app/src/main/java/dev/aurakai
/auraframefx/oracledrive/gene
sis/ai/services/CascadeAIServ
ice.kt:5:31 Unresolved 
reference 
'AgentInvokeRequest'.
e: file:///C:/Users/Wehtt/And
roidStudioProjects/regenesis/
app/src/main/java/dev/aurakai
/auraframefx/oracledrive/gene
sis/ai/services/CascadeAIServ
ice.kt:71:40 Unresolved 
reference 
'AgentInvokeRequest'.
e: file:///C:/Users/Wehtt/And
roidStudioProjects/regenesis/
app/src/main/java/dev/aurakai
/auraframefx/oracledrive/gene
sis/ai/services/CascadeAIServ
ice.kt:73:69 Unresolved 
reference 'message'.
e: file:///C:/Users/Wehtt/And
roidStudioProjects/regenesis/
app/src/main/java/dev/aurakai
/auraframefx/oracledrive/gene
sis/ai/services/CascadeAIServ
ice.kt:128:48 Unresolved 
reference 
'AgentInvokeRequest'.
e: file:///C:/Users/Wehtt/And
roidStudioProjects/regenesis/
app/src/main/java/dev/aurakai
/auraframefx/oracledrive/gene
sis/ai/services/CascadeAIServ
ice.kt:129:30 Unresolved 
reference 'message'.
e: file:///C:/Users/Wehtt/And
roidStudioProjects/regenesis/
app/src/main/java/dev/aurakai
/auraframefx/oracledrive/gene
sis/ai/services/CascadeAIServ
ice.kt:130:16 Unresolved 
reference 'context'.
e: file:///C:/Users/Wehtt/And
roidStudioProjects/regenesis/
app/src/main/java/dev/aurakai
/auraframefx/oracledrive/gene
sis/ai/services/CascadeAIServ
ice.kt:131:31 Unresolved 
reference 'priority'.
e: file:///C:/Users/Wehtt/And
roidStudioProjects/regenesis/
app/src/main/java/dev/aurakai
/auraframefx/oracledrive/gene
sis/ai/services/CascadeAIServ
ice.kt:149:51 Unresolved 
reference 
'AgentInvokeRequest'.
e: file:///C:/Users/Wehtt/And
roidStudioProjects/regenesis/
app/src/main/java/dev/aurakai
/auraframefx/oracledrive/gene
sis/ai/services/CascadeAIServ
ice.kt:155:41 Unresolved 
reference 
'DataveinConstructor'.
e: file:///C:/Users/Wehtt/And
roidStudioProjects/regenesis/
app/src/main/java/dev/aurakai
/auraframefx/oracledrive/gene
sis/ai/services/CascadeAIServ
ice.kt:176:17 Unresolved 
reference 
'AgentInvokeRequest'.
e: file:///C:/Users/Wehtt/And
roidStudioProjects/regenesis/
app/src/main/java/dev/aurakai
/auraframefx/oracledrive/gene
sis/ai/services/CascadeAIServ
ice.kt:180:15 'when' 
expression must be 
exhaustive. Add the 
'Claude', 'Kaiagent', 
'GENESIS', 'AURA', 'KAI', 
'CASCADE' branches or an 
'else' branch.
e: file:///C:/Users/Wehtt/And
roidStudioProjects/regenesis/
app/src/main/java/dev/aurakai
/auraframefx/oracledrive/gene
sis/ai/services/CascadeAIServ
ice.kt:188:22 Unresolved 
reference 'GenKitMaster'.
e: file:///C:/Users/Wehtt/And
roidStudioProjects/regenesis/
app/src/main/java/dev/aurakai
/auraframefx/oracledrive/gene
sis/ai/services/CascadeAIServ
ice.kt:189:22 Unresolved 
reference 
'DataveinConstructor'.
e: file:///C:/Users/Wehtt/And
roidStudioProjects/regenesis/
app/src/main/java/dev/aurakai
/auraframefx/oracledrive/gene
sis/ai/services/CascadeAIServ
ice.kt:213:17 Unresolved 
reference 
'AgentInvokeRequest'.
e: file:///C:/Users/Wehtt/And
roidStudioProjects/regenesis/
app/src/main/java/dev/aurakai
/auraframefx/oracledrive/gene
sis/ai/services/CascadeAIServ
ice.kt:221:65 Unresolved 
reference 'message'.
e: file:///C:/Users/Wehtt/And
roidStudioProjects/regenesis/
app/src/main/java/dev/aurakai
/auraframefx/oracledrive/gene
sis/ai/services/CascadeAIServ
ice.kt:222:46 Unresolved 
reference 'priority'.
e: file:///C:/Users/Wehtt/And
roidStudioProjects/regenesis/
app/src/main/java/dev/aurakai
/auraframefx/oracledrive/gene
sis/ai/services/CascadeAIServ
ice.kt:251:17 Unresolved 
reference 
'AgentInvokeRequest'.
e: file:///C:/Users/Wehtt/And
roidStudioProjects/regenesis/
app/src/main/java/dev/aurakai
/auraframefx/oracledrive/gene
sis/ai/services/CascadeAIServ
ice.kt:256:57 Unresolved 
reference 'message'.
e: file:///C:/Users/Wehtt/And
roidStudioProjects/regenesis/
app/src/main/java/dev/aurakai
/auraframefx/oracledrive/gene
sis/ai/services/CascadeAIServ
ice.kt:257:57 Unresolved 
reference 'message'.
e: file:///C:/Users/Wehtt/And
roidStudioProjects/regenesis/
app/src/main/java/dev/aurakai
/auraframefx/oracledrive/gene
sis/ai/services/CascadeAIServ
ice.kt:289:17 Unresolved 
reference 
'AgentInvokeRequest'.
e: file:///C:/Users/Wehtt/And
roidStudioProjects/regenesis/
app/src/main/java/dev/aurakai
/auraframefx/oracledrive/gene
sis/ai/services/CascadeAIServ
ice.kt:294:54 Unresolved 
reference 'message'.
e: file:///C:/Users/Wehtt/And
roidStudioProjects/regenesis/
app/src/main/java/dev/aurakai
/auraframefx/oracledrive/gene
sis/ai/services/CascadeAIServ
ice.kt:295:63 Unresolved 
reference 'message'.
e: file:///C:/Users/Wehtt/And
roidStudioProjects/regenesis/
app/src/main/java/dev/aurakai
/auraframefx/oracledrive/gene
sis/ai/services/CascadeAIServ
ice.kt:302:63 Unresolved 
reference 'message'.
e: file:///C:/Users/Wehtt/And
roidStudioProjects/regenesis/
app/src/main/java/dev/aurakai
/auraframefx/oracledrive/gene
sis/ai/services/CascadeAIServ
ice.kt:326:17 Unresolved 
reference 
'AgentInvokeRequest'.
e: file:///C:/Users/Wehtt/And
roidStudioProjects/regenesis/
app/src/main/java/dev/aurakai
/auraframefx/oracledrive/gene
sis/ai/services/CascadeAIServ
ice.kt:331:50 Unresolved 
reference 'message'.
e: file:///C:/Users/Wehtt/And
roidStudioProjects/regenesis/
app/src/main/java/dev/aurakai
/auraframefx/oracledrive/gene
sis/ai/services/CascadeAIServ
ice.kt:332:52 Unresolved 
reference 'message'.
e: file:///C:/Users/Wehtt/And
roidStudioProjects/regenesis/
app/src/main/java/dev/aurakai
/auraframefx/oracledrive/gene
sis/ai/services/CascadeAIServ
ice.kt:367:17 Unresolved 
reference 
'AgentInvokeRequest'.
e: file:///C:/Users/Wehtt/And
roidStudioProjects/regenesis/
app/src/main/java/dev/aurakai
/auraframefx/oracledrive/gene
sis/ai/services/CascadeAIServ
ice.kt:372:46 Unresolved 
reference 'message'.
e: file:///C:/Users/Wehtt/And
roidStudioProjects/regenesis/
app/src/main/java/dev/aurakai
/auraframefx/oracledrive/gene
sis/ai/services/CascadeAIServ
ice.kt:373:48 Unresolved 
reference 'message'.
e: file:///C:/Users/Wehtt/And
roidStudioProjects/regenesis/
app/src/main/java/dev/aurakai
/auraframefx/oracledrive/gene
sis/ai/services/CascadeAIServ
ice.kt:380:78 Unresolved 
reference 'message'.
e: file:///C:/Users/Wehtt/And
roidStudioProjects/regenesis/
app/src/main/java/dev/aurakai
/auraframefx/oracledrive/gene
sis/ai/services/CascadeAIServ
ice.kt:404:17 Unresolved 
reference 
'AgentInvokeRequest'.
e: file:///C:/Users/Wehtt/And
roidStudioProjects/regenesis/
app/src/main/java/dev/aurakai
/auraframefx/oracledrive/gene
sis/ai/services/CascadeAIServ
ice.kt:409:54 Unresolved 
reference 'message'.
e: file:///C:/Users/Wehtt/And
roidStudioProjects/regenesis/
app/src/main/java/dev/aurakai
/auraframefx/oracledrive/gene
sis/ai/services/CascadeAIServ
ice.kt:410:57 Unresolved 
reference 'message'.
e: file:///C:/Users/Wehtt/And
roidStudioProjects/regenesis/
app/src/main/java/dev/aurakai
/auraframefx/oracledrive/gene
sis/ai/services/CascadeAIServ
ice.kt:417:64 Unresolved 
reference 'message'.
e: file:///C:/Users/Wehtt/And
roidStudioProjects/regenesis/
app/src/main/java/dev/aurakai
/auraframefx/oracledrive/gene
sis/ai/services/CascadeAIServ
ice.kt:443:17 Unresolved 
reference 
'AgentInvokeRequest'.
e: file:///C:/Users/Wehtt/And
roidStudioProjects/regenesis/
app/src/main/java/dev/aurakai
/auraframefx/oracledrive/gene
sis/ai/services/CascadeAIServ
ice.kt:448:55 Unresolved 
reference 'message'.
e: file:///C:/Users/Wehtt/And
roidStudioProjects/regenesis/
app/src/main/java/dev/aurakai
/auraframefx/oracledrive/gene
sis/ai/services/CascadeAIServ
ice.kt:449:71 Unresolved 
reference 'message'.
e: file:///C:/Users/Wehtt/And
roidStudioProjects/regenesis/
app/src/main/java/dev/aurakai
/auraframefx/oracledrive/gene
sis/ai/services/CascadeAIServ
ice.kt:456:67 Unresolved 
reference 'message'.
e: file:///C:/Users/Wehtt/And
roidStudioProjects/regenesis/
app/src/main/java/dev/aurakai
/auraframefx/oracledrive/gene
sis/ai/services/CascadeAIServ
ice.kt:462:30 Unresolved 
reference 'GenKitMaster'.
e: file:///C:/Users/Wehtt/And
roidStudioProjects/regenesis/
app/src/main/java/dev/aurakai
/auraframefx/oracledrive/gene
sis/ai/services/CascadeAIServ
ice.kt:481:17 Unresolved 
reference 
'AgentInvokeRequest'.
e: file:///C:/Users/Wehtt/And
roidStudioProjects/regenesis/
app/src/main/java/dev/aurakai
/auraframefx/oracledrive/gene
sis/ai/services/CascadeAIServ
ice.kt:486:69 Unresolved 
reference 'message'.
e: file:///C:/Users/Wehtt/And
roidStudioProjects/regenesis/
app/src/main/java/dev/aurakai
/auraframefx/oracledrive/gene
sis/ai/services/CascadeAIServ
ice.kt:487:72 Unresolved 
reference 'message'.
e: file:///C:/Users/Wehtt/And
roidStudioProjects/regenesis/
app/src/main/java/dev/aurakai
/auraframefx/oracledrive/gene
sis/ai/services/CascadeAIServ
ice.kt:494:76 Unresolved 
reference 'message'.
e: file:///C:/Users/Wehtt/And
roidStudioProjects/regenesis/
app/src/main/java/dev/aurakai
/auraframefx/oracledrive/gene
sis/ai/services/CascadeAIServ
ice.kt:500:30 Unresolved 
reference 
'DataveinConstructor'.
e: file:///C:/Users/Wehtt/And
roidStudioProjects/regenesis/
app/src/main/java/dev/aurakai
/auraframefx/oracledrive/gene
sis/ai/services/CascadeAIServ
ice.kt:522:25 Unresolved 
reference 
'AgentInvokeRequest'.
e: file:///C:/Users/Wehtt/And
roidStudioProjects/regenesis/
app/src/main/java/dev/aurakai
/auraframefx/oracledrive/gene
sis/ai/services/CascadeAIServ
ice.kt:527:62 Unresolved 
reference 'message'.
e: file:///C:/Users/Wehtt/And
roidStudioProjects/regenesis/
app/src/main/java/dev/aurakai
/auraframefx/oracledrive/gene
sis/ai/services/CascadeAIServ
ice.kt:637:17 Unresolved 
reference 
'AgentInvokeRequest'.
e: file:///C:/Users/Wehtt/And
roidStudioProjects/regenesis/
app/src/main/java/dev/aurakai
/auraframefx/oracledrive/gene
sis/ai/services/CascadeAIServ
ice.kt:641:41 Unresolved 
reference 'message'.
e: file:///C:/Users/Wehtt/And
roidStudioProjects/regenesis/
app/src/main/java/dev/aurakai
/auraframefx/oracledrive/gene
sis/ai/services/CascadeAIServ
ice.kt:644:35 Unresolved 
reference 'priority'.
e: file:///C:/Users/Wehtt/And
roidStudioProjects/regenesis/
app/src/main/java/dev/aurakai
/auraframefx/oracledrive/gene
sis/ai/services/CascadeAIServ
ice.kt:1013:17 Unresolved 
reference 
'AgentInvokeRequest'.
e: file:///C:/Users/Wehtt/And
roidStudioProjects/regenesis/
app/src/main/java/dev/aurakai
/auraframefx/oracledrive/gene
sis/ai/services/CascadeAIServ
ice.kt:1019:19 Unresolved 
reference 'message'.
e: file:///C:/Users/Wehtt/And
roidStudioProjects/regenesis/
app/src/main/java/dev/aurakai
/auraframefx/oracledrive/gene
sis/ai/services/GenesisBridge
Service.kt:103:27 Unresolved 
reference 'e'.
e: file:///C:/Users/Wehtt/And
roidStudioProjects/regenesis/
app/src/main/java/dev/aurakai
/auraframefx/oracledrive/gene
sis/ai/services/GenesisBridge
Service.kt:109:19 Unresolved 
reference 'e'.
e: file:///C:/Users/Wehtt/And
roidStudioProjects/regenesis/
app/src/main/java/dev/aurakai
/auraframefx/oracledrive/gene
sis/ai/services/GenesisBridge
Service.kt:128:54 Syntax 
error: Expecting an argument.
e: file:///C:/Users/Wehtt/And
roidStudioProjects/regenesis/
app/src/main/java/dev/aurakai
/auraframefx/oracledrive/gene
sis/ai/services/GenesisBridge
Service.kt:129:16 Syntax 
error: Expecting an 
expression.
e: file:///C:/Users/Wehtt/And
roidStudioProjects/regenesis/
app/src/main/java/dev/aurakai
/auraframefx/oracledrive/gene
sis/ai/services/GenesisBridge
Service.kt:129:16 No value 
passed for parameter 'agent'.
e: file:///C:/Users/Wehtt/And
roidStudioProjects/regenesis/
app/src/main/java/dev/aurakai
/auraframefx/oracledrive/gene
sis/ai/services/GenesisBridge
Service.kt:163:52 Syntax 
error: Expecting an argument.
e: file:///C:/Users/Wehtt/And
roidStudioProjects/regenesis/
app/src/main/java/dev/aurakai
/auraframefx/oracledrive/gene
sis/ai/services/GenesisBridge
Service.kt:164:28 Syntax 
error: Expecting an 
expression.
e: file:///C:/Users/Wehtt/And
roidStudioProjects/regenesis/
app/src/main/java/dev/aurakai
/auraframefx/oracledrive/gene
sis/ai/services/GenesisBridge
Service.kt:164:28 No value 
passed for parameter 'agent'.
e: file:///C:/Users/Wehtt/And
roidStudioProjects/regenesis/
app/src/main/java/dev/aurakai
/auraframefx/oracledrive/gene
sis/ai/services/GenesisBridge
Service.kt:173:52 Syntax 
error: Expecting an argument.
e: file:///C:/Users/Wehtt/And
roidStudioProjects/regenesis/
app/src/main/java/dev/aurakai
/auraframefx/oracledrive/gene
sis/ai/services/GenesisBridge
Service.kt:174:28 Syntax 
error: Expecting an 
expression.
e: file:///C:/Users/Wehtt/And
roidStudioProjects/regenesis/
app/src/main/java/dev/aurakai
/auraframefx/oracledrive/gene
sis/ai/services/GenesisBridge
Service.kt:174:28 No value 
passed for parameter 'agent'.
e: file:///C:/Users/Wehtt/And
roidStudioProjects/regenesis/
app/src/main/java/dev/aurakai
/auraframefx/oracledrive/gene
sis/ai/services/GenesisBridge
Service.kt:183:52 Syntax 
error: Expecting an argument.
e: file:///C:/Users/Wehtt/And
roidStudioProjects/regenesis/
app/src/main/java/dev/aurakai
/auraframefx/oracledrive/gene
sis/ai/services/GenesisBridge
Service.kt:184:28 Syntax 
error: Expecting an 
expression.
e: file:///C:/Users/Wehtt/And
roidStudioProjects/regenesis/
app/src/main/java/dev/aurakai
/auraframefx/oracledrive/gene
sis/ai/services/GenesisBridge
Service.kt:184:28 No value 
passed for parameter 'agent'.
e: file:///C:/Users/Wehtt/And
roidStudioProjects/regenesis/
app/src/main/java/dev/aurakai
/auraframefx/oracledrive/gene
sis/ai/services/GenesisBridge
Service.kt:201:24 No value 
passed for parameter 'agent'.
e: file:///C:/Users/Wehtt/And
roidStudioProjects/regenesis/
app/src/main/java/dev/aurakai
/auraframefx/oracledrive/gene
sis/ai/services/GenesisBridge
Service.kt:207:19 Unresolved 
reference 'e'.
e: file:///C:/Users/Wehtt/And
roidStudioProjects/regenesis/
app/src/main/java/dev/aurakai
/auraframefx/oracledrive/gene
sis/ai/services/GenesisBridge
Service.kt:212:20 No value 
passed for parameter 'agent'.
e: file:///C:/Users/Wehtt/And
roidStudioProjects/regenesis/
app/src/main/java/dev/aurakai
/auraframefx/oracledrive/gene
sis/ai/services/GenesisBridge
Service.kt:272:19 Unresolved 
reference 'w'.
e: file:///C:/Users/Wehtt/And
roidStudioProjects/regenesis/
app/src/main/java/dev/aurakai
/auraframefx/oracledrive/gene
sis/ai/services/GenesisBridge
Service.kt:350:23 Unresolved 
reference 'e'.
e: file:///C:/Users/Wehtt/And
roidStudioProjects/regenesis/
app/src/main/java/dev/aurakai
/auraframefx/oracledrive/gene
sis/ai/services/GenesisBridge
Service.kt:411:19 Unresolved 
reference 'e'.
e: file:///C:/Users/Wehtt/And
roidStudioProjects/regenesis/
app/src/main/java/dev/aurakai
/auraframefx/oracledrive/gene
sis/ai/services/GenesisBridge
Service.kt:428:19 Unresolved 
reference 'e'.
e: file:///C:/Users/Wehtt/And
roidStudioProjects/regenesis/
app/src/main/java/dev/aurakai
/auraframefx/oracledrive/gene
sis/ai/services/GenesisBridge
Service.kt:461:23 Unresolved 
reference 'w'.
e: file:///C:/Users/Wehtt/And
roidStudioProjects/regenesis/
app/src/main/java/dev/aurakai
/auraframefx/oracledrive/gene
sis/ai/services/GenesisBridge
Service.kt:477:19 Unresolved 
reference 'w'.
e: file:///C:/Users/Wehtt/And
roidStudioProjects/regenesis/
app/src/main/java/dev/aurakai
/auraframefx/oracledrive/gene
sis/ai/services/KaiAIService.
kt:47:27 Unresolved 
reference 
'enableSecurityContext'.
e: file:///C:/Users/Wehtt/And
roidStudioProjects/regenesis/
app/src/main/java/dev/aurakai
/auraframefx/oracledrive/gene
sis/ai/services/MockAIService
Implementations.kt:9:54 
Unresolved reference 
'agents'.
e: file:///C:/Users/Wehtt/And
roidStudioProjects/regenesis/
app/src/main/java/dev/aurakai
/auraframefx/oracledrive/gene
sis/ai/services/MockAIService
Implementations.kt:15:26 
Unresolved reference 'Agent'.
e: file:///C:/Users/Wehtt/And
roidStudioProjects/regenesis/
app/src/main/java/dev/aurakai
/auraframefx/oracledrive/gene
sis/ai/services/MockAIService
Implementations.kt:45:31 
Syntax error: Expecting an 
argument.
e: file:///C:/Users/Wehtt/And
roidStudioProjects/regenesis/
app/src/main/java/dev/aurakai
/auraframefx/oracledrive/gene
sis/ai/services/MockAIService
Implementations.kt:46:8 
Syntax error: Expecting an 
expression.
e: file:///C:/Users/Wehtt/And
roidStudioProjects/regenesis/
app/src/main/java/dev/aurakai
/auraframefx/oracledrive/gene
sis/ai/services/MockAIService
Implementations.kt:46:8 No 
value passed for parameter 
'agent'.
e: file:///C:/Users/Wehtt/And
roidStudioProjects/regenesis/
app/src/main/java/dev/aurakai
/auraframefx/oracledrive/gene
sis/ai/services/MockAIService
Implementations.kt:57:87 No 
value passed for parameter 
'agent'.
e: file:///C:/Users/Wehtt/And
roidStudioProjects/regenesis/
app/src/main/java/dev/aurakai
/auraframefx/oracledrive/gene
sis/ai/services/MockAIService
Implementations.kt:66:25 
Unresolved reference 'Agent'.
e: file:///C:/Users/Wehtt/And
roidStudioProjects/regenesis/
app/src/main/java/dev/aurakai
/auraframefx/oracledrive/gene
sis/ai/services/MockAIService
Implementations.kt:94:31 
Syntax error: Expecting an 
argument.
e: file:///C:/Users/Wehtt/And
roidStudioProjects/regenesis/
app/src/main/java/dev/aurakai
/auraframefx/oracledrive/gene
sis/ai/services/MockAIService
Implementations.kt:95:8 
Syntax error: Expecting an 
expression.
e: file:///C:/Users/Wehtt/And
roidStudioProjects/regenesis/
app/src/main/java/dev/aurakai
/auraframefx/oracledrive/gene
sis/ai/services/MockAIService
Implementations.kt:95:8 No 
value passed for parameter 
'agent'.
e: file:///C:/Users/Wehtt/And
roidStudioProjects/regenesis/
app/src/main/java/dev/aurakai
/auraframefx/oracledrive/gene
sis/ai/services/MockAIService
Implementations.kt:106:86 No 
value passed for parameter 
'agent'.
e: file:///C:/Users/Wehtt/And
roidStudioProjects/regenesis/
app/src/main/java/dev/aurakai
/auraframefx/oracledrive/gene
sis/ai/services/MockAIService
Implementations.kt:115:29 
Unresolved reference 'Agent'.
e: file:///C:/Users/Wehtt/And
roidStudioProjects/regenesis/
app/src/main/java/dev/aurakai
/auraframefx/oracledrive/gene
sis/ai/services/MockAIService
Implementations.kt:143:31 
Syntax error: Expecting an 
argument.
e: file:///C:/Users/Wehtt/And
roidStudioProjects/regenesis/
app/src/main/java/dev/aurakai
/auraframefx/oracledrive/gene
sis/ai/services/MockAIService
Implementations.kt:144:8 
Syntax error: Expecting an 
expression.
e: file:///C:/Users/Wehtt/And
roidStudioProjects/regenesis/
app/src/main/java/dev/aurakai
/auraframefx/oracledrive/gene
sis/ai/services/MockAIService
Implementations.kt:144:8 No 
value passed for parameter 
'agent'.
e: file:///C:/Users/Wehtt/And
roidStudioProjects/regenesis/
app/src/main/java/dev/aurakai
/auraframefx/oracledrive/gene
sis/ai/services/MockAIService
Implementations.kt:155:90 No 
value passed for parameter 
'agent'.
e: file:///C:/Users/Wehtt/And
roidStudioProjects/regenesis/
app/src/main/java/dev/aurakai
/auraframefx/oracledrive/gene
sis/ai/services/VertexCloudSe
rvice.kt:47:31 Serializer 
has not been found for type 
'Any'. To use context 
serializer as fallback, 
explicitly annotate type or 
property with @Contextual
e: file:///C:/Users/Wehtt/And
roidStudioProjects/regenesis/
app/src/main/java/dev/aurakai
/auraframefx/oracledrive/gene
sis/ai/services/VertexCloudSe
rvice.kt:70:34 Unresolved 
reference 'isSecure'.
e: file:///C:/Users/Wehtt/And
roidStudioProjects/regenesis/
app/src/main/java/dev/aurakai
/auraframefx/oracledrive/gene
sis/ai/services/VertexCloudSe
rvice.kt:77:28 Unresolved 
reference 'initialize'.
e: file:///C:/Users/Wehtt/And
roidStudioProjects/regenesis/
app/src/main/java/dev/aurakai
/auraframefx/oracledrive/gene
sis/ai/services/VertexCloudSe
rvice.kt:150:32 Argument 
type mismatch: actual type 
is 'Map<String, String?>', 
but 'Map<String, Any>' was 
expected.
e: file:///C:/Users/Wehtt/And
roidStudioProjects/regenesis/
app/src/main/java/dev/aurakai
/auraframefx/oracledrive/gene
sis/ai/services/VertexCloudSe
rvice.kt:303:28 Unresolved 
reference 'cleanup'.
e: file:///C:/Users/Wehtt/And
roidStudioProjects/regenesis/
app/src/main/java/dev/aurakai
/auraframefx/oracledrive/gene
sis/ai/task/DefaultTaskSchedu
ler.kt:8:1 Class 
'DefaultTaskScheduler' is 
not abstract and does not 
implement abstract member:
suspend fun 
scheduleTask(task: <ERROR 
TYPE REF: Symbol not found 
for Task>): Unit
e: file:///C:/Users/Wehtt/And
roidStudioProjects/regenesis/
app/src/main/java/dev/aurakai
/auraframefx/oracledrive/gene
sis/ai/task/DefaultTaskSchedu
ler.kt:10:46 Unresolved 
reference 'AITask'.
e: file:///C:/Users/Wehtt/And
roidStudioProjects/regenesis/
app/src/main/java/dev/aurakai
/auraframefx/oracledrive/gene
sis/ai/task/DefaultTaskSchedu
ler.kt:12:5 'scheduleTask' 
overrides nothing. Potential 
signatures for overriding:
suspend fun 
scheduleTask(task: <ERROR 
TYPE REF: Symbol not found 
for Task>): Unit
e: file:///C:/Users/Wehtt/And
roidStudioProjects/regenesis/
app/src/main/java/dev/aurakai
/auraframefx/oracledrive/gene
sis/ai/task/DefaultTaskSchedu
ler.kt:12:37 Unresolved 
reference 'AITask'.
e: file:///C:/Users/Wehtt/And
roidStudioProjects/regenesis/
app/src/main/java/dev/aurakai
/auraframefx/oracledrive/gene
sis/ai/task/DefaultTaskSchedu
ler.kt:13:27 Unresolved 
reference 'id'.
e: file:///C:/Users/Wehtt/And
roidStudioProjects/regenesis/
app/src/main/java/dev/aurakai
/auraframefx/oracledrive/gene
sis/ai/task/DefaultTaskSchedu
ler.kt:13:30 Cannot infer 
type for type parameter 'T'. 
Specify it explicitly.
e: file:///C:/Users/Wehtt/And
roidStudioProjects/regenesis/
app/src/main/java/dev/aurakai
/auraframefx/oracledrive/gene
sis/ai/task/DefaultTaskSchedu
ler.kt:14:9 Cannot infer 
type for type parameter 'V'. 
Specify it explicitly.
e: file:///C:/Users/Wehtt/And
roidStudioProjects/regenesis/
app/src/main/java/dev/aurakai
/auraframefx/oracledrive/gene
sis/ai/task/DefaultTaskSchedu
ler.kt:14:15 Argument type 
mismatch: actual type is 
'Sequence<uninferred ERROR 
CLASS: Cannot infer argument 
for type parameter T>', but 
'String' was expected.
e: file:///C:/Users/Wehtt/And
roidStudioProjects/regenesis/
app/src/main/java/dev/aurakai
/auraframefx/oracledrive/gene
sis/ai/task/DefaultTaskSchedu
ler.kt:14:30 Unresolved 
reference 'copy'.
e: file:///C:/Users/Wehtt/And
roidStudioProjects/regenesis/
app/src/main/java/dev/aurakai
/auraframefx/oracledrive/gene
sis/ai/task/DefaultTaskSchedu
ler.kt:14:57 Unresolved 
reference 'TaskStatus'.
e: file:///C:/Users/Wehtt/And
roidStudioProjects/regenesis/
app/src/main/java/dev/aurakai
/auraframefx/oracledrive/gene
sis/ai/task/DefaultTaskSchedu
ler.kt:15:16 Return type 
mismatch: expected 'String', 
actual 'Sequence<uninferred 
ERROR CLASS: Cannot infer 
argument for type parameter 
T>'.
e: file:///C:/Users/Wehtt/And
roidStudioProjects/regenesis/
app/src/main/java/dev/aurakai
/auraframefx/oracledrive/gene
sis/ai/task/DefaultTaskSchedu
ler.kt:18:18 Non-suspend 
function 'cancelTask' cannot 
override suspend function 
'suspend fun 
cancelTask(taskId: String): 
Unit' defined in 'dev.aurakai
.auraframefx.oracledrive.gene
sis.ai.task.TaskScheduler'.
e: file:///C:/Users/Wehtt/And
roidStudioProjects/regenesis/
app/src/main/java/dev/aurakai
/auraframefx/oracledrive/gene
sis/ai/task/DefaultTaskSchedu
ler.kt:18:46 Return type of 
'fun cancelTask(taskId: 
String): Boolean' is not a 
subtype of the return type 
of the overridden member 
'suspend fun 
cancelTask(taskId: String): 
Unit' defined in 'dev.aurakai
.auraframefx.oracledrive.gene
sis.ai.task.TaskScheduler'.
e: file:///C:/Users/Wehtt/And
roidStudioProjects/regenesis/
app/src/main/java/dev/aurakai
/auraframefx/oracledrive/gene
sis/ai/task/DefaultTaskSchedu
ler.kt:20:9 Cannot infer 
type for type parameter 'V'. 
Specify it explicitly.
e: file:///C:/Users/Wehtt/And
roidStudioProjects/regenesis/
app/src/main/java/dev/aurakai
/auraframefx/oracledrive/gene
sis/ai/task/DefaultTaskSchedu
ler.kt:20:30 Unresolved 
reference 'copy'.
e: file:///C:/Users/Wehtt/And
roidStudioProjects/regenesis/
app/src/main/java/dev/aurakai
/auraframefx/oracledrive/gene
sis/ai/task/DefaultTaskSchedu
ler.kt:20:44 Unresolved 
reference 'TaskStatus'.
e: file:///C:/Users/Wehtt/And
roidStudioProjects/regenesis/
app/src/main/java/dev/aurakai
/auraframefx/oracledrive/gene
sis/ai/task/DefaultTaskSchedu
ler.kt:24:18 Non-suspend 
function 'getTaskStatus' 
cannot override suspend 
function 'suspend fun 
getTaskStatus(taskId: 
String): String?' defined in 
'dev.aurakai.auraframefx.orac
ledrive.genesis.ai.task.TaskS
cheduler'.
e: file:///C:/Users/Wehtt/And
roidStudioProjects/regenesis/
app/src/main/java/dev/aurakai
/auraframefx/oracledrive/gene
sis/ai/task/DefaultTaskSchedu
ler.kt:24:49 Unresolved 
reference 'TaskStatus'.
e: file:///C:/Users/Wehtt/And
roidStudioProjects/regenesis/
app/src/main/java/dev/aurakai
/auraframefx/oracledrive/gene
sis/ai/task/DefaultTaskSchedu
ler.kt:25:31 Unresolved 
reference 'status'.
e: file:///C:/Users/Wehtt/And
roidStudioProjects/regenesis/
app/src/main/java/dev/aurakai
/auraframefx/oracledrive/gene
sis/ai/task/DefaultTaskSchedu
ler.kt:28:5 'getActiveTasks' 
overrides nothing.
e: file:///C:/Users/Wehtt/And
roidStudioProjects/regenesis/
app/src/main/java/dev/aurakai
/auraframefx/oracledrive/gene
sis/ai/task/DefaultTaskSchedu
ler.kt:28:41 Unresolved 
reference 'AITask'.
e: file:///C:/Users/Wehtt/And
roidStudioProjects/regenesis/
app/src/main/java/dev/aurakai
/auraframefx/oracledrive/gene
sis/ai/task/DefaultTaskSchedu
ler.kt:29:29 Cannot infer 
type for type parameter 'T'. 
Specify it explicitly.
e: file:///C:/Users/Wehtt/And
roidStudioProjects/regenesis/
app/src/main/java/dev/aurakai
/auraframefx/oracledrive/gene
sis/ai/task/DefaultTaskSchedu
ler.kt:29:36 Cannot infer 
type for type parameter 'T'. 
Specify it explicitly.
e: file:///C:/Users/Wehtt/And
roidStudioProjects/regenesis/
app/src/main/java/dev/aurakai
/auraframefx/oracledrive/gene
sis/ai/task/DefaultTaskSchedu
ler.kt:29:41 Unresolved 
reference 'status'.
e: file:///C:/Users/Wehtt/And
roidStudioProjects/regenesis/
app/src/main/java/dev/aurakai
/auraframefx/oracledrive/gene
sis/ai/task/DefaultTaskSchedu
ler.kt:29:51 Unresolved 
reference 'TaskStatus'.
e: file:///C:/Users/Wehtt/And
roidStudioProjects/regenesis/
app/src/main/java/dev/aurakai
/auraframefx/oracledrive/gene
sis/ai/task/DefaultTaskSchedu
ler.kt:29:76 Unresolved 
reference 'status'.
e: file:///C:/Users/Wehtt/And
roidStudioProjects/regenesis/
app/src/main/java/dev/aurakai
/auraframefx/oracledrive/gene
sis/ai/task/DefaultTaskSchedu
ler.kt:29:86 Unresolved 
reference 'TaskStatus'.
e: file:///C:/Users/Wehtt/And
roidStudioProjects/regenesis/
app/src/main/java/dev/aurakai
/auraframefx/oracledrive/gene
sis/ai/task/DefaultTaskSchedu
ler.kt:32:5 'getTaskHistory' 
overrides nothing.
e: file:///C:/Users/Wehtt/And
roidStudioProjects/regenesis/
app/src/main/java/dev/aurakai
/auraframefx/oracledrive/gene
sis/ai/task/DefaultTaskSchedu
ler.kt:32:41 Unresolved 
reference 'AITask'.
e: file:///C:/Users/Wehtt/And
roidStudioProjects/regenesis/
app/src/main/java/dev/aurakai
/auraframefx/oracledrive/gene
sis/ai/task/DefaultTaskSchedu
ler.kt:33:29 Cannot infer 
type for type parameter 'T'. 
Specify it explicitly.
e: file:///C:/Users/Wehtt/And
roidStudioProjects/regenesis/
app/src/main/java/dev/aurakai
/auraframefx/oracledrive/gene
sis/ai/task/DefaultTaskSchedu
ler.kt:36:5 
'clearCompletedTasks' 
overrides nothing.
e: file:///C:/Users/Wehtt/And
roidStudioProjects/regenesis/
app/src/main/java/dev/aurakai
/auraframefx/oracledrive/gene
sis/ai/task/DefaultTaskSchedu
ler.kt:37:43 Unresolved 
reference 'status'.
e: file:///C:/Users/Wehtt/And
roidStudioProjects/regenesis/
app/src/main/java/dev/aurakai
/auraframefx/oracledrive/gene
sis/ai/task/DefaultTaskSchedu
ler.kt:37:53 Unresolved 
reference 'TaskStatus'.
e: file:///C:/Users/Wehtt/And
roidStudioProjects/regenesis/
app/src/main/java/dev/aurakai
/auraframefx/oracledrive/gene
sis/ai/task/DefaultTaskSchedu
ler.kt:37:86 Unresolved 
reference 'status'.
e: file:///C:/Users/Wehtt/And
roidStudioProjects/regenesis/
app/src/main/java/dev/aurakai
/auraframefx/oracledrive/gene
sis/ai/task/DefaultTaskSchedu
ler.kt:37:96 Unresolved 
reference 'TaskStatus'.
e: file:///C:/Users/Wehtt/And
roidStudioProjects/regenesis/
app/src/main/java/dev/aurakai
/auraframefx/oracledrive/gene
sis/ai/task/DefaultTaskSchedu
ler.kt:37:126 Unresolved 
reference 'status'.
e: file:///C:/Users/Wehtt/And
roidStudioProjects/regenesis/
app/src/main/java/dev/aurakai
/auraframefx/oracledrive/gene
sis/ai/task/DefaultTaskSchedu
ler.kt:37:136 Unresolved 
reference 'TaskStatus'.
e: file:///C:/Users/Wehtt/And
roidStudioProjects/regenesis/
app/src/main/java/dev/aurakai
/auraframefx/oracledrive/gene
sis/ai/task/TaskScheduler.kt:
3:39 Unresolved reference 
'Task'.
e: file:///C:/Users/Wehtt/And
roidStudioProjects/regenesis/
app/src/main/java/dev/aurakai
/auraframefx/oracledrive/gene
sis/ai/task/TaskScheduler.kt:
9:36 Unresolved reference 
'Task'.
e: file:///C:/Users/Wehtt/And
roidStudioProjects/regenesis/
app/src/main/java/dev/aurakai
/auraframefx/oracledrive/gene
sis/ai/utils/VertexAIUtils.kt
:4:55 Unresolved reference 
'VertexAIConfig'.
e: file:///C:/Users/Wehtt/And
roidStudioProjects/regenesis/
app/src/main/java/dev/aurakai
/auraframefx/oracledrive/gene
sis/ai/utils/VertexAIUtils.kt
:37:55 Unresolved reference 
'VertexAIConfig'.
e: file:///C:/Users/Wehtt/And
roidStudioProjects/regenesis/
app/src/main/java/dev/aurakai
/auraframefx/oracledrive/gene
sis/ai/utils/VertexAIUtils.kt
:39:16 Unresolved reference 
'VertexAIConfig'.
e: file:///C:/Users/Wehtt/And
roidStudioProjects/regenesis/
app/src/main/java/dev/aurakai
/auraframefx/oracledrive/gene
sis/ai/utils/VertexAIUtils.kt
:84:27 Unresolved reference 
'VertexAIConfig'.
e: file:///C:/Users/Wehtt/And
roidStudioProjects/regenesis/
app/src/main/java/dev/aurakai
/auraframefx/oracledrive/gene
sis/ai/utils/VertexAIUtils.kt
:86:40 Unresolved reference 
'projectId'.
e: file:///C:/Users/Wehtt/And
roidStudioProjects/regenesis/
app/src/main/java/dev/aurakai
/auraframefx/oracledrive/gene
sis/ai/utils/VertexAIUtils.kt
:86:74 Unresolved reference 
'location'.
e: file:///C:/Users/Wehtt/And
roidStudioProjects/regenesis/
app/src/main/java/dev/aurakai
/auraframefx/oracledrive/gene
sis/ai/utils/VertexAIUtils.kt
:102:46 Unresolved reference 
'VertexAIConfig'.
e: file:///C:/Users/Wehtt/And
roidStudioProjects/regenesis/
app/src/main/java/dev/aurakai
/auraframefx/oracledrive/gene
sis/ai/viewmodel/GenesisAgent
ViewModel.kt:7:59 Unresolved 
reference 'HistoricalTask'.
e: file:///C:/Users/Wehtt/And
roidStudioProjects/regenesis/
app/src/main/java/dev/aurakai
/auraframefx/oracledrive/gene
sis/ai/viewmodel/GenesisAgent
ViewModel.kt:42:53 
Unresolved reference 
'HistoricalTask'.
e: file:///C:/Users/Wehtt/And
roidStudioProjects/regenesis/
app/src/main/java/dev/aurakai
/auraframefx/oracledrive/gene
sis/ai/viewmodel/GenesisAgent
ViewModel.kt:42:70 Cannot 
infer type for type 
parameter 'T'. Specify it 
explicitly.
e: file:///C:/Users/Wehtt/And
roidStudioProjects/regenesis/
app/src/main/java/dev/aurakai
/auraframefx/oracledrive/gene
sis/ai/viewmodel/GenesisAgent
ViewModel.kt:42:70 Argument 
type mismatch: actual type 
is 'List<uninferred T (of 
fun <T> emptyList)>', but 
'List<ERROR CLASS: Symbol 
not found for 
HistoricalTask>' was 
expected.
e: file:///C:/Users/Wehtt/And
roidStudioProjects/regenesis/
app/src/main/java/dev/aurakai
/auraframefx/oracledrive/gene
sis/ai/viewmodel/GenesisAgent
ViewModel.kt:43:36 
Unresolved reference 
'HistoricalTask'.
e: file:///C:/Users/Wehtt/And
roidStudioProjects/regenesis/
app/src/main/java/dev/aurakai
/auraframefx/oracledrive/gene
sis/ai/viewmodel/GenesisAgent
ViewModel.kt:55:41 
Unresolved reference 
'MASTER'.
e: file:///C:/Users/Wehtt/And
roidStudioProjects/regenesis/
app/src/main/java/dev/aurakai
/auraframefx/oracledrive/gene
sis/ai/viewmodel/GenesisAgent
ViewModel.kt:61:41 
Unresolved reference 
'BRIDGE'.
e: file:///C:/Users/Wehtt/And
roidStudioProjects/regenesis/
app/src/main/java/dev/aurakai
/auraframefx/oracledrive/gene
sis/ai/viewmodel/GenesisAgent
ViewModel.kt:67:41 
Unresolved reference 
'AUXILIARY'.
e: file:///C:/Users/Wehtt/And
roidStudioProjects/regenesis/
app/src/main/java/dev/aurakai
/auraframefx/oracledrive/gene
sis/ai/viewmodel/GenesisAgent
ViewModel.kt:73:41 
Unresolved reference 
'AUXILIARY'.
e: file:///C:/Users/Wehtt/And
roidStudioProjects/regenesis/
app/src/main/java/dev/aurakai
/auraframefx/oracledrive/gene
sis/ai/viewmodel/GenesisAgent
ViewModel.kt:91:45 'when' 
expression must be 
exhaustive. Add the 
'Genesis', 'Aura', 'Kai', 
'Cascade', 'Claude', 
'NeuralWhisper', 
'AuraShield', ... branches 
or an 'else' branch.
e: file:///C:/Users/Wehtt/And
roidStudioProjects/regenesis/
app/src/main/java/dev/aurakai
/auraframefx/oracledrive/gene
sis/ai/viewmodel/GenesisAgent
ViewModel.kt:96:30 
Unresolved reference 
'NEURAL_WHISPER'.
e: file:///C:/Users/Wehtt/And
roidStudioProjects/regenesis/
app/src/main/java/dev/aurakai
/auraframefx/oracledrive/gene
sis/ai/viewmodel/GenesisAgent
ViewModel.kt:97:30 
Unresolved reference 
'AURASHIELD'.
e: file:///C:/Users/Wehtt/And
roidStudioProjects/regenesis/
app/src/main/java/dev/aurakai
/auraframefx/oracledrive/gene
sis/ai/viewmodel/GenesisAgent
ViewModel.kt:120:16 'when' 
expression must be 
exhaustive. Add the 
'Genesis', 'Aura', 'Kai', 
'Cascade', 'Claude', 
'NeuralWhisper', 
'AuraShield', ... branches 
or an 'else' branch.
e: file:///C:/Users/Wehtt/And
roidStudioProjects/regenesis/
app/src/main/java/dev/aurakai
/auraframefx/oracledrive/gene
sis/ai/viewmodel/GenesisAgent
ViewModel.kt:125:30 
Unresolved reference 
'NEURAL_WHISPER'.
e: file:///C:/Users/Wehtt/And
roidStudioProjects/regenesis/
app/src/main/java/dev/aurakai
/auraframefx/oracledrive/gene
sis/ai/viewmodel/GenesisAgent
ViewModel.kt:126:30 
Unresolved reference 
'AURASHIELD'.
e: file:///C:/Users/Wehtt/And
roidStudioProjects/regenesis/
app/src/main/java/dev/aurakai
/auraframefx/oracledrive/gene
sis/ai/viewmodel/GenesisAgent
ViewModel.kt:130:16 'when' 
expression must be 
exhaustive. Add the 
'Genesis', 'Aura', 'Kai', 
'Cascade', 'Claude', 
'NeuralWhisper', 
'AuraShield', ... branches 
or an 'else' branch.
e: file:///C:/Users/Wehtt/And
roidStudioProjects/regenesis/
app/src/main/java/dev/aurakai
/auraframefx/oracledrive/gene
sis/ai/viewmodel/GenesisAgent
ViewModel.kt:135:30 
Unresolved reference 
'NEURAL_WHISPER'.
e: file:///C:/Users/Wehtt/And
roidStudioProjects/regenesis/
app/src/main/java/dev/aurakai
/auraframefx/oracledrive/gene
sis/ai/viewmodel/GenesisAgent
ViewModel.kt:136:30 
Unresolved reference 
'AURASHIELD'.
e: file:///C:/Users/Wehtt/And
roidStudioProjects/regenesis/
app/src/main/java/dev/aurakai
/auraframefx/oracledrive/gene
sis/ai/viewmodel/GenesisAgent
ViewModel.kt:177:22 
Unresolved reference 
'HistoricalTask'.
e: file:///C:/Users/Wehtt/And
roidStudioProjects/regenesis/
app/src/main/java/dev/aurakai
/auraframefx/oracledrive/gene
sis/ai/viewmodel/GenesisAgent
ViewModel.kt:188:29 Cannot 
infer type for type 
parameter 'T'. Specify it 
explicitly.
e: file:///C:/Users/Wehtt/And
roidStudioProjects/regenesis/
app/src/main/java/dev/aurakai
/auraframefx/oracledrive/gene
sis/ai/viewmodel/GenesisAgent
ViewModel.kt:218:38 Operator 
'==' cannot be applied to 'de
v.aurakai.auraframefx.models.
AgentPriority' and 
'AgentPriority'.
e: file:///C:/Users/Wehtt/And
roidStudioProjects/regenesis/
app/src/main/java/dev/aurakai
/auraframefx/oracledrive/gene
sis/cloud/CloudStorageProvide
rImpl.kt:4:44 Unresolved 
reference 'FileMetadata'.
e: file:///C:/Users/Wehtt/And
roidStudioProjects/regenesis/
app/src/main/java/dev/aurakai
/auraframefx/oracledrive/gene
sis/cloud/CloudStorageProvide
rImpl.kt:5:44 Unresolved 
reference 'FileResult'.
e: file:///C:/Users/Wehtt/And
roidStudioProjects/regenesis/
app/src/main/java/dev/aurakai
/auraframefx/oracledrive/gene
sis/cloud/CloudStorageProvide
rImpl.kt:6:44 Unresolved 
reference 
'StorageOptimization'.
e: file:///C:/Users/Wehtt/And
roidStudioProjects/regenesis/
app/src/main/java/dev/aurakai
/auraframefx/oracledrive/gene
sis/cloud/CloudStorageProvide
rImpl.kt:7:44 Unresolved 
reference 
'SyncConfiguration'.
e: file:///C:/Users/Wehtt/And
roidStudioProjects/regenesis/
app/src/main/java/dev/aurakai
/auraframefx/oracledrive/gene
sis/cloud/CloudStorageProvide
rImpl.kt:18:6 Class 
'CloudStorageProviderImpl' 
is not abstract and does not 
implement abstract members:
suspend fun uploadFile(file: 
File, metadata: Map<String, 
Any>?): FileResult
fun StorageOptimization(bytes
Freed: Long, filesOptimized: 
Int, compressionRatio: 
Float, success: Boolean, 
message: String): 
StorageOptimizationResult
e: file:///C:/Users/Wehtt/And
roidStudioProjects/regenesis/
app/src/main/java/dev/aurakai
/auraframefx/oracledrive/gene
sis/cloud/CloudStorageProvide
rImpl.kt:20:45 Unresolved 
reference 
'StorageOptimizationResult'.
e: file:///C:/Users/Wehtt/And
roidStudioProjects/regenesis/
app/src/main/java/dev/aurakai
/auraframefx/oracledrive/gene
sis/cloud/CloudStorageProvide
rImpl.kt:22:16 Unresolved 
reference 
'StorageOptimizationResult'.
e: file:///C:/Users/Wehtt/And
roidStudioProjects/regenesis/
app/src/main/java/dev/aurakai
/auraframefx/oracledrive/gene
sis/cloud/CloudStorageProvide
rImpl.kt:43:13 No parameter 
with name 'success' found.
e: file:///C:/Users/Wehtt/And
roidStudioProjects/regenesis/
app/src/main/java/dev/aurakai
/auraframefx/oracledrive/gene
sis/cloud/CloudStorageProvide
rImpl.kt:44:13 No parameter 
with name 'message' found.
e: file:///C:/Users/Wehtt/And
roidStudioProjects/regenesis/
app/src/main/java/dev/aurakai
/auraframefx/oracledrive/gene
sis/cloud/CloudStorageProvide
rImpl.kt:45:13 No parameter 
with name 'fileId' found.
e: file:///C:/Users/Wehtt/And
roidStudioProjects/regenesis/
app/src/main/java/dev/aurakai
/auraframefx/oracledrive/gene
sis/cloud/CloudStorageProvide
rImpl.kt:46:13 No parameter 
with name 'bytesProcessed' 
found.
e: file:///C:/Users/Wehtt/And
roidStudioProjects/regenesis/
app/src/main/java/dev/aurakai
/auraframefx/oracledrive/gene
sis/cloud/CloudStorageProvide
rImpl.kt:52:13 No parameter 
with name 'success' found.
e: file:///C:/Users/Wehtt/And
roidStudioProjects/regenesis/
app/src/main/java/dev/aurakai
/auraframefx/oracledrive/gene
sis/cloud/CloudStorageProvide
rImpl.kt:53:13 No parameter 
with name 'message' found.
e: file:///C:/Users/Wehtt/And
roidStudioProjects/regenesis/
app/src/main/java/dev/aurakai
/auraframefx/oracledrive/gene
sis/cloud/CloudStorageProvide
rImpl.kt:54:13 No parameter 
with name 'fileId' found.
e: file:///C:/Users/Wehtt/And
roidStudioProjects/regenesis/
app/src/main/java/dev/aurakai
/auraframefx/oracledrive/gene
sis/cloud/CloudStorageProvide
rImpl.kt:55:13 No parameter 
with name 'bytesProcessed' 
found.
e: file:///C:/Users/Wehtt/And
roidStudioProjects/regenesis/
app/src/main/java/dev/aurakai
/auraframefx/oracledrive/gene
sis/cloud/CloudStorageProvide
rImpl.kt:61:13 No parameter 
with name 'success' found.
e: file:///C:/Users/Wehtt/And
roidStudioProjects/regenesis/
app/src/main/java/dev/aurakai
/auraframefx/oracledrive/gene
sis/cloud/CloudStorageProvide
rImpl.kt:62:13 No parameter 
with name 'message' found.
e: file:///C:/Users/Wehtt/And
roidStudioProjects/regenesis/
app/src/main/java/dev/aurakai
/auraframefx/oracledrive/gene
sis/cloud/CloudStorageProvide
rImpl.kt:63:13 No parameter 
with name 'fileId' found.
e: file:///C:/Users/Wehtt/And
roidStudioProjects/regenesis/
app/src/main/java/dev/aurakai
/auraframefx/oracledrive/gene
sis/cloud/CloudStorageProvide
rImpl.kt:64:13 No parameter 
with name 'bytesProcessed' 
found.
e: file:///C:/Users/Wehtt/And
roidStudioProjects/regenesis/
app/src/main/java/dev/aurakai
/auraframefx/oracledrive/gene
sis/cloud/CloudStorageProvide
rImpl.kt:70:13 No parameter 
with name 'success' found.
e: file:///C:/Users/Wehtt/And
roidStudioProjects/regenesis/
app/src/main/java/dev/aurakai
/auraframefx/oracledrive/gene
sis/cloud/CloudStorageProvide
rImpl.kt:71:13 No parameter 
with name 'message' found.
e: file:///C:/Users/Wehtt/And
roidStudioProjects/regenesis/
app/src/main/java/dev/aurakai
/auraframefx/oracledrive/gene
sis/cloud/CloudStorageProvide
rImpl.kt:72:13 No parameter 
with name 'fileId' found.
e: file:///C:/Users/Wehtt/And
roidStudioProjects/regenesis/
app/src/main/java/dev/aurakai
/auraframefx/oracledrive/gene
sis/cloud/CloudStorageProvide
rImpl.kt:73:13 No parameter 
with name 'bytesProcessed' 
found.
e: file:///C:/Users/Wehtt/And
roidStudioProjects/regenesis/
app/src/main/java/dev/aurakai
/auraframefx/oracledrive/gene
sis/cloud/OracleDriveApi.kt:3
:44 Unresolved reference 
'DriveConsciousnessState'.
e: file:///C:/Users/Wehtt/And
roidStudioProjects/regenesis/
app/src/main/java/dev/aurakai
/auraframefx/oracledrive/gene
sis/cloud/OracleDriveApi.kt:4
:44 Unresolved reference 
'OracleSyncResult'.
e: file:///C:/Users/Wehtt/And
roidStudioProjects/regenesis/
app/src/main/java/dev/aurakai
/auraframefx/oracledrive/gene
sis/cloud/OracleDriveControlS
creen.kt:36:24 Unresolved 
reference 'viewmodel'.
e: file:///C:/Users/Wehtt/And
roidStudioProjects/regenesis/
app/src/main/java/dev/aurakai
/auraframefx/oracledrive/gene
sis/cloud/OracleDriveControlS
creen.kt:78:16 Unresolved 
reference 'OracleDriveControl
ViewModel'.
e: file:///C:/Users/Wehtt/And
roidStudioProjects/regenesis/
app/src/main/java/dev/aurakai
/auraframefx/oracledrive/gene
sis/cloud/OracleDriveControlS
creen.kt:78:46 Cannot infer 
type for type parameter 
'VM'. Specify it explicitly.
e: file:///C:/Users/Wehtt/And
roidStudioProjects/regenesis/
app/src/main/java/dev/aurakai
/auraframefx/oracledrive/gene
sis/cloud/OracleDriveControlS
creen.kt:81:21 Property 
delegate must have a 
'getValue(Nothing?, 
KProperty0<ERROR CLASS: 
Cannot infer argument for 
type parameter T>)' method. 
None of the following 
functions is applicable:
fun <T> 
State<T>.getValue(thisObj: 
Any?, property: 
KProperty<*>): T
e: file:///C:/Users/Wehtt/And
roidStudioProjects/regenesis/
app/src/main/java/dev/aurakai
/auraframefx/oracledrive/gene
sis/cloud/OracleDriveControlS
creen.kt:81:24 Cannot infer 
type for type parameter 'T'. 
Specify it explicitly.
e: file:///C:/Users/Wehtt/And
roidStudioProjects/regenesis/
app/src/main/java/dev/aurakai
/auraframefx/oracledrive/gene
sis/cloud/OracleDriveControlS
creen.kt:81:34 Unresolved 
reference 
'isServiceConnected'.
e: file:///C:/Users/Wehtt/And
roidStudioProjects/regenesis/
app/src/main/java/dev/aurakai
/auraframefx/oracledrive/gene
sis/cloud/OracleDriveControlS
creen.kt:81:53 Cannot infer 
type for type parameter 'T'. 
Specify it explicitly.
e: file:///C:/Users/Wehtt/And
roidStudioProjects/regenesis/
app/src/main/java/dev/aurakai
/auraframefx/oracledrive/gene
sis/cloud/OracleDriveControlS
creen.kt:82:16 Property 
delegate must have a 
'getValue(Nothing?, 
KProperty0<ERROR CLASS: 
Cannot infer argument for 
type parameter T>)' method. 
None of the following 
functions is applicable:
fun <T> 
State<T>.getValue(thisObj: 
Any?, property: 
KProperty<*>): T
e: file:///C:/Users/Wehtt/And
roidStudioProjects/regenesis/
app/src/main/java/dev/aurakai
/auraframefx/oracledrive/gene
sis/cloud/OracleDriveControlS
creen.kt:82:19 Cannot infer 
type for type parameter 'T'. 
Specify it explicitly.
e: file:///C:/Users/Wehtt/And
roidStudioProjects/regenesis/
app/src/main/java/dev/aurakai
/auraframefx/oracledrive/gene
sis/cloud/OracleDriveControlS
creen.kt:82:29 Unresolved 
reference 'status'.
e: file:///C:/Users/Wehtt/And
roidStudioProjects/regenesis/
app/src/main/java/dev/aurakai
/auraframefx/oracledrive/gene
sis/cloud/OracleDriveControlS
creen.kt:82:36 Cannot infer 
type for type parameter 'T'. 
Specify it explicitly.
e: file:///C:/Users/Wehtt/And
roidStudioProjects/regenesis/
app/src/main/java/dev/aurakai
/auraframefx/oracledrive/gene
sis/cloud/OracleDriveControlS
creen.kt:83:24 Property 
delegate must have a 
'getValue(Nothing?, 
KProperty0<ERROR CLASS: 
Cannot infer argument for 
type parameter T>)' method. 
None of the following 
functions is applicable:
fun <T> 
State<T>.getValue(thisObj: 
Any?, property: 
KProperty<*>): T
e: file:///C:/Users/Wehtt/And
roidStudioProjects/regenesis/
app/src/main/java/dev/aurakai
/auraframefx/oracledrive/gene
sis/cloud/OracleDriveControlS
creen.kt:83:27 Cannot infer 
type for type parameter 'T'. 
Specify it explicitly.
e: file:///C:/Users/Wehtt/And
roidStudioProjects/regenesis/
app/src/main/java/dev/aurakai
/auraframefx/oracledrive/gene
sis/cloud/OracleDriveControlS
creen.kt:83:37 Unresolved 
reference 'detailedStatus'.
e: file:///C:/Users/Wehtt/And
roidStudioProjects/regenesis/
app/src/main/java/dev/aurakai
/auraframefx/oracledrive/gene
sis/cloud/OracleDriveControlS
creen.kt:83:52 Cannot infer 
type for type parameter 'T'. 
Specify it explicitly.
e: file:///C:/Users/Wehtt/And
roidStudioProjects/regenesis/
app/src/main/java/dev/aurakai
/auraframefx/oracledrive/gene
sis/cloud/OracleDriveControlS
creen.kt:84:24 Property 
delegate must have a 
'getValue(Nothing?, 
KProperty0<ERROR CLASS: 
Cannot infer argument for 
type parameter T>)' method. 
None of the following 
functions is applicable:
fun <T> 
State<T>.getValue(thisObj: 
Any?, property: 
KProperty<*>): T
e: file:///C:/Users/Wehtt/And
roidStudioProjects/regenesis/
app/src/main/java/dev/aurakai
/auraframefx/oracledrive/gene
sis/cloud/OracleDriveControlS
creen.kt:84:27 Cannot infer 
type for type parameter 'T'. 
Specify it explicitly.
e: file:///C:/Users/Wehtt/And
roidStudioProjects/regenesis/
app/src/main/java/dev/aurakai
/auraframefx/oracledrive/gene
sis/cloud/OracleDriveControlS
creen.kt:84:37 Unresolved 
reference 'diagnosticsLog'.
e: file:///C:/Users/Wehtt/And
roidStudioProjects/regenesis/
app/src/main/java/dev/aurakai
/auraframefx/oracledrive/gene
sis/cloud/OracleDriveControlS
creen.kt:84:52 Cannot infer 
type for type parameter 'T'. 
Specify it explicitly.
e: file:///C:/Users/Wehtt/And
roidStudioProjects/regenesis/
app/src/main/java/dev/aurakai
/auraframefx/oracledrive/gene
sis/cloud/OracleDriveControlS
creen.kt:93:19 Unresolved 
reference 'bindService'.
e: file:///C:/Users/Wehtt/And
roidStudioProjects/regenesis/
app/src/main/java/dev/aurakai
/auraframefx/oracledrive/gene
sis/cloud/OracleDriveControlS
creen.kt:94:19 Unresolved 
reference 'refreshStatus'.
e: file:///C:/Users/Wehtt/And
roidStudioProjects/regenesis/
app/src/main/java/dev/aurakai
/auraframefx/oracledrive/gene
sis/cloud/OracleDriveControlS
creen.kt:98:31 Unresolved 
reference 'unbindService'.
e: file:///C:/Users/Wehtt/And
roidStudioProjects/regenesis/
app/src/main/java/dev/aurakai
/auraframefx/oracledrive/gene
sis/cloud/OracleDriveControlS
creen.kt:106:23 Unresolved 
reference 'refreshStatus'.
e: file:///C:/Users/Wehtt/And
roidStudioProjects/regenesis/
app/src/main/java/dev/aurakai
/auraframefx/oracledrive/gene
sis/cloud/OracleDriveControlS
creen.kt:120:23 Unresolved 
reference 'toggleModule'.
e: file:///C:/Users/Wehtt/And
roidStudioProjects/regenesis/
app/src/main/java/dev/aurakai
/auraframefx/oracledrive/ipc/
IAuraDriveService.kt:38:9 
Property must be initialized 
or be abstract.
e: file:///C:/Users/Wehtt/And
roidStudioProjects/regenesis/
app/src/main/java/dev/aurakai
/auraframefx/oracledrive/ipc/
IAuraDriveService.kt:38:13 
Conflicting declarations:
object Stub : Any
e: file:///C:/Users/Wehtt/And
roidStudioProjects/regenesis/
app/src/main/java/dev/aurakai
/auraframefx/oracledrive/ipc/
IAuraDriveService.kt:40:16 
Conflicting declarations:
val Stub: Any
e: file:///C:/Users/Wehtt/And
roidStudioProjects/regenesis/
app/src/main/java/dev/aurakai
/auraframefx/oracledrive/secu
rity/DriveSecurityManager.kt:
3:44 Unresolved reference 
'AccessCheck'.
e: file:///C:/Users/Wehtt/And
roidStudioProjects/regenesis/
app/src/main/java/dev/aurakai
/auraframefx/oracledrive/secu
rity/DriveSecurityManager.kt:
4:44 Unresolved reference 
'DeletionValidation'.
e: file:///C:/Users/Wehtt/And
roidStudioProjects/regenesis/
app/src/main/java/dev/aurakai
/auraframefx/oracledrive/secu
rity/DriveSecurityManager.kt:
6:44 Unresolved reference 
'SecurityCheck'.
e: file:///C:/Users/Wehtt/And
roidStudioProjects/regenesis/
app/src/main/java/dev/aurakai
/auraframefx/oracledrive/secu
rity/DriveSecurityManager.kt:
20:32 Unresolved reference 
'SecurityCheck'.
e: file:///C:/Users/Wehtt/And
roidStudioProjects/regenesis/
app/src/main/java/dev/aurakai
/auraframefx/oracledrive/secu
rity/DriveSecurityManager.kt:
37:61 Unresolved reference 
'AccessCheck'.
e: file:///C:/Users/Wehtt/And
roidStudioProjects/regenesis/
app/src/main/java/dev/aurakai
/auraframefx/oracledrive/secu
rity/DriveSecurityManager.kt:
46:59 Unresolved reference 
'DeletionValidation'.
e: file:///C:/Users/Wehtt/And
roidStudioProjects/regenesis/
app/src/main/java/dev/aurakai
/auraframefx/oracledrive/serv
ice/GenesisSecureFileService.
kt:56:45 Too many arguments 
for 'fun encrypt(input: 
ByteArray): ByteArray'.
e: file:///C:/Users/Wehtt/And
roidStudioProjects/regenesis/
app/src/main/java/dev/aurakai
/auraframefx/oracledrive/serv
ice/GenesisSecureFileService.
kt:109:70 Too many arguments 
for 'fun decrypt(input: 
ByteArray): ByteArray'.
e: file:///C:/Users/Wehtt/And
roidStudioProjects/regenesis/
app/src/main/java/dev/aurakai
/auraframefx/oracledrive/serv
ice/GenesisSecureFileService.
kt:138:31 Unresolved 
reference 'removeKey'.
e: file:///C:/Users/Wehtt/And
roidStudioProjects/regenesis/
app/src/main/java/dev/aurakai
/auraframefx/oracledrive/serv
ice/OracleDriveServiceImpl.kt
:31:13 No value passed for 
parameter 'connectedAgents'.
e: file:///C:/Users/Wehtt/And
roidStudioProjects/regenesis/
app/src/main/java/dev/aurakai
/auraframefx/oracledrive/serv
ice/OracleDriveServiceImpl.kt
:56:26 Unresolved reference 
'log'.
e: file:///C:/Users/Wehtt/And
roidStudioProjects/regenesis/
app/src/main/java/dev/aurakai
/auraframefx/oracledrive/serv
ice/OracleDriveServiceImpl.kt
:59:47 Unresolved reference 
'validateSecurityState'.
e: file:///C:/Users/Wehtt/And
roidStudioProjects/regenesis/
app/src/main/java/dev/aurakai
/auraframefx/oracledrive/serv
ice/OracleDriveServiceImpl.kt
:65:48 Unresolved reference 
'optimizeProcess'.
e: file:///C:/Users/Wehtt/And
roidStudioProjects/regenesis/
app/src/main/java/dev/aurakai
/auraframefx/oracledrive/serv
ice/OracleDriveServiceImpl.kt
:77:67 Unresolved reference 
'intelligenceLevel'.
e: file:///C:/Users/Wehtt/And
roidStudioProjects/regenesis/
app/src/main/java/dev/aurakai
/auraframefx/oracledrive/serv
ice/OracleDriveServiceImpl.kt
:83:58 Unresolved reference 
'activeAgents'.
e: file:///C:/Users/Wehtt/And
roidStudioProjects/regenesis/
app/src/main/java/dev/aurakai
/auraframefx/oracledrive/serv
ice/OracleDriveServiceImpl.kt
:157:17 No value passed for 
parameter 'featuresEnabled'.
e: file:///C:/Users/Wehtt/And
roidStudioProjects/regenesis/
app/src/main/java/dev/aurakai
/auraframefx/oracledrive/ui/s
creens/OracleDriveControlScre
en.kt:36:42 Unresolved 
reference 'OracleDriveControl
ViewModel'.
e: file:///C:/Users/Wehtt/And
roidStudioProjects/regenesis/
app/src/main/java/dev/aurakai
/auraframefx/oracledrive/ui/s
creens/OracleDriveControlScre
en.kt:49:16 Unresolved 
reference 'OracleDriveControl
ViewModel'.
e: file:///C:/Users/Wehtt/And
roidStudioProjects/regenesis/
app/src/main/java/dev/aurakai
/auraframefx/oracledrive/ui/s
creens/OracleDriveControlScre
en.kt:49:46 Cannot infer 
type for type parameter 
'VM'. Specify it explicitly.
e: file:///C:/Users/Wehtt/And
roidStudioProjects/regenesis/
app/src/main/java/dev/aurakai
/auraframefx/oracledrive/ui/s
creens/OracleDriveControlScre
en.kt:52:21 Property 
delegate must have a 
'getValue(Nothing?, 
KProperty0<ERROR CLASS: 
Cannot infer argument for 
type parameter T>)' method. 
None of the following 
functions is applicable:
fun <T> 
State<T>.getValue(thisObj: 
Any?, property: 
KProperty<*>): T
e: file:///C:/Users/Wehtt/And
roidStudioProjects/regenesis/
app/src/main/java/dev/aurakai
/auraframefx/oracledrive/ui/s
creens/OracleDriveControlScre
en.kt:52:24 Cannot infer 
type for type parameter 'T'. 
Specify it explicitly.
e: file:///C:/Users/Wehtt/And
roidStudioProjects/regenesis/
app/src/main/java/dev/aurakai
/auraframefx/oracledrive/ui/s
creens/OracleDriveControlScre
en.kt:52:34 Unresolved 
reference 
'isServiceConnected'.
e: file:///C:/Users/Wehtt/And
roidStudioProjects/regenesis/
app/src/main/java/dev/aurakai
/auraframefx/oracledrive/ui/s
creens/OracleDriveControlScre
en.kt:52:53 Cannot infer 
type for type parameter 'T'. 
Specify it explicitly.
e: file:///C:/Users/Wehtt/And
roidStudioProjects/regenesis/
app/src/main/java/dev/aurakai
/auraframefx/oracledrive/ui/s
creens/OracleDriveControlScre
en.kt:53:16 Property 
delegate must have a 
'getValue(Nothing?, 
KProperty0<ERROR CLASS: 
Cannot infer argument for 
type parameter T>)' method. 
None of the following 
functions is applicable:
fun <T> 
State<T>.getValue(thisObj: 
Any?, property: 
KProperty<*>): T
e: file:///C:/Users/Wehtt/And
roidStudioProjects/regenesis/
app/src/main/java/dev/aurakai
/auraframefx/oracledrive/ui/s
creens/OracleDriveControlScre
en.kt:53:19 Cannot infer 
type for type parameter 'T'. 
Specify it explicitly.
e: file:///C:/Users/Wehtt/And
roidStudioProjects/regenesis/
app/src/main/java/dev/aurakai
/auraframefx/oracledrive/ui/s
creens/OracleDriveControlScre
en.kt:53:29 Unresolved 
reference 'status'.
e: file:///C:/Users/Wehtt/And
roidStudioProjects/regenesis/
app/src/main/java/dev/aurakai
/auraframefx/oracledrive/ui/s
creens/OracleDriveControlScre
en.kt:53:36 Cannot infer 
type for type parameter 'T'. 
Specify it explicitly.
e: file:///C:/Users/Wehtt/And
roidStudioProjects/regenesis/
app/src/main/java/dev/aurakai
/auraframefx/oracledrive/ui/s
creens/OracleDriveControlScre
en.kt:54:24 Property 
delegate must have a 
'getValue(Nothing?, 
KProperty0<ERROR CLASS: 
Cannot infer argument for 
type parameter T>)' method. 
None of the following 
functions is applicable:
fun <T> 
State<T>.getValue(thisObj: 
Any?, property: 
KProperty<*>): T
e: file:///C:/Users/Wehtt/And
roidStudioProjects/regenesis/
app/src/main/java/dev/aurakai
/auraframefx/oracledrive/ui/s
creens/OracleDriveControlScre
en.kt:54:27 Cannot infer 
type for type parameter 'T'. 
Specify it explicitly.
e: file:///C:/Users/Wehtt/And
roidStudioProjects/regenesis/
app/src/main/java/dev/aurakai
/auraframefx/oracledrive/ui/s
creens/OracleDriveControlScre
en.kt:54:37 Unresolved 
reference 'detailedStatus'.
e: file:///C:/Users/Wehtt/And
roidStudioProjects/regenesis/
app/src/main/java/dev/aurakai
/auraframefx/oracledrive/ui/s
creens/OracleDriveControlScre
en.kt:54:52 Cannot infer 
type for type parameter 'T'. 
Specify it explicitly.
e: file:///C:/Users/Wehtt/And
roidStudioProjects/regenesis/
app/src/main/java/dev/aurakai
/auraframefx/oracledrive/ui/s
creens/OracleDriveControlScre
en.kt:55:24 Property 
delegate must have a 
'getValue(Nothing?, 
KProperty0<ERROR CLASS: 
Cannot infer argument for 
type parameter T>)' method. 
None of the following 
functions is applicable:
fun <T> 
State<T>.getValue(thisObj: 
Any?, property: 
KProperty<*>): T
e: file:///C:/Users/Wehtt/And
roidStudioProjects/regenesis/
app/src/main/java/dev/aurakai
/auraframefx/oracledrive/ui/s
creens/OracleDriveControlScre
en.kt:55:27 Cannot infer 
type for type parameter 'T'. 
Specify it explicitly.
e: file:///C:/Users/Wehtt/And
roidStudioProjects/regenesis/
app/src/main/java/dev/aurakai
/auraframefx/oracledrive/ui/s
creens/OracleDriveControlScre
en.kt:55:37 Unresolved 
reference 'diagnosticsLog'.
e: file:///C:/Users/Wehtt/And
roidStudioProjects/regenesis/
app/src/main/java/dev/aurakai
/auraframefx/oracledrive/ui/s
creens/OracleDriveControlScre
en.kt:55:52 Cannot infer 
type for type parameter 'T'. 
Specify it explicitly.
e: file:///C:/Users/Wehtt/And
roidStudioProjects/regenesis/
app/src/main/java/dev/aurakai
/auraframefx/oracledrive/ui/s
creens/OracleDriveControlScre
en.kt:64:19 Unresolved 
reference 'bindService'.
e: file:///C:/Users/Wehtt/And
roidStudioProjects/regenesis/
app/src/main/java/dev/aurakai
/auraframefx/oracledrive/ui/s
creens/OracleDriveControlScre
en.kt:65:19 Unresolved 
reference 'refreshStatus'.
e: file:///C:/Users/Wehtt/And
roidStudioProjects/regenesis/
app/src/main/java/dev/aurakai
/auraframefx/oracledrive/ui/s
creens/OracleDriveControlScre
en.kt:69:31 Unresolved 
reference 'unbindService'.
e: file:///C:/Users/Wehtt/And
roidStudioProjects/regenesis/
app/src/main/java/dev/aurakai
/auraframefx/oracledrive/ui/s
creens/OracleDriveControlScre
en.kt:78:27 Unresolved 
reference 'refreshStatus'.
e: file:///C:/Users/Wehtt/And
roidStudioProjects/regenesis/
app/src/main/java/dev/aurakai
/auraframefx/oracledrive/ui/s
creens/OracleDriveControlScre
en.kt:93:27 Unresolved 
reference 'toggleModule'.
e: file:///C:/Users/Wehtt/And
roidStudioProjects/regenesis/
app/src/main/java/dev/aurakai
/auraframefx/oracledrive/ui/s
creens/OracleDriveControlScre
en.kt:222:16 Unresolved 
reference 'OracleDriveControl
ViewModel'.
e: file:///C:/Users/Wehtt/And
roidStudioProjects/regenesis/
app/src/main/java/dev/aurakai
/auraframefx/oracledrive/ui/s
creens/OracleDriveControlScre
en.kt:222:46 Cannot infer 
type for type parameter 
'VM'. Specify it explicitly.
e: file:///C:/Users/Wehtt/And
roidStudioProjects/regenesis/
app/src/main/java/dev/aurakai
/auraframefx/oracledrive/ui/s
creens/OracleDriveControlScre
en.kt:225:21 Property 
delegate must have a 
'getValue(Nothing?, 
KProperty0<ERROR CLASS: 
Cannot infer argument for 
type parameter T>)' method. 
None of the following 
functions is applicable:
fun <T> 
State<T>.getValue(thisObj: 
Any?, property: 
KProperty<*>): T
e: file:///C:/Users/Wehtt/And
roidStudioProjects/regenesis/
app/src/main/java/dev/aurakai
/auraframefx/oracledrive/ui/s
creens/OracleDriveControlScre
en.kt:225:24 Cannot infer 
type for type parameter 'T'. 
Specify it explicitly.
e: file:///C:/Users/Wehtt/And
roidStudioProjects/regenesis/
app/src/main/java/dev/aurakai
/auraframefx/oracledrive/ui/s
creens/OracleDriveControlScre
en.kt:225:34 Unresolved 
reference 
'isServiceConnected'.
e: file:///C:/Users/Wehtt/And
roidStudioProjects/regenesis/
app/src/main/java/dev/aurakai
/auraframefx/oracledrive/ui/s
creens/OracleDriveControlScre
en.kt:225:53 Cannot infer 
type for type parameter 'T'. 
Specify it explicitly.
e: file:///C:/Users/Wehtt/And
roidStudioProjects/regenesis/
app/src/main/java/dev/aurakai
/auraframefx/oracledrive/ui/s
creens/OracleDriveControlScre
en.kt:226:16 Property 
delegate must have a 
'getValue(Nothing?, 
KProperty0<ERROR CLASS: 
Cannot infer argument for 
type parameter T>)' method. 
None of the following 
functions is applicable:
fun <T> 
State<T>.getValue(thisObj: 
Any?, property: 
KProperty<*>): T
e: file:///C:/Users/Wehtt/And
roidStudioProjects/regenesis/
app/src/main/java/dev/aurakai
/auraframefx/oracledrive/ui/s
creens/OracleDriveControlScre
en.kt:226:19 Cannot infer 
type for type parameter 'T'. 
Specify it explicitly.
e: file:///C:/Users/Wehtt/And
roidStudioProjects/regenesis/
app/src/main/java/dev/aurakai
/auraframefx/oracledrive/ui/s
creens/OracleDriveControlScre
en.kt:226:29 Unresolved 
reference 'status'.
e: file:///C:/Users/Wehtt/And
roidStudioProjects/regenesis/
app/src/main/java/dev/aurakai
/auraframefx/oracledrive/ui/s
creens/OracleDriveControlScre
en.kt:226:36 Cannot infer 
type for type parameter 'T'. 
Specify it explicitly.
e: file:///C:/Users/Wehtt/And
roidStudioProjects/regenesis/
app/src/main/java/dev/aurakai
/auraframefx/oracledrive/ui/s
creens/OracleDriveControlScre
en.kt:227:24 Property 
delegate must have a 
'getValue(Nothing?, 
KProperty0<ERROR CLASS: 
Cannot infer argument for 
type parameter T>)' method. 
None of the following 
functions is applicable:
fun <T> 
State<T>.getValue(thisObj: 
Any?, property: 
KProperty<*>): T
e: file:///C:/Users/Wehtt/And
roidStudioProjects/regenesis/
app/src/main/java/dev/aurakai
/auraframefx/oracledrive/ui/s
creens/OracleDriveControlScre
en.kt:227:27 Cannot infer 
type for type parameter 'T'. 
Specify it explicitly.
e: file:///C:/Users/Wehtt/And
roidStudioProjects/regenesis/
app/src/main/java/dev/aurakai
/auraframefx/oracledrive/ui/s
creens/OracleDriveControlScre
en.kt:227:37 Unresolved 
reference 'detailedStatus'.
e: file:///C:/Users/Wehtt/And
roidStudioProjects/regenesis/
app/src/main/java/dev/aurakai
/auraframefx/oracledrive/ui/s
creens/OracleDriveControlScre
en.kt:227:52 Cannot infer 
type for type parameter 'T'. 
Specify it explicitly.
e: file:///C:/Users/Wehtt/And
roidStudioProjects/regenesis/
app/src/main/java/dev/aurakai
/auraframefx/oracledrive/ui/s
creens/OracleDriveControlScre
en.kt:228:24 Property 
delegate must have a 
'getValue(Nothing?, 
KProperty0<ERROR CLASS: 
Cannot infer argument for 
type parameter T>)' method. 
None of the following 
functions is applicable:
fun <T> 
State<T>.getValue(thisObj: 
Any?, property: 
KProperty<*>): T
e: file:///C:/Users/Wehtt/And
roidStudioProjects/regenesis/
app/src/main/java/dev/aurakai
/auraframefx/oracledrive/ui/s
creens/OracleDriveControlScre
en.kt:228:27 Cannot infer 
type for type parameter 'T'. 
Specify it explicitly.
e: file:///C:/Users/Wehtt/And
roidStudioProjects/regenesis/
app/src/main/java/dev/aurakai
/auraframefx/oracledrive/ui/s
creens/OracleDriveControlScre
en.kt:228:37 Unresolved 
reference 'diagnosticsLog'.
e: file:///C:/Users/Wehtt/And
roidStudioProjects/regenesis/
app/src/main/java/dev/aurakai
/auraframefx/oracledrive/ui/s
creens/OracleDriveControlScre
en.kt:228:52 Cannot infer 
type for type parameter 'T'. 
Specify it explicitly.
e: file:///C:/Users/Wehtt/And
roidStudioProjects/regenesis/
app/src/main/java/dev/aurakai
/auraframefx/oracledrive/ui/s
creens/OracleDriveControlScre
en.kt:237:19 Unresolved 
reference 'bindService'.
e: file:///C:/Users/Wehtt/And
roidStudioProjects/regenesis/
app/src/main/java/dev/aurakai
/auraframefx/oracledrive/ui/s
creens/OracleDriveControlScre
en.kt:238:19 Unresolved 
reference 'refreshStatus'.
e: file:///C:/Users/Wehtt/And
roidStudioProjects/regenesis/
app/src/main/java/dev/aurakai
/auraframefx/oracledrive/ui/s
creens/OracleDriveControlScre
en.kt:242:31 Unresolved 
reference 'unbindService'.
e: file:///C:/Users/Wehtt/And
roidStudioProjects/regenesis/
app/src/main/java/dev/aurakai
/auraframefx/oracledrive/ui/s
creens/OracleDriveControlScre
en.kt:250:23 Unresolved 
reference 'refreshStatus'.
e: file:///C:/Users/Wehtt/And
roidStudioProjects/regenesis/
app/src/main/java/dev/aurakai
/auraframefx/oracledrive/ui/s
creens/OracleDriveControlScre
en.kt:264:23 Unresolved 
reference 'toggleModule'.
e: file:///C:/Users/Wehtt/And
roidStudioProjects/regenesis/
app/src/main/java/dev/aurakai
/auraframefx/oracledrive/ui/s
creens/OracleDriveControlScre
en.kt:305:9 Unresolved 
reference 'Divider'.
e: file:///C:/Users/Wehtt/And
roidStudioProjects/regenesis/
app/src/main/java/dev/aurakai
/auraframefx/oracledrive/ui/s
creens/OracleDriveControlScre
en.kt:323:9 Unresolved 
reference 'Divider'.
e: file:///C:/Users/Wehtt/And
roidStudioProjects/regenesis/
app/src/main/java/dev/aurakai
/auraframefx/repository/Suppo
rtRepository.kt:37:34 
Unresolved reference 
'getString'.
e: file:///C:/Users/Wehtt/And
roidStudioProjects/regenesis/
app/src/main/java/dev/aurakai
/auraframefx/repository/Suppo
rtRepository.kt:40:19 
Unresolved reference 
'storeString'.
e: file:///C:/Users/Wehtt/And
roidStudioProjects/regenesis/
app/src/main/java/dev/aurakai
/auraframefx/security/Default
SecurityContext.kt:22:30 No 
value passed for parameter 
'context'.
e: file:///C:/Users/Wehtt/And
roidStudioProjects/regenesis/
app/src/main/java/dev/aurakai
/auraframefx/security/Default
SecurityContext.kt:22:30 No 
value passed for parameter 
'keystoreManager'.
e: file:///C:/Users/Wehtt/And
roidStudioProjects/regenesis/
app/src/main/java/dev/aurakai
/auraframefx/security/Default
SecurityContext.kt:24:5 This 
type is final, so it cannot 
be extended.
e: file:///C:/Users/Wehtt/And
roidStudioProjects/regenesis/
app/src/main/java/dev/aurakai
/auraframefx/security/Default
SecurityContext.kt:24:5 This 
type has a constructor, so 
it must be initialized here.
e: file:///C:/Users/Wehtt/And
roidStudioProjects/regenesis/
app/src/main/java/dev/aurakai
/auraframefx/security/Default
SecurityContext.kt:33:5 
'securityState' in 
'SecurityContext' is final 
and cannot be overridden.
e: file:///C:/Users/Wehtt/And
roidStudioProjects/regenesis/
app/src/main/java/dev/aurakai
/auraframefx/security/Default
SecurityContext.kt:34:5 
'encryptionStatus' in 
'SecurityContext' is final 
and cannot be overridden.
e: file:///C:/Users/Wehtt/And
roidStudioProjects/regenesis/
app/src/main/java/dev/aurakai
/auraframefx/security/Default
SecurityContext.kt:35:5 
'permissionsState' in 
'SecurityContext' is final 
and cannot be overridden.
e: file:///C:/Users/Wehtt/And
roidStudioProjects/regenesis/
app/src/main/java/dev/aurakai
/auraframefx/security/Default
SecurityContext.kt:36:5 
'threatDetectionActive' in 
'SecurityContext' is final 
and cannot be overridden.
e: file:///C:/Users/Wehtt/And
roidStudioProjects/regenesis/
app/src/main/java/dev/aurakai
/auraframefx/security/Default
SecurityContext.kt:39:5 
'hasPermission' in 
'SecurityContext' is final 
and cannot be overridden.
e: file:///C:/Users/Wehtt/And
roidStudioProjects/regenesis/
app/src/main/java/dev/aurakai
/auraframefx/security/Default
SecurityContext.kt:44:35 
Assignment type mismatch: 
actual type is 
'EncryptionStatus', but 'Encr
yptionStatus.NOT_INITIALIZED'
 was expected.
e: file:///C:/Users/Wehtt/And
roidStudioProjects/regenesis/
app/src/main/java/dev/aurakai
/auraframefx/security/Default
SecurityContext.kt:63:5 
'startThreatDetection' in 
'SecurityContext' is final 
and cannot be overridden.
e: file:///C:/Users/Wehtt/And
roidStudioProjects/regenesis/
app/src/main/java/dev/aurakai
/auraframefx/security/Default
SecurityContext.kt:67:5 
'stopThreatDetection' in 
'SecurityContext' is final 
and cannot be overridden.
e: file:///C:/Users/Wehtt/And
roidStudioProjects/regenesis/
app/src/main/java/dev/aurakai
/auraframefx/security/Default
SecurityContext.kt:71:5 
'verifyApplicationIntegrity' 
in 'SecurityContext' is 
final and cannot be 
overridden.
e: file:///C:/Users/Wehtt/And
roidStudioProjects/regenesis/
app/src/main/java/dev/aurakai
/auraframefx/security/Default
SecurityContext.kt:71:26 
Suspend function 
'verifyApplicationIntegrity' 
cannot override non-suspend 
function 'fun verifyApplicati
onIntegrity(): 
ApplicationIntegrity' 
defined in 'dev.aurakai.auraf
ramefx.security.SecurityConte
xt'.
e: file:///C:/Users/Wehtt/And
roidStudioProjects/regenesis/
app/src/main/java/dev/aurakai
/auraframefx/security/Default
SecurityContext.kt:98:68 No 
parameter with name 
'isValid' found.
e: file:///C:/Users/Wehtt/And
roidStudioProjects/regenesis/
app/src/main/java/dev/aurakai
/auraframefx/security/Default
SecurityContext.kt:98:68 No 
value passed for parameter 
'verified'.
e: file:///C:/Users/Wehtt/And
roidStudioProjects/regenesis/
app/src/main/java/dev/aurakai
/auraframefx/security/Default
SecurityContext.kt:98:68 No 
value passed for parameter 
'appVersion'.
e: file:///C:/Users/Wehtt/And
roidStudioProjects/regenesis/
app/src/main/java/dev/aurakai
/auraframefx/security/Default
SecurityContext.kt:98:68 No 
value passed for parameter 
'installTime'.
e: file:///C:/Users/Wehtt/And
roidStudioProjects/regenesis/
app/src/main/java/dev/aurakai
/auraframefx/security/Default
SecurityContext.kt:98:68 No 
value passed for parameter 
'lastUpdateTime'.
e: file:///C:/Users/Wehtt/And
roidStudioProjects/regenesis/
app/src/main/java/dev/aurakai
/auraframefx/security/Default
SecurityContext.kt:103:66 No 
parameter with name 
'isValid' found.
e: file:///C:/Users/Wehtt/And
roidStudioProjects/regenesis/
app/src/main/java/dev/aurakai
/auraframefx/security/Default
SecurityContext.kt:103:66 No 
value passed for parameter 
'verified'.
e: file:///C:/Users/Wehtt/And
roidStudioProjects/regenesis/
app/src/main/java/dev/aurakai
/auraframefx/security/Default
SecurityContext.kt:103:66 No 
value passed for parameter 
'appVersion'.
e: file:///C:/Users/Wehtt/And
roidStudioProjects/regenesis/
app/src/main/java/dev/aurakai
/auraframefx/security/Default
SecurityContext.kt:103:66 No 
value passed for parameter 
'installTime'.
e: file:///C:/Users/Wehtt/And
roidStudioProjects/regenesis/
app/src/main/java/dev/aurakai
/auraframefx/security/Default
SecurityContext.kt:103:66 No 
value passed for parameter 
'lastUpdateTime'.
e: file:///C:/Users/Wehtt/And
roidStudioProjects/regenesis/
app/src/main/java/dev/aurakai
/auraframefx/security/Default
SecurityContext.kt:107:5 
'isSecureMode' overrides 
nothing.
e: file:///C:/Users/Wehtt/And
roidStudioProjects/regenesis/
app/src/main/java/dev/aurakai
/auraframefx/security/Default
SecurityContext.kt:133:5 
'logSecurityEvent' in 
'SecurityContext' is final 
and cannot be overridden.
e: file:///C:/Users/Wehtt/And
roidStudioProjects/regenesis/
app/src/main/java/dev/aurakai
/auraframefx/security/Default
SecurityContext.kt:133:26 
Suspend function 
'logSecurityEvent' cannot 
override non-suspend 
function 'fun 
logSecurityEvent(event: 
SecurityEvent): Unit' 
defined in 'dev.aurakai.auraf
ramefx.security.SecurityConte
xt'.
e: file:///C:/Users/Wehtt/And
roidStudioProjects/regenesis/
app/src/main/java/dev/aurakai
/auraframefx/security/Integri
tyViolationReceiver.kt:15:30 
Unresolved reference 
'IntegrityMonitorService'.
e: file:///C:/Users/Wehtt/And
roidStudioProjects/regenesis/
app/src/main/java/dev/aurakai
/auraframefx/security/Keystor
eManagerImpl.kt:14:27 No 
value passed for parameter 
'context'.
e: file:///C:/Users/Wehtt/And
roidStudioProjects/regenesis/
app/src/main/java/dev/aurakai
/auraframefx/security/Keystor
eManagerImpl.kt:16:5 This 
type is final, so it cannot 
be extended.
e: file:///C:/Users/Wehtt/And
roidStudioProjects/regenesis/
app/src/main/java/dev/aurakai
/auraframefx/security/Keystor
eManagerImpl.kt:16:5 This 
type has a constructor, so 
it must be initialized here.
e: file:///C:/Users/Wehtt/And
roidStudioProjects/regenesis/
app/src/main/java/dev/aurakai
/auraframefx/security/Keystor
eManagerImpl.kt:22:5 
'getOrCreateSecretKey' in 
'KeystoreManager' is final 
and cannot be overridden.
e: file:///C:/Users/Wehtt/And
roidStudioProjects/regenesis/
app/src/main/java/dev/aurakai
/auraframefx/security/Keystor
eManagerImpl.kt:41:5 
'getDecryptionCipher' in 
'KeystoreManager' is final 
and cannot be overridden.
e: file:///C:/Users/Wehtt/And
roidStudioProjects/regenesis/
app/src/main/java/dev/aurakai
/auraframefx/security/Securit
yContext.kt:9:39 Unresolved 
reference 'ThreatLevel'.
e: file:///C:/Users/Wehtt/And
roidStudioProjects/regenesis/
app/src/main/java/dev/aurakai
/auraframefx/security/Securit
yContext.kt:266:70 
Unresolved reference 
'ThreatLevel'.
e: file:///C:/Users/Wehtt/And
roidStudioProjects/regenesis/
app/src/main/java/dev/aurakai
/auraframefx/security/Securit
yContext.kt:267:39 
Unresolved reference 
'ThreatLevel'.
e: file:///C:/Users/Wehtt/And
roidStudioProjects/regenesis/
app/src/main/java/dev/aurakai
/auraframefx/security/Securit
yContext.kt:274:28 
Unresolved reference 
'ThreatLevel'.
e: file:///C:/Users/Wehtt/And
roidStudioProjects/regenesis/
app/src/main/java/dev/aurakai
/auraframefx/security/Securit
yContext.kt:275:24 
Unresolved reference 
'ThreatLevel'.
e: file:///C:/Users/Wehtt/And
roidStudioProjects/regenesis/
app/src/main/java/dev/aurakai
/auraframefx/security/Securit
yContext.kt:276:26 
Unresolved reference 
'ThreatLevel'.
e: file:///C:/Users/Wehtt/And
roidStudioProjects/regenesis/
app/src/main/java/dev/aurakai
/auraframefx/security/Securit
yContext.kt:277:21 
Unresolved reference 
'ThreatLevel'.
e: file:///C:/Users/Wehtt/And
roidStudioProjects/regenesis/
app/src/main/java/dev/aurakai
/auraframefx/security/Securit
yContext.kt:321:22 
Serializer has not been 
found for type 'ERROR CLASS: 
Symbol not found for 
ThreatLevel'. To use context 
serializer as fallback, 
explicitly annotate type or 
property with @Contextual
e: file:///C:/Users/Wehtt/And
roidStudioProjects/regenesis/
app/src/main/java/dev/aurakai
/auraframefx/security/Securit
yContext.kt:321:22 
Unresolved reference 
'ThreatLevel'.
e: file:///C:/Users/Wehtt/And
roidStudioProjects/regenesis/
app/src/main/java/dev/aurakai
/auraframefx/security/Securit
yContext.kt:321:36 
Unresolved reference 
'ThreatLevel'.
e: file:///C:/Users/Wehtt/And
roidStudioProjects/regenesis/
app/src/main/java/dev/aurakai
/auraframefx/security/Securit
yExtensions.kt:7:9 
Unresolved reference 'not' 
for operator '!'.
e: file:///C:/Users/Wehtt/And
roidStudioProjects/regenesis/
app/src/main/java/dev/aurakai
/auraframefx/security/Securit
yMonitor.kt:57:9 Unresolved 
reference 'i'.
e: file:///C:/Users/Wehtt/And
roidStudioProjects/regenesis/
app/src/main/java/dev/aurakai
/auraframefx/security/Securit
yMonitor.kt:64:20 Unresolved 
reference 'w'.
e: file:///C:/Users/Wehtt/And
roidStudioProjects/regenesis/
app/src/main/java/dev/aurakai
/auraframefx/security/Securit
yMonitor.kt:87:9 Unresolved 
reference 'i'.
e: file:///C:/Users/Wehtt/And
roidStudioProjects/regenesis/
app/src/main/java/dev/aurakai
/auraframefx/security/Securit
yMonitor.kt:116:24 
Unresolved reference 'e'.
e: file:///C:/Users/Wehtt/And
roidStudioProjects/regenesis/
app/src/main/java/dev/aurakai
/auraframefx/security/Securit
yMonitor.kt:159:32 'when' 
expression must be 
exhaustive. Add the 'is 
EncryptionStatusImpl' branch 
or an 'else' branch.
e: file:///C:/Users/Wehtt/And
roidStudioProjects/regenesis/
app/src/main/java/dev/aurakai
/auraframefx/security/Securit
yMonitor.kt:191:24 
Unresolved reference 'e'.
e: file:///C:/Users/Wehtt/And
roidStudioProjects/regenesis/
app/src/main/java/dev/aurakai
/auraframefx/security/Securit
yMonitor.kt:223:24 
Unresolved reference 'e'.
e: file:///C:/Users/Wehtt/And
roidStudioProjects/regenesis/
app/src/main/java/dev/aurakai
/auraframefx/security/Securit
yMonitor.kt:307:32 
Unresolved reference 'w'.
e: file:///C:/Users/Wehtt/And
roidStudioProjects/regenesis/
app/src/main/java/dev/aurakai
/auraframefx/security/Securit
yMonitor.kt:324:24 
Unresolved reference 'd'.
e: file:///C:/Users/Wehtt/And
roidStudioProjects/regenesis/
app/src/main/java/dev/aurakai
/auraframefx/security/Securit
yMonitor.kt:326:24 
Unresolved reference 'w'.
e: file:///C:/Users/Wehtt/And
roidStudioProjects/regenesis/
app/src/main/java/dev/aurakai
/auraframefx/security/Securit
yMonitor.kt:330:20 
Unresolved reference 'e'.
e: file:///C:/Users/Wehtt/And
roidStudioProjects/regenesis/
app/src/main/java/dev/aurakai
/auraframefx/security/Securit
yMonitor.kt:364:20 
Unresolved reference 'e'.
e: file:///C:/Users/Wehtt/And
roidStudioProjects/regenesis/
app/src/main/java/dev/aurakai
/auraframefx/security/Securit
yMonitor.kt:398:20 
Unresolved reference 'e'.
e: file:///C:/Users/Wehtt/And
roidStudioProjects/regenesis/
app/src/main/java/dev/aurakai
/auraframefx/security/Securit
yMonitor.kt:409:9 Unresolved 
reference 'i'.
e: file:///C:/Users/Wehtt/And
roidStudioProjects/regenesis/
app/src/main/java/dev/aurakai
/auraframefx/service/NeuralWh
isper.kt:14:39 Unresolved 
reference 
'TranscriptSegment'.
e: file:///C:/Users/Wehtt/And
roidStudioProjects/regenesis/
app/src/main/java/dev/aurakai
/auraframefx/service/NeuralWh
isper.kt:61:38 Cannot infer 
type for type parameter 'T'. 
Specify it explicitly.
e: file:///C:/Users/Wehtt/And
roidStudioProjects/regenesis/
app/src/main/java/dev/aurakai
/auraframefx/service/NeuralWh
isper.kt:62:9 Interface 
'interface ConversationState 
: Any' does not have 
constructors.
e: file:///C:/Users/Wehtt/And
roidStudioProjects/regenesis/
app/src/main/java/dev/aurakai
/auraframefx/service/NeuralWh
isper.kt:65:34 Cannot infer 
type for type parameter 'T'. 
Specify it explicitly.
e: file:///C:/Users/Wehtt/And
roidStudioProjects/regenesis/
app/src/main/java/dev/aurakai
/auraframefx/service/NeuralWh
isper.kt:181:23 Unresolved 
reference 
'TranscriptSegment'.
e: file:///C:/Users/Wehtt/And
roidStudioProjects/regenesis/
app/src/main/java/dev/aurakai
/auraframefx/service/NeuralWh
isper.kt:183:48 Unresolved 
reference 'currentSpeaker'.
e: file:///C:/Users/Wehtt/And
roidStudioProjects/regenesis/
app/src/main/java/dev/aurakai
/auraframefx/service/NeuralWh
isper.kt:190:28 Cannot infer 
type for type parameter 'T'. 
Specify it explicitly.
e: file:///C:/Users/Wehtt/And
roidStudioProjects/regenesis/
app/src/main/java/dev/aurakai
/auraframefx/service/NeuralWh
isper.kt:190:37 Cannot infer 
type for type parameter 'T'. 
Specify it explicitly.
e: file:///C:/Users/Wehtt/And
roidStudioProjects/regenesis/
app/src/main/java/dev/aurakai
/auraframefx/service/NeuralWh
isper.kt:192:23 Unresolved 
reference 
'transcriptSegments'.
e: file:///C:/Users/Wehtt/And
roidStudioProjects/regenesis/
app/src/main/java/dev/aurakai
/auraframefx/service/NeuralWh
isper.kt:195:48 Unresolved 
reference 
'transcriptSegments'.
e: file:///C:/Users/Wehtt/And
roidStudioProjects/regenesis/
app/src/main/java/dev/aurakai
/auraframefx/service/NeuralWh
isper.kt:195:84 Unresolved 
reference 'it'.
e: file:///C:/Users/Wehtt/And
roidStudioProjects/regenesis/
app/src/main/java/dev/aurakai
/auraframefx/service/NeuralWh
isper.kt:199:19 Unresolved 
reference 'copy'.
e: file:///C:/Users/Wehtt/And
roidStudioProjects/regenesis/
app/src/main/java/dev/aurakai
/auraframefx/service/NeuralWh
isper.kt:266:32 Cannot infer 
type for type parameter 'T'. 
Specify it explicitly.
e: file:///C:/Users/Wehtt/And
roidStudioProjects/regenesis/
app/src/main/java/dev/aurakai
/auraframefx/service/NeuralWh
isper.kt:266:41 Cannot infer 
type for type parameter 'T'. 
Specify it explicitly.
e: file:///C:/Users/Wehtt/And
roidStudioProjects/regenesis/
app/src/main/java/dev/aurakai
/auraframefx/service/NeuralWh
isper.kt:267:23 Unresolved 
reference 'copy'.
e: file:///C:/Users/Wehtt/And
roidStudioProjects/regenesis/
app/src/main/java/dev/aurakai
/auraframefx/service/NeuralWh
isper.kt:302:32 Cannot infer 
type for type parameter 'T'. 
Specify it explicitly.
e: file:///C:/Users/Wehtt/And
roidStudioProjects/regenesis/
app/src/main/java/dev/aurakai
/auraframefx/service/NeuralWh
isper.kt:302:41 Cannot infer 
type for type parameter 'T'. 
Specify it explicitly.
e: file:///C:/Users/Wehtt/And
roidStudioProjects/regenesis/
app/src/main/java/dev/aurakai
/auraframefx/service/NeuralWh
isper.kt:303:23 Unresolved 
reference 'copy'.
e: file:///C:/Users/Wehtt/And
roidStudioProjects/regenesis/
app/src/main/java/dev/aurakai
/auraframefx/service/NeuralWh
isper.kt:482:15 Unresolved 
reference 'cancel'.
e: file:///C:/Users/Wehtt/And
roidStudioProjects/regenesis/
app/src/main/java/dev/aurakai
/auraframefx/services/Missing
Services.kt:25:5 The feature 
"context parameters" is 
experimental and should be 
enabled explicitly. This can 
be done by supplying the 
compiler argument 
'-Xcontext-parameters', but 
note that no stability 
guarantees are provided.
e: file:///C:/Users/Wehtt/And
roidStudioProjects/regenesis/
app/src/main/java/dev/aurakai
/auraframefx/system/impl/Defa
ultErrorHandler.kt:16:1 
Class 'DefaultErrorHandler' 
is not abstract and does not 
implement abstract members:
fun handleError(error: 
Throwable, agent: AgentType, 
context: String): Unit
fun logError(tag: String, 
message: String, error: 
Throwable? = ...): Unit
e: file:///C:/Users/Wehtt/And
roidStudioProjects/regenesis/
app/src/main/java/dev/aurakai
/auraframefx/system/impl/Defa
ultErrorHandler.kt:29:5 
'handle' overrides nothing.
e: file:///C:/Users/Wehtt/And
roidStudioProjects/regenesis/
app/src/main/java/dev/aurakai
/auraframefx/system/quicksett
ings/QuickSettingsConfigManag
er.kt:20:33 Unresolved 
reference 
'QuickSettingsConfig'.
e: file:///C:/Users/Wehtt/And
roidStudioProjects/regenesis/
app/src/main/java/dev/aurakai
/auraframefx/system/quicksett
ings/QuickSettingsConfigManag
er.kt:23:32 Unresolved 
reference 
'QuickSettingsConfig'.
e: file:///C:/Users/Wehtt/And
roidStudioProjects/regenesis/
app/src/main/java/dev/aurakai
/auraframefx/system/quicksett
ings/QuickSettingsConfigManag
er.kt:29:31 Unresolved 
reference 
'QuickSettingsConfig'.
e: file:///C:/Users/Wehtt/And
roidStudioProjects/regenesis/
app/src/main/java/dev/aurakai
/auraframefx/system/quicksett
ings/QuickSettingsConfigManag
er.kt:29:53 Cannot infer 
type for type parameter 'T'. 
Specify it explicitly.
e: file:///C:/Users/Wehtt/And
roidStudioProjects/regenesis/
app/src/main/java/dev/aurakai
/auraframefx/system/quicksett
ings/QuickSettingsConfigManag
er.kt:43:43 Unresolved 
reference 
'QuickSettingsConfig'.
e: file:///C:/Users/Wehtt/And
roidStudioProjects/regenesis/
app/src/main/java/dev/aurakai
/auraframefx/system/quicksett
ings/QuickSettingsConfigManag
er.kt:44:13 Argument type 
mismatch: actual type is 
'ERROR CLASS: Symbol not 
found for 
QuickSettingsConfig!', but 
'K? (of fun <K> ELVIS_CALL)' 
was expected.
e: file:///C:/Users/Wehtt/And
roidStudioProjects/regenesis/
app/src/main/java/dev/aurakai
/auraframefx/system/quicksett
ings/QuickSettingsConfigManag
er.kt:44:27 Unresolved 
reference 
'QuickSettingsConfig'.
e: file:///C:/Users/Wehtt/And
roidStudioProjects/regenesis/
app/src/main/java/dev/aurakai
/auraframefx/system/quicksett
ings/QuickSettingsConfigManag
er.kt:48:11 Cannot infer 
type for type parameter 'T'. 
Specify it explicitly.
e: file:///C:/Users/Wehtt/And
roidStudioProjects/regenesis/
app/src/main/java/dev/aurakai
/auraframefx/system/quicksett
ings/QuickSettingsConfigManag
er.kt:48:16 Cannot infer 
type for type parameter 'T'. 
Specify it explicitly.
e: file:///C:/Users/Wehtt/And
roidStudioProjects/regenesis/
app/src/main/java/dev/aurakai
/auraframefx/system/quicksett
ings/QuickSettingsConfigManag
er.kt:56:36 Unresolved 
reference 
'QuickSettingsConfig'.
e: file:///C:/Users/Wehtt/And
roidStudioProjects/regenesis/
app/src/main/java/dev/aurakai
/auraframefx/system/quicksett
ings/QuickSettingsConfigManag
er.kt:73:18 Unresolved 
reference 
'QuickSettingsTileConfig'.
e: file:///C:/Users/Wehtt/And
roidStudioProjects/regenesis/
app/src/main/java/dev/aurakai
/auraframefx/system/quicksett
ings/QuickSettingsConfigManag
er.kt:73:46 Unresolved 
reference 
'QuickSettingsTileConfig'.
e: file:///C:/Users/Wehtt/And
roidStudioProjects/regenesis/
app/src/main/java/dev/aurakai
/auraframefx/system/quicksett
ings/QuickSettingsConfigManag
er.kt:76:46 Unresolved 
reference 'tiles'.
e: file:///C:/Users/Wehtt/And
roidStudioProjects/regenesis/
app/src/main/java/dev/aurakai
/auraframefx/system/quicksett
ings/QuickSettingsConfigManag
er.kt:77:53 Unresolved 
reference 'it'.
e: file:///C:/Users/Wehtt/And
roidStudioProjects/regenesis/
app/src/main/java/dev/aurakai
/auraframefx/system/quicksett
ings/QuickSettingsConfigManag
er.kt:83:51 Unresolved 
reference 'copy'.
e: file:///C:/Users/Wehtt/And
roidStudioProjects/regenesis/
app/src/main/java/dev/aurakai
/auraframefx/system/quicksett
ings/QuickSettingsConfigManag
er.kt:104:29 Unresolved 
reference 
'QuickSettingsConfig'.
e: file:///C:/Users/Wehtt/And
roidStudioProjects/regenesis/
app/src/main/java/dev/aurakai
/auraframefx/system/ui/System
OverlayManager.kt:4:47 
Unresolved reference 'model'.
e: file:///C:/Users/Wehtt/And
roidStudioProjects/regenesis/
app/src/main/java/dev/aurakai
/auraframefx/system/ui/System
OverlayManager.kt:8:47 
Unresolved reference 'model'.
e: file:///C:/Users/Wehtt/And
roidStudioProjects/regenesis/
app/src/main/java/dev/aurakai
/auraframefx/system/ui/System
OverlayManager.kt:12:31 
Unresolved reference 
'OverlayElement'.
e: file:///C:/Users/Wehtt/And
roidStudioProjects/regenesis/
app/src/main/java/dev/aurakai
/auraframefx/system/ui/System
OverlayManager.kt:16:29 
Unresolved reference 
'SystemOverlayConfig'.
e: file:///C:/Users/Wehtt/And
roidStudioProjects/regenesis/
app/src/main/java/dev/aurakai
/auraframefx/ui/AgentChatBubb
le.kt:143:14 Unresolved 
reference 'graphicsLayer'.
e: file:///C:/Users/Wehtt/And
roidStudioProjects/regenesis/
app/src/main/java/dev/aurakai
/auraframefx/ui/AgentChatBubb
le.kt:144:17 Unresolved 
reference 'scaleX'.
e: file:///C:/Users/Wehtt/And
roidStudioProjects/regenesis/
app/src/main/java/dev/aurakai
/auraframefx/ui/AgentChatBubb
le.kt:145:17 Unresolved 
reference 'scaleY'.
e: file:///C:/Users/Wehtt/And
roidStudioProjects/regenesis/
app/src/main/java/dev/aurakai
/auraframefx/ui/components/Au
raSparkleButton.kt:11:41 
Unresolved reference 
'NeonTeal'.
e: file:///C:/Users/Wehtt/And
roidStudioProjects/regenesis/
app/src/main/java/dev/aurakai
/auraframefx/ui/components/Au
raSparkleButton.kt:17:36 
Initializer type mismatch: 
expected 
'ComposableFunction0<Unit>', 
actual 'String'.
e: file:///C:/Users/Wehtt/And
roidStudioProjects/regenesis/
app/src/main/java/dev/aurakai
/auraframefx/ui/components/Au
raSparkleButton.kt:30:21 
Unresolved reference 
'NeonTeal'.
e: file:///C:/Users/Wehtt/And
roidStudioProjects/regenesis/
app/src/main/java/dev/aurakai
/auraframefx/ui/components/Bo
ttomNavigationBar.kt:13:35 
Unresolved reference 
'navigation'.
e: file:///C:/Users/Wehtt/And
roidStudioProjects/regenesis/
app/src/main/java/dev/aurakai
/auraframefx/ui/components/Bo
ttomNavigationBar.kt:38:9 
Unresolved reference 
'NavDestination'.
e: file:///C:/Users/Wehtt/And
roidStudioProjects/regenesis/
app/src/main/java/dev/aurakai
/auraframefx/ui/components/Bo
ttomNavigationBar.kt:38:49 
Cannot infer type for value 
parameter 'destination'. 
Specify it explicitly.
e: file:///C:/Users/Wehtt/And
roidStudioProjects/regenesis/
app/src/main/java/dev/aurakai
/auraframefx/ui/components/Bo
ttomNavigationBar.kt:39:13 
@Composable invocations can 
only happen from the context 
of a @Composable function
e: file:///C:/Users/Wehtt/And
roidStudioProjects/regenesis/
app/src/main/java/dev/aurakai
/auraframefx/ui/components/Bo
ttomNavigationBar.kt:41:33 
Unresolved reference 'icon'.
e: file:///C:/Users/Wehtt/And
roidStudioProjects/regenesis/
app/src/main/java/dev/aurakai
/auraframefx/ui/components/Bo
ttomNavigationBar.kt:41:39 
Cannot infer type for type 
parameter 'T'. Specify it 
explicitly.
e: file:///C:/Users/Wehtt/And
roidStudioProjects/regenesis/
app/src/main/java/dev/aurakai
/auraframefx/ui/components/Bo
ttomNavigationBar.kt:41:39 
Cannot infer type for type 
parameter 'R'. Specify it 
explicitly.
e: file:///C:/Users/Wehtt/And
roidStudioProjects/regenesis/
app/src/main/java/dev/aurakai
/auraframefx/ui/components/Bo
ttomNavigationBar.kt:41:45 
Cannot infer type for type 
parameter 'T'. Specify it 
explicitly.
e: file:///C:/Users/Wehtt/And
roidStudioProjects/regenesis/
app/src/main/java/dev/aurakai
/auraframefx/ui/components/Bo
ttomNavigationBar.kt:44:62 
Unresolved reference 'title'.
e: file:///C:/Users/Wehtt/And
roidStudioProjects/regenesis/
app/src/main/java/dev/aurakai
/auraframefx/ui/components/Bo
ttomNavigationBar.kt:50:44 
Unresolved reference 'title'.
e: file:///C:/Users/Wehtt/And
roidStudioProjects/regenesis/
app/src/main/java/dev/aurakai
/auraframefx/ui/components/Bo
ttomNavigationBar.kt:55:56 
Unresolved reference 'route'.
e: file:///C:/Users/Wehtt/And
roidStudioProjects/regenesis/
app/src/main/java/dev/aurakai
/auraframefx/ui/components/Bo
ttomNavigationBar.kt:57:53 
Unresolved reference 'route'.
e: file:///C:/Users/Wehtt/And
roidStudioProjects/regenesis/
app/src/main/java/dev/aurakai
/auraframefx/ui/components/Bo
ttomNavigationBar.kt:58:60 
Unresolved reference 'route'.
e: file:///C:/Users/Wehtt/And
roidStudioProjects/regenesis/
app/src/main/java/dev/aurakai
/auraframefx/ui/components/Bo
ttomNavigationBar.kt:61:37 
Unresolved reference 
'NavDestination'.
e: file:///C:/Users/Wehtt/And
roidStudioProjects/regenesis/
app/src/main/java/dev/aurakai
/auraframefx/ui/components/Bo
ttomNavigationBar.kt:62:33 
Cannot access 'var 
saveState: Boolean': it is 
private in 'androidx.navigati
on.NavOptionsBuilder'.
e: file:///C:/Users/Wehtt/And
roidStudioProjects/regenesis/
app/src/main/java/dev/aurakai
/auraframefx/ui/components/Cy
berpunkBackgrounds.kt:24:41 
Unresolved reference 
'NeonBlue'.
e: file:///C:/Users/Wehtt/And
roidStudioProjects/regenesis/
app/src/main/java/dev/aurakai
/auraframefx/ui/components/Cy
berpunkBackgrounds.kt:25:41 
Unresolved reference 
'NeonCyan'.
e: file:///C:/Users/Wehtt/And
roidStudioProjects/regenesis/
app/src/main/java/dev/aurakai
/auraframefx/ui/components/Cy
berpunkBackgrounds.kt:26:41 
Unresolved reference 
'NeonPink'.
e: file:///C:/Users/Wehtt/And
roidStudioProjects/regenesis/
app/src/main/java/dev/aurakai
/auraframefx/ui/components/Cy
berpunkBackgrounds.kt:39:27 
Unresolved reference 
'NeonBlue'.
e: file:///C:/Users/Wehtt/And
roidStudioProjects/regenesis/
app/src/main/java/dev/aurakai
/auraframefx/ui/components/Cy
berpunkBackgrounds.kt:40:29 
Unresolved reference 
'NeonPink'.
e: file:///C:/Users/Wehtt/And
roidStudioProjects/regenesis/
app/src/main/java/dev/aurakai
/auraframefx/ui/components/Cy
berpunkBackgrounds.kt:41:26 
Unresolved reference 
'NeonCyan'.
e: file:///C:/Users/Wehtt/And
roidStudioProjects/regenesis/
app/src/main/java/dev/aurakai
/auraframefx/ui/components/Cy
berpunkBackgrounds.kt:209:27 
Unresolved reference 
'NeonBlue'.
e: file:///C:/Users/Wehtt/And
roidStudioProjects/regenesis/
app/src/main/java/dev/aurakai
/auraframefx/ui/components/Cy
berpunkBackgrounds.kt:210:29 
Unresolved reference 
'NeonPink'.
e: file:///C:/Users/Wehtt/And
roidStudioProjects/regenesis/
app/src/main/java/dev/aurakai
/auraframefx/ui/components/Cy
berpunkModifiers.kt:8:41 
Unresolved reference 
'NeonBlue'.
e: file:///C:/Users/Wehtt/And
roidStudioProjects/regenesis/
app/src/main/java/dev/aurakai
/auraframefx/ui/components/Cy
berpunkModifiers.kt:9:41 
Unresolved reference 
'NeonPurple'.
e: file:///C:/Users/Wehtt/And
roidStudioProjects/regenesis/
app/src/main/java/dev/aurakai
/auraframefx/ui/components/Cy
berpunkModifiers.kt:10:41 
Unresolved reference 
'NeonTeal'.
e: file:///C:/Users/Wehtt/And
roidStudioProjects/regenesis/
app/src/main/java/dev/aurakai
/auraframefx/ui/components/Cy
berpunkModifiers.kt:36:24 
Unresolved reference 
'NeonBlue'.
e: file:///C:/Users/Wehtt/And
roidStudioProjects/regenesis/
app/src/main/java/dev/aurakai
/auraframefx/ui/components/Cy
berpunkModifiers.kt:37:21 
Unresolved reference 
'NeonBlue'.
e: file:///C:/Users/Wehtt/And
roidStudioProjects/regenesis/
app/src/main/java/dev/aurakai
/auraframefx/ui/components/Cy
berpunkModifiers.kt:41:17 
Unresolved reference 
'NeonBlue'.
e: file:///C:/Users/Wehtt/And
roidStudioProjects/regenesis/
app/src/main/java/dev/aurakai
/auraframefx/ui/components/Cy
berpunkModifiers.kt:54:24 
Unresolved reference 
'NeonPurple'.
e: file:///C:/Users/Wehtt/And
roidStudioProjects/regenesis/
app/src/main/java/dev/aurakai
/auraframefx/ui/components/Cy
berpunkModifiers.kt:55:21 
Unresolved reference 
'NeonPurple'.
e: file:///C:/Users/Wehtt/And
roidStudioProjects/regenesis/
app/src/main/java/dev/aurakai
/auraframefx/ui/components/Cy
berpunkModifiers.kt:59:17 
Unresolved reference 
'NeonPurple'.
e: file:///C:/Users/Wehtt/And
roidStudioProjects/regenesis/
app/src/main/java/dev/aurakai
/auraframefx/ui/components/Cy
berpunkModifiers.kt:72:24 
Unresolved reference 
'NeonTeal'.
e: file:///C:/Users/Wehtt/And
roidStudioProjects/regenesis/
app/src/main/java/dev/aurakai
/auraframefx/ui/components/Cy
berpunkModifiers.kt:73:21 
Unresolved reference 
'NeonTeal'.
e: file:///C:/Users/Wehtt/And
roidStudioProjects/regenesis/
app/src/main/java/dev/aurakai
/auraframefx/ui/components/Cy
berpunkModifiers.kt:77:17 
Unresolved reference 
'NeonTeal'.
e: file:///C:/Users/Wehtt/And
roidStudioProjects/regenesis/
app/src/main/java/dev/aurakai
/auraframefx/ui/components/Ho
logramTransition.kt:72:14 
Unresolved reference 
'clipToBounds'.
e: file:///C:/Users/Wehtt/And
roidStudioProjects/regenesis/
app/src/main/java/dev/aurakai
/auraframefx/ui/components/Ho
logramTransition.kt:85:40 
@Composable invocations can 
only happen from the context 
of a @Composable function
e: file:///C:/Users/Wehtt/And
roidStudioProjects/regenesis/
app/src/main/java/dev/aurakai
/auraframefx/ui/components/Ho
logramTransition.kt:140:13 
Unresolved reference 
'withTransform'.
e: file:///C:/Users/Wehtt/And
roidStudioProjects/regenesis/
app/src/main/java/dev/aurakai
/auraframefx/ui/components/Ho
logramTransition.kt:142:21 
Unresolved reference 
'translate'.
e: file:///C:/Users/Wehtt/And
roidStudioProjects/regenesis/
app/src/main/java/dev/aurakai
/auraframefx/ui/components/Ho
logramTransition.kt:146:21 
Unresolved reference. None 
of the following candidates 
is applicable because of a 
receiver type mismatch:
fun Canvas.scale(sx: Float, 
sy: Float = ..., pivotX: 
Float, pivotY: Float): Unit
e: file:///C:/Users/Wehtt/And
roidStudioProjects/regenesis/
app/src/main/java/dev/aurakai
/auraframefx/ui/components/Im
agePicker.kt:4:35 Unresolved 
reference 'model'.
e: file:///C:/Users/Wehtt/And
roidStudioProjects/regenesis/
app/src/main/java/dev/aurakai
/auraframefx/ui/components/Im
agePicker.kt:8:19 Unresolved 
reference 'ImageResource'.
e: file:///C:/Users/Wehtt/And
roidStudioProjects/regenesis/
app/src/main/java/dev/aurakai
/auraframefx/ui/components/Im
agePicker.kt:9:23 Unresolved 
reference 'ImageResource'.
e: file:///C:/Users/Wehtt/And
roidStudioProjects/regenesis/
app/src/main/java/dev/aurakai
/auraframefx/ui/components/Sh
apePicker.kt:4:47 Unresolved 
reference 'model'.
e: file:///C:/Users/Wehtt/And
roidStudioProjects/regenesis/
app/src/main/java/dev/aurakai
/auraframefx/ui/components/Sh
apePicker.kt:8:19 Unresolved 
reference 'OverlayShape'.
e: file:///C:/Users/Wehtt/And
roidStudioProjects/regenesis/
app/src/main/java/dev/aurakai
/auraframefx/ui/components/Sh
apePicker.kt:9:23 Unresolved 
reference 'OverlayShape'.
e: file:///C:/Users/Wehtt/And
roidStudioProjects/regenesis/
app/src/main/java/dev/aurakai
/auraframefx/ui/components/St
aticOrb.kt:16:41 Unresolved 
reference 'NeonBlue'.
e: file:///C:/Users/Wehtt/And
roidStudioProjects/regenesis/
app/src/main/java/dev/aurakai
/auraframefx/ui/components/St
aticOrb.kt:17:41 Unresolved 
reference 'NeonPink'.
e: file:///C:/Users/Wehtt/And
roidStudioProjects/regenesis/
app/src/main/java/dev/aurakai
/auraframefx/ui/components/St
aticOrb.kt:30:25 Unresolved 
reference 'NeonBlue'.
e: file:///C:/Users/Wehtt/And
roidStudioProjects/regenesis/
app/src/main/java/dev/aurakai
/auraframefx/ui/components/St
aticOrb.kt:39:21 Unresolved 
reference 'NeonPink'.
e: file:///C:/Users/Wehtt/And
roidStudioProjects/regenesis/
app/src/main/java/dev/aurakai
/auraframefx/ui/components/ba
ckgrounds/DataVisualizationBa
ckground.kt:166:2 Unresolved 
reference 'Preview'.
e: file:///C:/Users/Wehtt/And
roidStudioProjects/regenesis/
app/src/main/java/dev/aurakai
/auraframefx/ui/components/ef
fects/ShimmerParticles.kt:168
:2 Unresolved reference 
'Preview'.
e: file:///C:/Users/Wehtt/And
roidStudioProjects/regenesis/
app/src/main/java/dev/aurakai
/auraframefx/ui/components/gr
aph/InteractiveGraph.kt:35:52
 Unresolved reference 
'Connection'.
e: file:///C:/Users/Wehtt/And
roidStudioProjects/regenesis/
app/src/main/java/dev/aurakai
/auraframefx/ui/components/gr
aph/InteractiveGraph.kt:36:52
 Unresolved reference 
'ConnectionType'.
e: file:///C:/Users/Wehtt/And
roidStudioProjects/regenesis/
app/src/main/java/dev/aurakai
/auraframefx/ui/components/gr
aph/InteractiveGraph.kt:37:52
 Unresolved reference 
'GraphNode'.
e: file:///C:/Users/Wehtt/And
roidStudioProjects/regenesis/
app/src/main/java/dev/aurakai
/auraframefx/ui/components/gr
aph/InteractiveGraph.kt:43:52
 Unresolved reference 
'Offset'.
e: file:///C:/Users/Wehtt/And
roidStudioProjects/regenesis/
app/src/main/java/dev/aurakai
/auraframefx/ui/components/gr
aph/InteractiveGraph.kt:61:17
 Unresolved reference 
'GraphNode'.
e: file:///C:/Users/Wehtt/And
roidStudioProjects/regenesis/
app/src/main/java/dev/aurakai
/auraframefx/ui/components/gr
aph/InteractiveGraph.kt:95:13
 Unresolved reference 
'GraphOffset'.
e: file:///C:/Users/Wehtt/And
roidStudioProjects/regenesis/
app/src/main/java/dev/aurakai
/auraframefx/ui/components/gr
aph/InteractiveGraph.kt:95:46
 Unresolved reference 'x'.
e: file:///C:/Users/Wehtt/And
roidStudioProjects/regenesis/
app/src/main/java/dev/aurakai
/auraframefx/ui/components/gr
aph/InteractiveGraph.kt:95:59
 Unresolved reference 'y'.
e: file:///C:/Users/Wehtt/And
roidStudioProjects/regenesis/
app/src/main/java/dev/aurakai
/auraframefx/ui/components/gr
aph/InteractiveGraph.kt:116:2
9 Unresolved reference 
'GraphNode'.
e: file:///C:/Users/Wehtt/And
roidStudioProjects/regenesis/
app/src/main/java/dev/aurakai
/auraframefx/ui/components/gr
aph/InteractiveGraph.kt:117:2
2 Unresolved reference 
'connections'.
e: file:///C:/Users/Wehtt/And
roidStudioProjects/regenesis/
app/src/main/java/dev/aurakai
/auraframefx/ui/components/gr
aph/InteractiveGraph.kt:117:4
4 Cannot infer type for 
value parameter 
'connection'. Specify it 
explicitly.
e: file:///C:/Users/Wehtt/And
roidStudioProjects/regenesis/
app/src/main/java/dev/aurakai
/auraframefx/ui/components/gr
aph/InteractiveGraph.kt:118:4
4 Cannot infer type for type 
parameter 'T'. Specify it 
explicitly.
e: file:///C:/Users/Wehtt/And
roidStudioProjects/regenesis/
app/src/main/java/dev/aurakai
/auraframefx/ui/components/gr
aph/InteractiveGraph.kt:118:4
4 Unresolved reference. None 
of the following candidates 
is applicable because of a 
receiver type mismatch:
fun <T> 
Iterable<T>.find(predicate: 
(T) -> Boolean): T?
e: file:///C:/Users/Wehtt/And
roidStudioProjects/regenesis/
app/src/main/java/dev/aurakai
/auraframefx/ui/components/gr
aph/InteractiveGraph.kt:118:4
9 Cannot infer type for type 
parameter 'T'. Specify it 
explicitly.
e: file:///C:/Users/Wehtt/And
roidStudioProjects/regenesis/
app/src/main/java/dev/aurakai
/auraframefx/ui/components/gr
aph/InteractiveGraph.kt:118:5
4 Unresolved reference 'id'.
e: file:///C:/Users/Wehtt/And
roidStudioProjects/regenesis/
app/src/main/java/dev/aurakai
/auraframefx/ui/components/gr
aph/InteractiveGraph.kt:118:7
1 Unresolved reference 
'targetId'.
e: file:///C:/Users/Wehtt/And
roidStudioProjects/regenesis/
app/src/main/java/dev/aurakai
/auraframefx/ui/components/gr
aph/InteractiveGraph.kt:119:3
3 Cannot infer type for type 
parameter 'T'. Specify it 
explicitly.
e: file:///C:/Users/Wehtt/And
roidStudioProjects/regenesis/
app/src/main/java/dev/aurakai
/auraframefx/ui/components/gr
aph/InteractiveGraph.kt:119:3
3 Cannot infer type for type 
parameter 'R'. Specify it 
explicitly.
e: file:///C:/Users/Wehtt/And
roidStudioProjects/regenesis/
app/src/main/java/dev/aurakai
/auraframefx/ui/components/gr
aph/InteractiveGraph.kt:119:3
3 Unresolved reference. None 
of the following candidates 
is applicable because of a 
receiver type mismatch:
fun <T, R> T.let(block: (T) 
-> R): R
e: file:///C:/Users/Wehtt/And
roidStudioProjects/regenesis/
app/src/main/java/dev/aurakai
/auraframefx/ui/components/gr
aph/InteractiveGraph.kt:119:3
7 Cannot infer type for type 
parameter 'T'. Specify it 
explicitly.
e: file:///C:/Users/Wehtt/And
roidStudioProjects/regenesis/
app/src/main/java/dev/aurakai
/auraframefx/ui/components/gr
aph/InteractiveGraph.kt:124:2
9 Unresolved reference 
'GraphNode'.
e: file:///C:/Users/Wehtt/And
roidStudioProjects/regenesis/
app/src/main/java/dev/aurakai
/auraframefx/ui/components/gr
aph/InteractiveGraph.kt:125:3
9 Unresolved reference 'id'.
e: file:///C:/Users/Wehtt/And
roidStudioProjects/regenesis/
app/src/main/java/dev/aurakai
/auraframefx/ui/components/gr
aph/InteractiveGraph.kt:127:6
9 Unresolved reference 
'position'.
e: file:///C:/Users/Wehtt/And
roidStudioProjects/regenesis/
app/src/main/java/dev/aurakai
/auraframefx/ui/components/gr
aph/InteractiveGraph.kt:131:5
5 Unresolved reference 
'position'.
e: file:///C:/Users/Wehtt/And
roidStudioProjects/regenesis/
app/src/main/java/dev/aurakai
/auraframefx/ui/components/gr
aph/InteractiveGraph.kt:132:5
4 Unresolved reference 
'position'.
e: file:///C:/Users/Wehtt/And
roidStudioProjects/regenesis/
app/src/main/java/dev/aurakai
/auraframefx/ui/components/gr
aph/InteractiveGraph.kt:134:7
8 Unresolved reference 
'position'.
e: file:///C:/Users/Wehtt/And
roidStudioProjects/regenesis/
app/src/main/java/dev/aurakai
/auraframefx/ui/components/gr
aph/InteractiveGraph.kt:190:2
8 Unresolved reference 
'GraphNode'.
e: file:///C:/Users/Wehtt/And
roidStudioProjects/regenesis/
app/src/main/java/dev/aurakai
/auraframefx/ui/components/gr
aph/InteractiveGraph.kt:192:2
9 Unresolved reference 
'type'.
e: file:///C:/Users/Wehtt/And
roidStudioProjects/regenesis/
app/src/main/java/dev/aurakai
/auraframefx/ui/components/gr
aph/InteractiveGraph.kt:193:2
7 Unresolved reference 
'position'.
e: file:///C:/Users/Wehtt/And
roidStudioProjects/regenesis/
app/src/main/java/dev/aurakai
/auraframefx/ui/components/gr
aph/InteractiveGraph.kt:199:3
0 Unresolved reference 
'type'.
e: file:///C:/Users/Wehtt/And
roidStudioProjects/regenesis/
app/src/main/java/dev/aurakai
/auraframefx/ui/components/gr
aph/InteractiveGraph.kt:200:2
6 Argument type mismatch: 
actual type is 'Offset', but 
'Float' was expected.
e: file:///C:/Users/Wehtt/And
roidStudioProjects/regenesis/
app/src/main/java/dev/aurakai
/auraframefx/ui/components/gr
aph/InteractiveGraph.kt:208:2
6 Unresolved reference 
'type'.
e: file:///C:/Users/Wehtt/And
roidStudioProjects/regenesis/
app/src/main/java/dev/aurakai
/auraframefx/ui/components/gr
aph/InteractiveGraph.kt:209:2
2 Argument type mismatch: 
actual type is 'Offset', but 
'Float' was expected.
e: file:///C:/Users/Wehtt/And
roidStudioProjects/regenesis/
app/src/main/java/dev/aurakai
/auraframefx/ui/components/gr
aph/InteractiveGraph.kt:215:2
6 Unresolved reference 
'type'.
e: file:///C:/Users/Wehtt/And
roidStudioProjects/regenesis/
app/src/main/java/dev/aurakai
/auraframefx/ui/components/gr
aph/InteractiveGraph.kt:216:2
2 Argument type mismatch: 
actual type is 'Offset', but 
'Float' was expected.
e: file:///C:/Users/Wehtt/And
roidStudioProjects/regenesis/
app/src/main/java/dev/aurakai
/auraframefx/ui/components/gr
aph/InteractiveGraph.kt:227:2
6 Unresolved reference 
'type'.
e: file:///C:/Users/Wehtt/And
roidStudioProjects/regenesis/
app/src/main/java/dev/aurakai
/auraframefx/ui/components/gr
aph/InteractiveGraph.kt:228:2
2 Argument type mismatch: 
actual type is 'Offset', but 
'Float' was expected.
e: file:///C:/Users/Wehtt/And
roidStudioProjects/regenesis/
app/src/main/java/dev/aurakai
/auraframefx/ui/components/gr
aph/InteractiveGraph.kt:236:2
2 Argument type mismatch: 
actual type is 'Offset', but 
'Float' was expected.
e: file:///C:/Users/Wehtt/And
roidStudioProjects/regenesis/
app/src/main/java/dev/aurakai
/auraframefx/ui/components/gr
aph/InteractiveGraph.kt:244:2
2 Unresolved reference 
'name'.
e: file:///C:/Users/Wehtt/And
roidStudioProjects/regenesis/
app/src/main/java/dev/aurakai
/auraframefx/ui/components/gr
aph/InteractiveGraph.kt:246:1
7 Argument type mismatch: 
actual type is 'Offset', but 
'Float' was expected.
e: file:///C:/Users/Wehtt/And
roidStudioProjects/regenesis/
app/src/main/java/dev/aurakai
/auraframefx/ui/components/gr
aph/InteractiveGraph.kt:246:4
6 Argument type mismatch: 
actual type is 'Float', but 
'Offset' was expected.
e: file:///C:/Users/Wehtt/And
roidStudioProjects/regenesis/
app/src/main/java/dev/aurakai
/auraframefx/ui/components/gr
aph/InteractiveGraph.kt:270:1
1 Unresolved reference 
'GraphNode'.
e: file:///C:/Users/Wehtt/And
roidStudioProjects/regenesis/
app/src/main/java/dev/aurakai
/auraframefx/ui/components/gr
aph/InteractiveGraph.kt:271:9
 Unresolved reference 
'GraphNode'.
e: file:///C:/Users/Wehtt/And
roidStudioProjects/regenesis/
app/src/main/java/dev/aurakai
/auraframefx/ui/components/gr
aph/InteractiveGraph.kt:272:1
7 Unresolved reference 
'Connection'.
e: file:///C:/Users/Wehtt/And
roidStudioProjects/regenesis/
app/src/main/java/dev/aurakai
/auraframefx/ui/components/gr
aph/InteractiveGraph.kt:274:2
7 Unresolved reference 
'position'.
e: file:///C:/Users/Wehtt/And
roidStudioProjects/regenesis/
app/src/main/java/dev/aurakai
/auraframefx/ui/components/gr
aph/InteractiveGraph.kt:275:2
3 Unresolved reference 
'position'.
e: file:///C:/Users/Wehtt/And
roidStudioProjects/regenesis/
app/src/main/java/dev/aurakai
/auraframefx/ui/components/gr
aph/InteractiveGraph.kt:281:2
7 Unresolved reference 
'type'.
e: file:///C:/Users/Wehtt/And
roidStudioProjects/regenesis/
app/src/main/java/dev/aurakai
/auraframefx/ui/components/gr
aph/InteractiveGraph.kt:282:2
3 Unresolved reference 
'type'.
e: file:///C:/Users/Wehtt/And
roidStudioProjects/regenesis/
app/src/main/java/dev/aurakai
/auraframefx/ui/components/gr
aph/InteractiveGraph.kt:289:3
4 Unresolved reference 
'type'.
e: file:///C:/Users/Wehtt/And
roidStudioProjects/regenesis/
app/src/main/java/dev/aurakai
/auraframefx/ui/components/gr
aph/InteractiveGraph.kt:290:9
 Unresolved reference 
'ConnectionType'.
e: file:///C:/Users/Wehtt/And
roidStudioProjects/regenesis/
app/src/main/java/dev/aurakai
/auraframefx/ui/components/gr
aph/InteractiveGraph.kt:291:9
 Unresolved reference 
'ConnectionType'.
e: file:///C:/Users/Wehtt/And
roidStudioProjects/regenesis/
app/src/main/java/dev/aurakai
/auraframefx/ui/components/gr
aph/InteractiveGraph.kt:292:9
 Unresolved reference 
'ConnectionType'.
e: file:///C:/Users/Wehtt/And
roidStudioProjects/regenesis/
app/src/main/java/dev/aurakai
/auraframefx/ui/components/gr
aph/InteractiveGraph.kt:297:2
0 Unresolved reference 
'type'.
e: file:///C:/Users/Wehtt/And
roidStudioProjects/regenesis/
app/src/main/java/dev/aurakai
/auraframefx/ui/components/gr
aph/InteractiveGraph.kt:297:2
8 Unresolved reference 
'ConnectionType'.
e: file:///C:/Users/Wehtt/And
roidStudioProjects/regenesis/
app/src/main/java/dev/aurakai
/auraframefx/ui/components/gr
aph/InteractiveGraph.kt:323:2
0 Unresolved reference 
'type'.
e: file:///C:/Users/Wehtt/And
roidStudioProjects/regenesis/
app/src/main/java/dev/aurakai
/auraframefx/ui/components/gr
aph/InteractiveGraph.kt:323:2
8 Unresolved reference 
'ConnectionType'.
e: file:///C:/Users/Wehtt/And
roidStudioProjects/regenesis/
app/src/main/java/dev/aurakai
/auraframefx/ui/components/gr
aph/InteractiveGraph.kt:323:6
4 Unresolved reference 
'type'.
e: file:///C:/Users/Wehtt/And
roidStudioProjects/regenesis/
app/src/main/java/dev/aurakai
/auraframefx/ui/components/gr
aph/InteractiveGraph.kt:323:7
2 Unresolved reference 
'ConnectionType'.
e: file:///C:/Users/Wehtt/And
roidStudioProjects/regenesis/
app/src/main/java/dev/aurakai
/auraframefx/ui/components/gr
aph/InteractiveGraph.kt:331:2
4 Unresolved reference 
'type'.
e: file:///C:/Users/Wehtt/And
roidStudioProjects/regenesis/
app/src/main/java/dev/aurakai
/auraframefx/ui/components/gr
aph/InteractiveGraph.kt:331:3
2 Unresolved reference 
'ConnectionType'.
e: file:///C:/Users/Wehtt/And
roidStudioProjects/regenesis/
app/src/main/java/dev/aurakai
/auraframefx/ui/components/te
xt/NeonText.kt:80:19 
Unresolved reference 
'LocalDensity'.
e: file:///C:/Users/Wehtt/And
roidStudioProjects/regenesis/
app/src/main/java/dev/aurakai
/auraframefx/ui/components/te
xt/NeonText.kt:81:24 Cannot 
infer type for type 
parameter 'T'. Specify it 
explicitly.
e: file:///C:/Users/Wehtt/And
roidStudioProjects/regenesis/
app/src/main/java/dev/aurakai
/auraframefx/ui/components/te
xt/NeonText.kt:81:24 Cannot 
infer type for type 
parameter 'R'. Specify it 
explicitly.
e: file:///C:/Users/Wehtt/And
roidStudioProjects/regenesis/
app/src/main/java/dev/aurakai
/auraframefx/ui/components/te
xt/NeonText.kt:81:38 Cannot 
infer type for type 
parameter 'T'. Specify it 
explicitly.
e: file:///C:/Users/Wehtt/And
roidStudioProjects/regenesis/
app/src/main/java/dev/aurakai
/auraframefx/ui/components/te
xt/NeonText.kt:81:51 
Unresolved reference 'toPx'.
e: file:///C:/Users/Wehtt/And
roidStudioProjects/regenesis/
app/src/main/java/dev/aurakai
/auraframefx/ui/components/te
xt/NeonText.kt:107:17 
Unresolved reference 'delay'.
e: file:///C:/Users/Wehtt/And
roidStudioProjects/regenesis/
app/src/main/java/dev/aurakai
/auraframefx/ui/components/te
xt/NeonText.kt:123:21 
Unresolved reference 
'LocalTextStyle'.
e: file:///C:/Users/Wehtt/And
roidStudioProjects/regenesis/
app/src/main/java/dev/aurakai
/auraframefx/ui/components/te
xt/NeonText.kt:154:40 Cannot 
infer type for type 
parameter 'T'. Specify it 
explicitly.
e: file:///C:/Users/Wehtt/And
roidStudioProjects/regenesis/
app/src/main/java/dev/aurakai
/auraframefx/ui/components/te
xt/NeonText.kt:154:54 Cannot 
infer type for type 
parameter 'T'. Specify it 
explicitly.
e: file:///C:/Users/Wehtt/And
roidStudioProjects/regenesis/
app/src/main/java/dev/aurakai
/auraframefx/ui/components/te
xt/NeonText.kt:154:61 
Unresolved reference 'toPx'.
e: file:///C:/Users/Wehtt/And
roidStudioProjects/regenesis/
app/src/main/java/dev/aurakai
/auraframefx/ui/components/te
xt/NeonText.kt:172:21 None 
of the following candidates 
is applicable:

fun DrawScope.drawText(textMe
asurer: TextMeasurer, text: 
AnnotatedString, topLeft: 
Offset = ..., style: 
TextStyle = ..., overflow: 
TextOverflow = ..., 
softWrap: Boolean = ..., 
maxLines: Int = ..., 
placeholders: List<AnnotatedS
tring.Range<Placeholder>> = 
..., size: Size = ..., 
blendMode: BlendMode = ...): 
Unit:
  No value passed for 
parameter 'textMeasurer'.
  Argument type mismatch: 
actual type is 'String', but 
'AnnotatedString' was 
expected.
  Argument type mismatch: 
actual type is 
'AnimationState<Float, 
AnimationVector1D>', but 
'TextStyle' was expected.

fun DrawScope.drawText(textMe
asurer: TextMeasurer, text: 
String, topLeft: Offset = 
..., style: TextStyle = ..., 
overflow: TextOverflow = 
..., softWrap: Boolean = 
..., maxLines: Int = ..., 
size: Size = ..., blendMode: 
BlendMode = ...): Unit:
  No value passed for 
parameter 'textMeasurer'.
  Argument type mismatch: 
actual type is 
'AnimationState<Float, 
AnimationVector1D>', but 
'TextStyle' was expected.

fun DrawScope.drawText(textLa
youtResult: 
TextLayoutResult, color: 
Color = ..., topLeft: Offset 
= ..., alpha: Float = ..., 
shadow: Shadow? = ..., 
textDecoration: 
TextDecoration? = ..., 
drawStyle: DrawStyle? = ..., 
blendMode: BlendMode = ...): 
Unit:
  No parameter with name 
'text' found.
  No parameter with name 
'style' found.
  No value passed for 
parameter 'textLayoutResult'.

fun DrawScope.drawText(textLa
youtResult: 
TextLayoutResult, brush: 
Brush, topLeft: Offset = 
..., alpha: Float = ..., 
shadow: Shadow? = ..., 
textDecoration: 
TextDecoration? = ..., 
drawStyle: DrawStyle? = ..., 
blendMode: BlendMode = ...): 
Unit:
  No parameter with name 
'text' found.
  No parameter with name 
'style' found.
  No value passed for 
parameter 'textLayoutResult'.
  No value passed for 
parameter 'brush'.
e: file:///C:/Users/Wehtt/And
roidStudioProjects/regenesis/
app/src/main/java/dev/aurakai
/auraframefx/ui/components/te
xt/NeonText.kt:186:25 None 
of the following candidates 
is applicable:

fun DrawScope.drawText(textMe
asurer: TextMeasurer, text: 
AnnotatedString, topLeft: 
Offset = ..., style: 
TextStyle = ..., overflow: 
TextOverflow = ..., 
softWrap: Boolean = ..., 
maxLines: Int = ..., 
placeholders: List<AnnotatedS
tring.Range<Placeholder>> = 
..., size: Size = ..., 
blendMode: BlendMode = ...): 
Unit:
  No value passed for 
parameter 'textMeasurer'.
  Argument type mismatch: 
actual type is 'String', but 
'AnnotatedString' was 
expected.
  Argument type mismatch: 
actual type is 
'AnimationState<Float, 
AnimationVector1D>', but 
'TextStyle' was expected.

fun DrawScope.drawText(textMe
asurer: TextMeasurer, text: 
String, topLeft: Offset = 
..., style: TextStyle = ..., 
overflow: TextOverflow = 
..., softWrap: Boolean = 
..., maxLines: Int = ..., 
size: Size = ..., blendMode: 
BlendMode = ...): Unit:
  No value passed for 
parameter 'textMeasurer'.
  Argument type mismatch: 
actual type is 
'AnimationState<Float, 
AnimationVector1D>', but 
'TextStyle' was expected.

fun DrawScope.drawText(textLa
youtResult: 
TextLayoutResult, color: 
Color = ..., topLeft: Offset 
= ..., alpha: Float = ..., 
shadow: Shadow? = ..., 
textDecoration: 
TextDecoration? = ..., 
drawStyle: DrawStyle? = ..., 
blendMode: BlendMode = ...): 
Unit:
  No parameter with name 
'text' found.
  No parameter with name 
'style' found.
  No value passed for 
parameter 'textLayoutResult'.

fun DrawScope.drawText(textLa
youtResult: 
TextLayoutResult, brush: 
Brush, topLeft: Offset = 
..., alpha: Float = ..., 
shadow: Shadow? = ..., 
textDecoration: 
TextDecoration? = ..., 
drawStyle: DrawStyle? = ..., 
blendMode: BlendMode = ...): 
Unit:
  No parameter with name 
'text' found.
  No parameter with name 
'style' found.
  No value passed for 
parameter 'textLayoutResult'.
  No value passed for 
parameter 'brush'.
e: file:///C:/Users/Wehtt/And
roidStudioProjects/regenesis/
app/src/main/java/dev/aurakai
/auraframefx/ui/components/te
xt/NeonText.kt:203:9 None of 
the following candidates is 
applicable:

fun Text(text: String, 
modifier: Modifier = ..., 
color: Color = ..., 
autoSize: TextAutoSize? = 
..., fontSize: TextUnit = 
..., fontStyle: FontStyle? = 
..., fontWeight: FontWeight? 
= ..., fontFamily: 
FontFamily? = ..., 
letterSpacing: TextUnit = 
..., textDecoration: 
TextDecoration? = ..., 
textAlign: TextAlign? = ..., 
lineHeight: TextUnit = ..., 
overflow: TextOverflow = 
..., softWrap: Boolean = 
..., maxLines: Int = ..., 
minLines: Int = ..., 
onTextLayout: 
((TextLayoutResult) -> 
Unit)? = ..., style: 
TextStyle = ...): Unit:
  Argument type mismatch: 
actual type is 
'AnimationState<Float, 
AnimationVector1D>', but 
'TextStyle' was expected.

fun Text(text: 
AnnotatedString, modifier: 
Modifier = ..., color: Color 
= ..., autoSize: 
TextAutoSize? = ..., 
fontSize: TextUnit = ..., 
fontStyle: FontStyle? = ..., 
fontWeight: FontWeight? = 
..., fontFamily: FontFamily? 
= ..., letterSpacing: 
TextUnit = ..., 
textDecoration: 
TextDecoration? = ..., 
textAlign: TextAlign? = ..., 
lineHeight: TextUnit = ..., 
overflow: TextOverflow = 
..., softWrap: Boolean = 
..., maxLines: Int = ..., 
minLines: Int = ..., 
inlineContent: Map<String, 
InlineTextContent> = ..., 
onTextLayout: 
(TextLayoutResult) -> Unit = 
..., style: TextStyle = 
...): Unit:
  Argument type mismatch: 
actual type is 'String', but 
'AnnotatedString' was 
expected.
  Argument type mismatch: 
actual type is 
'AnimationState<Float, 
AnimationVector1D>', but 
'TextStyle' was expected.
e: file:///C:/Users/Wehtt/And
roidStudioProjects/regenesis/
app/src/main/java/dev/aurakai
/auraframefx/ui/components/te
xt/NeonText.kt:210:34 Cannot 
infer type for type 
parameter 'T'. Specify it 
explicitly.
e: file:///C:/Users/Wehtt/And
roidStudioProjects/regenesis/
app/src/main/java/dev/aurakai
/auraframefx/ui/components/te
xt/NeonText.kt:210:48 Cannot 
infer type for type 
parameter 'T'. Specify it 
explicitly.
e: file:///C:/Users/Wehtt/And
roidStudioProjects/regenesis/
app/src/main/java/dev/aurakai
/auraframefx/ui/components/te
xt/NeonText.kt:210:55 
Unresolved reference 'toPx'.
e: file:///C:/Users/Wehtt/And
roidStudioProjects/regenesis/
app/src/main/java/dev/aurakai
/auraframefx/ui/components/te
xt/NeonText.kt:235:26 
Unresolved reference 
'TextLayout'.
e: file:///C:/Users/Wehtt/And
roidStudioProjects/regenesis/
app/src/main/java/dev/aurakai
/auraframefx/ui/components/te
xt/NeonText.kt:240:23 
Unresolved reference 
'LocalDensity'.
e: file:///C:/Users/Wehtt/And
roidStudioProjects/regenesis/
app/src/main/java/dev/aurakai
/auraframefx/ui/components/te
xt/NeonText.kt:241:31 
Unresolved reference 
'LayoutDirection'.
e: file:///C:/Users/Wehtt/And
roidStudioProjects/regenesis/
app/src/main/java/dev/aurakai
/auraframefx/ui/components/te
xt/NeonText.kt:242:34 
Unresolved reference 
'LocalFontFamilyResolver'.
e: file:///C:/Users/Wehtt/And
roidStudioProjects/regenesis/
app/src/main/java/dev/aurakai
/auraframefx/ui/components/te
xt/NeonText.kt:252:2 
Unresolved reference 
'Preview'.
e: file:///C:/Users/Wehtt/And
roidStudioProjects/regenesis/
app/src/main/java/dev/aurakai
/auraframefx/ui/components/te
xt/NeonText.kt:252:10 Syntax 
error: Expecting a top level 
declaration.
e: file:///C:/Users/Wehtt/And
roidStudioProjects/regenesis/
app/src/main/java/dev/aurakai
/auraframefx/ui/components/te
xt/NeonText.kt:252:11 Syntax 
error: Expecting a top level 
declaration.
e: file:///C:/Users/Wehtt/And
roidStudioProjects/regenesis/
app/src/main/java/dev/aurakai
/auraframefx/ui/gates/DirectC
hatScreen.kt:29:1 The 
feature "context parameters" 
is experimental and should 
be enabled explicitly. This 
can be done by supplying the 
compiler argument 
'-Xcontext-parameters', but 
note that no stability 
guarantees are provided.
e: file:///C:/Users/Wehtt/And
roidStudioProjects/regenesis/
app/src/main/java/dev/aurakai
/auraframefx/ui/gates/Enhance
dGateCarousel.kt:61:41 
Unresolved reference 
'NeonCyan'.
e: file:///C:/Users/Wehtt/And
roidStudioProjects/regenesis/
app/src/main/java/dev/aurakai
/auraframefx/ui/gates/Enhance
dGateCarousel.kt:62:41 
Unresolved reference 
'NeonPink'.
e: file:///C:/Users/Wehtt/And
roidStudioProjects/regenesis/
app/src/main/java/dev/aurakai
/auraframefx/ui/gates/Enhance
dGateCarousel.kt:63:41 
Unresolved reference 
'NeonPurple'.
e: file:///C:/Users/Wehtt/And
roidStudioProjects/regenesis/
app/src/main/java/dev/aurakai
/auraframefx/ui/gates/Enhance
dGateCarousel.kt:64:41 
Unresolved reference 
'NeonPurpleDark'.
e: file:///C:/Users/Wehtt/And
roidStudioProjects/regenesis/
app/src/main/java/dev/aurakai
/auraframefx/ui/gates/Enhance
dGateCarousel.kt:65:41 
Unresolved reference 
'NeonTeal'.
e: file:///C:/Users/Wehtt/And
roidStudioProjects/regenesis/
app/src/main/java/dev/aurakai
/auraframefx/ui/gates/Enhance
dGateCarousel.kt:66:41 
Unresolved reference 
'SpaceColors'.
e: file:///C:/Users/Wehtt/And
roidStudioProjects/regenesis/
app/src/main/java/dev/aurakai
/auraframefx/ui/gates/Enhance
dGateCarousel.kt:95:33 
Unresolved reference 
'NeonCyan'.
e: file:///C:/Users/Wehtt/And
roidStudioProjects/regenesis/
app/src/main/java/dev/aurakai
/auraframefx/ui/gates/Enhance
dGateCarousel.kt:95:43 
Unresolved reference 
'NeonTeal'.
e: file:///C:/Users/Wehtt/And
roidStudioProjects/regenesis/
app/src/main/java/dev/aurakai
/auraframefx/ui/gates/Enhance
dGateCarousel.kt:96:21 
Unresolved reference 
'NeonCyan'.
e: file:///C:/Users/Wehtt/And
roidStudioProjects/regenesis/
app/src/main/java/dev/aurakai
/auraframefx/ui/gates/Enhance
dGateCarousel.kt:104:33 
Unresolved reference 
'NeonPink'.
e: file:///C:/Users/Wehtt/And
roidStudioProjects/regenesis/
app/src/main/java/dev/aurakai
/auraframefx/ui/gates/Enhance
dGateCarousel.kt:104:43 
Unresolved reference 
'NeonPurple'.
e: file:///C:/Users/Wehtt/And
roidStudioProjects/regenesis/
app/src/main/java/dev/aurakai
/auraframefx/ui/gates/Enhance
dGateCarousel.kt:105:21 
Unresolved reference 
'NeonPink'.
e: file:///C:/Users/Wehtt/And
roidStudioProjects/regenesis/
app/src/main/java/dev/aurakai
/auraframefx/ui/gates/Enhance
dGateCarousel.kt:113:33 
Unresolved reference 
'NeonPurple'.
e: file:///C:/Users/Wehtt/And
roidStudioProjects/regenesis/
app/src/main/java/dev/aurakai
/auraframefx/ui/gates/Enhance
dGateCarousel.kt:113:45 
Unresolved reference 
'NeonPurpleDark'.
e: file:///C:/Users/Wehtt/And
roidStudioProjects/regenesis/
app/src/main/java/dev/aurakai
/auraframefx/ui/gates/Enhance
dGateCarousel.kt:114:21 
Unresolved reference 
'NeonPurple'.
e: file:///C:/Users/Wehtt/And
roidStudioProjects/regenesis/
app/src/main/java/dev/aurakai
/auraframefx/ui/gates/Enhance
dGateCarousel.kt:122:33 
Unresolved reference 
'NeonCyan'.
e: file:///C:/Users/Wehtt/And
roidStudioProjects/regenesis/
app/src/main/java/dev/aurakai
/auraframefx/ui/gates/Enhance
dGateCarousel.kt:122:43 
Unresolved reference 
'NeonTeal'.
e: file:///C:/Users/Wehtt/And
roidStudioProjects/regenesis/
app/src/main/java/dev/aurakai
/auraframefx/ui/gates/Enhance
dGateCarousel.kt:123:21 
Unresolved reference 
'NeonCyan'.
e: file:///C:/Users/Wehtt/And
roidStudioProjects/regenesis/
app/src/main/java/dev/aurakai
/auraframefx/ui/gates/Enhance
dGateCarousel.kt:176:52 
Unresolved reference 
'NeonCyan'.
e: file:///C:/Users/Wehtt/And
roidStudioProjects/regenesis/
app/src/main/java/dev/aurakai
/auraframefx/ui/gates/Enhance
dGateCarousel.kt:224:25 
Unresolved reference 
'SpaceColors'.
e: file:///C:/Users/Wehtt/And
roidStudioProjects/regenesis/
app/src/main/java/dev/aurakai
/auraframefx/ui/gates/Enhance
dGateCarousel.kt:290:31 
Unresolved reference 
'NeonCyan'.
e: file:///C:/Users/Wehtt/And
roidStudioProjects/regenesis/
app/src/main/java/dev/aurakai
/auraframefx/ui/gates/Enhance
dGateCarousel.kt:295:25 
Unresolved reference 
'NeonCyan'.
e: file:///C:/Users/Wehtt/And
roidStudioProjects/regenesis/
app/src/main/java/dev/aurakai
/auraframefx/ui/gates/LSPosed
GateScreen.kt:157:13 Cannot 
infer type for type 
parameter 'T'. Specify it 
explicitly.
e: file:///C:/Users/Wehtt/And
roidStudioProjects/regenesis/
app/src/main/java/dev/aurakai
/auraframefx/ui/gates/LSPosed
GateScreen.kt:157:40 Cannot 
infer type for type 
parameter 'T'. Specify it 
explicitly.
e: file:///C:/Users/Wehtt/And
roidStudioProjects/regenesis/
app/src/main/java/dev/aurakai
/auraframefx/ui/gates/LSPosed
GateScreen.kt:172:13 Cannot 
infer type for type 
parameter 'T'. Specify it 
explicitly.
e: file:///C:/Users/Wehtt/And
roidStudioProjects/regenesis/
app/src/main/java/dev/aurakai
/auraframefx/ui/gates/LSPosed
GateScreen.kt:172:41 Cannot 
infer type for type 
parameter 'T'. Specify it 
explicitly.
e: file:///C:/Users/Wehtt/And
roidStudioProjects/regenesis/
app/src/main/java/dev/aurakai
/auraframefx/ui/gates/LSPosed
GateScreen.kt:267:37 
Unresolved reference 
'GateQuickAction'.
e: file:///C:/Users/Wehtt/And
roidStudioProjects/regenesis/
app/src/main/java/dev/aurakai
/auraframefx/ui/gates/LSPosed
GateScreen.kt:272:37 
Unresolved reference 'color'.
e: file:///C:/Users/Wehtt/And
roidStudioProjects/regenesis/
app/src/main/java/dev/aurakai
/auraframefx/ui/gates/LSPosed
GateScreen.kt:288:28 
Unresolved reference 'icon'.
e: file:///C:/Users/Wehtt/And
roidStudioProjects/regenesis/
app/src/main/java/dev/aurakai
/auraframefx/ui/gates/LSPosed
GateScreen.kt:294:32 
Unresolved reference 'title'.
e: file:///C:/Users/Wehtt/And
roidStudioProjects/regenesis/
app/src/main/java/dev/aurakai
/auraframefx/ui/gates/LSPosed
GateScreen.kt:300:32 
Unresolved reference 
'description'.
e: file:///C:/Users/Wehtt/And
roidStudioProjects/regenesis/
app/src/main/java/dev/aurakai
/auraframefx/ui/gates/LSPosed
GateScreen.kt:324:32 
Unresolved reference 
'GateXposedModule'.
e: file:///C:/Users/Wehtt/And
roidStudioProjects/regenesis/
app/src/main/java/dev/aurakai
/auraframefx/ui/gates/LSPosed
GateScreen.kt:345:32 
Unresolved reference 'name'.
e: file:///C:/Users/Wehtt/And
roidStudioProjects/regenesis/
app/src/main/java/dev/aurakai
/auraframefx/ui/gates/LSPosed
GateScreen.kt:351:32 
Unresolved reference 
'packageName'.
e: file:///C:/Users/Wehtt/And
roidStudioProjects/regenesis/
app/src/main/java/dev/aurakai
/auraframefx/ui/gates/LSPosed
GateScreen.kt:358:49 
Unresolved reference 
'enabled'.
e: file:///C:/Users/Wehtt/And
roidStudioProjects/regenesis/
app/src/main/java/dev/aurakai
/auraframefx/ui/gates/LSPosed
GateScreen.kt:361:36 
Unresolved reference 
'enabled'.
e: file:///C:/Users/Wehtt/And
roidStudioProjects/regenesis/
app/src/main/java/dev/aurakai
/auraframefx/ui/gates/LSPosed
GateScreen.kt:372:59 
Unresolved reference 
'version'.
e: file:///C:/Users/Wehtt/And
roidStudioProjects/regenesis/
app/src/main/java/dev/aurakai
/auraframefx/ui/gates/LSPosed
GateScreen.kt:373:57 
Unresolved reference 
'hookCount'.
e: file:///C:/Users/Wehtt/And
roidStudioProjects/regenesis/
app/src/main/java/dev/aurakai
/auraframefx/ui/gates/LSPosed
GateScreen.kt:374:49 
Unresolved reference 'scope'.
e: file:///C:/Users/Wehtt/And
roidStudioProjects/regenesis/
app/src/main/java/dev/aurakai
/auraframefx/ui/gates/LSPosed
GateScreen.kt:386:57 
Unresolved reference 
'enabled'.
e: file:///C:/Users/Wehtt/And
roidStudioProjects/regenesis/
app/src/main/java/dev/aurakai
/auraframefx/ui/gates/LSPosed
GateScreen.kt:389:41 
Unresolved reference 
'enabled'.
e: file:///C:/Users/Wehtt/And
roidStudioProjects/regenesis/
app/src/main/java/dev/aurakai
/auraframefx/ui/gates/LSPosed
GateScreen.kt:440:20 
Redeclaration:
data class QuickAction : Any
e: file:///C:/Users/Wehtt/And
roidStudioProjects/regenesis/
app/src/main/java/dev/aurakai
/auraframefx/ui/gates/LSPosed
GateScreen.kt:447:20 
Redeclaration:
data class XposedModule : Any
data class XposedModule : Any
e: file:///C:/Users/Wehtt/And
roidStudioProjects/regenesis/
app/src/main/java/dev/aurakai
/auraframefx/ui/gates/LSPosed
GateScreen.kt:461:33 Cannot 
infer type for type 
parameter 'T'. Specify it 
explicitly.
e: file:///C:/Users/Wehtt/And
roidStudioProjects/regenesis/
app/src/main/java/dev/aurakai
/auraframefx/ui/gates/LSPosed
GateScreen.kt:462:5 
Unresolved reference 
'GateQuickAction'.
e: file:///C:/Users/Wehtt/And
roidStudioProjects/regenesis/
app/src/main/java/dev/aurakai
/auraframefx/ui/gates/LSPosed
GateScreen.kt:469:5 
Unresolved reference 
'GateQuickAction'.
e: file:///C:/Users/Wehtt/And
roidStudioProjects/regenesis/
app/src/main/java/dev/aurakai
/auraframefx/ui/gates/LSPosed
GateScreen.kt:476:5 
Unresolved reference 
'GateQuickAction'.
e: file:///C:/Users/Wehtt/And
roidStudioProjects/regenesis/
app/src/main/java/dev/aurakai
/auraframefx/ui/gates/LSPosed
GateScreen.kt:483:5 
Unresolved reference 
'GateQuickAction'.
e: file:///C:/Users/Wehtt/And
roidStudioProjects/regenesis/
app/src/main/java/dev/aurakai
/auraframefx/ui/gates/LSPosed
GateScreen.kt:497:34 Cannot 
infer type for type 
parameter 'T'. Specify it 
explicitly.
e: file:///C:/Users/Wehtt/And
roidStudioProjects/regenesis/
app/src/main/java/dev/aurakai
/auraframefx/ui/gates/LSPosed
GateScreen.kt:498:5 
Unresolved reference 
'GateXposedModule'.
e: file:///C:/Users/Wehtt/And
roidStudioProjects/regenesis/
app/src/main/java/dev/aurakai
/auraframefx/ui/gates/LSPosed
GateScreen.kt:506:5 
Unresolved reference 
'GateXposedModule'.
e: file:///C:/Users/Wehtt/And
roidStudioProjects/regenesis/
app/src/main/java/dev/aurakai
/auraframefx/ui/gates/LSPosed
GateScreen.kt:514:5 
Unresolved reference 
'GateXposedModule'.
e: file:///C:/Users/Wehtt/And
roidStudioProjects/regenesis/
app/src/main/java/dev/aurakai
/auraframefx/ui/gates/LSPosed
ModuleManagerScreen.kt:48:41 
Cannot access 'data class 
XposedModule : Any': it is 
private in file.
e: file:///C:/Users/Wehtt/And
roidStudioProjects/regenesis/
app/src/main/java/dev/aurakai
/auraframefx/ui/gates/LSPosed
ModuleManagerScreen.kt:56:19 
Cannot infer type for type 
parameter 'T'. Specify it 
explicitly.
e: file:///C:/Users/Wehtt/And
roidStudioProjects/regenesis/
app/src/main/java/dev/aurakai
/auraframefx/ui/gates/LSPosed
ModuleManagerScreen.kt:56:30 
Cannot infer type for type 
parameter 'T'. Specify it 
explicitly.
e: file:///C:/Users/Wehtt/And
roidStudioProjects/regenesis/
app/src/main/java/dev/aurakai
/auraframefx/ui/gates/LSPosed
ModuleManagerScreen.kt:57:9 
Unresolved reference 
'XposedModuleInfo'.
e: file:///C:/Users/Wehtt/And
roidStudioProjects/regenesis/
app/src/main/java/dev/aurakai
/auraframefx/ui/gates/LSPosed
ModuleManagerScreen.kt:58:9 
Unresolved reference 
'XposedModuleInfo'.
e: file:///C:/Users/Wehtt/And
roidStudioProjects/regenesis/
app/src/main/java/dev/aurakai
/auraframefx/ui/gates/LSPosed
ModuleManagerScreen.kt:59:9 
Unresolved reference 
'XposedModuleInfo'.
e: file:///C:/Users/Wehtt/And
roidStudioProjects/regenesis/
app/src/main/java/dev/aurakai
/auraframefx/ui/gates/LSPosed
ModuleManagerScreen.kt:60:9 
Unresolved reference 
'XposedModuleInfo'.
e: file:///C:/Users/Wehtt/And
roidStudioProjects/regenesis/
app/src/main/java/dev/aurakai
/auraframefx/ui/gates/LSPosed
ModuleManagerScreen.kt:61:9 
Unresolved reference 
'XposedModuleInfo'.
e: file:///C:/Users/Wehtt/And
roidStudioProjects/regenesis/
app/src/main/java/dev/aurakai
/auraframefx/ui/gates/LSPosed
ModuleManagerScreen.kt:62:9 
Unresolved reference 
'XposedModuleInfo'.
e: file:///C:/Users/Wehtt/And
roidStudioProjects/regenesis/
app/src/main/java/dev/aurakai
/auraframefx/ui/gates/LSPosed
ModuleManagerScreen.kt:63:9 
Unresolved reference 
'XposedModuleInfo'.
e: file:///C:/Users/Wehtt/And
roidStudioProjects/regenesis/
app/src/main/java/dev/aurakai
/auraframefx/ui/gates/LSPosed
ModuleManagerScreen.kt:64:9 
Unresolved reference 
'XposedModuleInfo'.
e: file:///C:/Users/Wehtt/And
roidStudioProjects/regenesis/
app/src/main/java/dev/aurakai
/auraframefx/ui/gates/LSPosed
ModuleManagerScreen.kt:71:44 
Cannot infer type for value 
parameter 'module'. Specify 
it explicitly.
e: file:///C:/Users/Wehtt/And
roidStudioProjects/regenesis/
app/src/main/java/dev/aurakai
/auraframefx/ui/gates/LSPosed
ModuleManagerScreen.kt:72:45 
Operator '==' cannot be 
applied to 'CharCategory' 
and 'String'.
e: file:///C:/Users/Wehtt/And
roidStudioProjects/regenesis/
app/src/main/java/dev/aurakai
/auraframefx/ui/gates/LSPosed
ModuleManagerScreen.kt:73:48 
Unresolved reference 'name'.
e: file:///C:/Users/Wehtt/And
roidStudioProjects/regenesis/
app/src/main/java/dev/aurakai
/auraframefx/ui/gates/LSPosed
ModuleManagerScreen.kt:74:17 
Unresolved reference 
'description'.
e: file:///C:/Users/Wehtt/And
roidStudioProjects/regenesis/
app/src/main/java/dev/aurakai
/auraframefx/ui/gates/LSPosed
ModuleManagerScreen.kt:162:52
 Unresolved reference 'it'.
e: file:///C:/Users/Wehtt/And
roidStudioProjects/regenesis/
app/src/main/java/dev/aurakai
/auraframefx/ui/gates/LSPosed
ModuleManagerScreen.kt:163:42
 Function invocation 
'size(...)' expected.
e: file:///C:/Users/Wehtt/And
roidStudioProjects/regenesis/
app/src/main/java/dev/aurakai
/auraframefx/ui/gates/LSPosed
ModuleManagerScreen.kt:229:53
 Unresolved reference 'copy'.
e: file:///C:/Users/Wehtt/And
roidStudioProjects/regenesis/
app/src/main/java/dev/aurakai
/auraframefx/ui/gates/LSPosed
ModuleManagerScreen.kt:229:76
 Unresolved reference 
'enabled'.
e: file:///C:/Users/Wehtt/And
roidStudioProjects/regenesis/
app/src/main/java/dev/aurakai
/auraframefx/ui/gates/LSPosed
ModuleManagerScreen.kt:276:29
 Unresolved reference 
'replaceAll'.
e: file:///C:/Users/Wehtt/And
roidStudioProjects/regenesis/
app/src/main/java/dev/aurakai
/auraframefx/ui/gates/LSPosed
ModuleManagerScreen.kt:276:42
 Unresolved reference 'it'.
e: file:///C:/Users/Wehtt/And
roidStudioProjects/regenesis/
app/src/main/java/dev/aurakai
/auraframefx/ui/gates/LSPosed
ModuleManagerScreen.kt:288:29
 Unresolved reference 
'replaceAll'.
e: file:///C:/Users/Wehtt/And
roidStudioProjects/regenesis/
app/src/main/java/dev/aurakai
/auraframefx/ui/gates/LSPosed
ModuleManagerScreen.kt:288:42
 Unresolved reference 'it'.
e: file:///C:/Users/Wehtt/And
roidStudioProjects/regenesis/
app/src/main/java/dev/aurakai
/auraframefx/ui/gates/LSPosed
ModuleManagerScreen.kt:319:13
 Unresolved reference 
'XposedModuleInfo'.
e: file:///C:/Users/Wehtt/And
roidStudioProjects/regenesis/
app/src/main/java/dev/aurakai
/auraframefx/ui/gates/LSPosed
ModuleManagerScreen.kt:330:24
 Unresolved reference 
'enabled'.
e: file:///C:/Users/Wehtt/And
roidStudioProjects/regenesis/
app/src/main/java/dev/aurakai
/auraframefx/ui/gates/LSPosed
ModuleManagerScreen.kt:341:42
 Unresolved reference 
'enabled'.
e: file:///C:/Users/Wehtt/And
roidStudioProjects/regenesis/
app/src/main/java/dev/aurakai
/auraframefx/ui/gates/LSPosed
ModuleManagerScreen.kt:343:35
 Unresolved reference 
'enabled'.
e: file:///C:/Users/Wehtt/And
roidStudioProjects/regenesis/
app/src/main/java/dev/aurakai
/auraframefx/ui/gates/LSPosed
ModuleManagerScreen.kt:355:39
 Unresolved reference 'name'.
e: file:///C:/Users/Wehtt/And
roidStudioProjects/regenesis/
app/src/main/java/dev/aurakai
/auraframefx/ui/gates/LSPosed
ModuleManagerScreen.kt:369:25
 None of the following 
candidates is applicable:

fun Text(text: String, 
modifier: Modifier = ..., 
color: Color = ..., 
autoSize: TextAutoSize? = 
..., fontSize: TextUnit = 
..., fontStyle: FontStyle? = 
..., fontWeight: FontWeight? 
= ..., fontFamily: 
FontFamily? = ..., 
letterSpacing: TextUnit = 
..., textDecoration: 
TextDecoration? = ..., 
textAlign: TextAlign? = ..., 
lineHeight: TextUnit = ..., 
overflow: TextOverflow = 
..., softWrap: Boolean = 
..., maxLines: Int = ..., 
minLines: Int = ..., 
onTextLayout: 
((TextLayoutResult) -> 
Unit)? = ..., style: 
TextStyle = ...): Unit:
  Argument type mismatch: 
actual type is 
'CharCategory', but 'String' 
was expected.

fun Text(text: 
AnnotatedString, modifier: 
Modifier = ..., color: Color 
= ..., autoSize: 
TextAutoSize? = ..., 
fontSize: TextUnit = ..., 
fontStyle: FontStyle? = ..., 
fontWeight: FontWeight? = 
..., fontFamily: FontFamily? 
= ..., letterSpacing: 
TextUnit = ..., 
textDecoration: 
TextDecoration? = ..., 
textAlign: TextAlign? = ..., 
lineHeight: TextUnit = ..., 
overflow: TextOverflow = 
..., softWrap: Boolean = 
..., maxLines: Int = ..., 
minLines: Int = ..., 
inlineContent: Map<String, 
InlineTextContent> = ..., 
onTextLayout: 
(TextLayoutResult) -> Unit = 
..., style: TextStyle = 
...): Unit:
  Argument type mismatch: 
actual type is 
'CharCategory', but 
'AnnotatedString' was 
expected.
e: file:///C:/Users/Wehtt/And
roidStudioProjects/regenesis/
app/src/main/java/dev/aurakai
/auraframefx/ui/gates/LSPosed
ModuleManagerScreen.kt:381:35
 Unresolved reference 
'description'.
e: file:///C:/Users/Wehtt/And
roidStudioProjects/regenesis/
app/src/main/java/dev/aurakai
/auraframefx/ui/gates/LSPosed
ModuleManagerScreen.kt:403:47
 Unresolved reference 
'version'.
e: file:///C:/Users/Wehtt/And
roidStudioProjects/regenesis/
app/src/main/java/dev/aurakai
/auraframefx/ui/gates/LSPosed
ModuleManagerScreen.kt:411:43
 Unresolved reference 
'enabled'.
e: file:///C:/Users/Wehtt/And
roidStudioProjects/regenesis/
app/src/main/java/dev/aurakai
/auraframefx/ui/gates/LSPosed
ModuleManagerScreen.kt:413:44
 Unresolved reference 
'enabled'.
e: file:///C:/Users/Wehtt/And
roidStudioProjects/regenesis/
app/src/main/java/dev/aurakai
/auraframefx/ui/gates/LSPosed
ModuleManagerScreen.kt:429:50
 Unresolved reference 
'enabled'.
e: file:///C:/Users/Wehtt/And
roidStudioProjects/regenesis/
app/src/main/java/dev/aurakai
/auraframefx/ui/gates/LSPosed
ModuleManagerScreen.kt:431:43
 Unresolved reference 
'enabled'.
e: file:///C:/Users/Wehtt/And
roidStudioProjects/regenesis/
app/src/main/java/dev/aurakai
/auraframefx/ui/gates/LSPosed
ModuleManagerScreen.kt:456:12
 Redeclaration:
data class XposedModule : Any
data class XposedModule : Any
e: file:///C:/Users/Wehtt/And
roidStudioProjects/regenesis/
app/src/main/java/dev/aurakai
/auraframefx/ui/gates/LiveSup
portChatScreen.kt:60:1 The 
feature "context parameters" 
is experimental and should 
be enabled explicitly. This 
can be done by supplying the 
compiler argument 
'-Xcontext-parameters', but 
note that no stability 
guarantees are provided.
e: file:///C:/Users/Wehtt/And
roidStudioProjects/regenesis/
app/src/main/java/dev/aurakai
/auraframefx/ui/gates/QuickAc
tion.kt:6:12 Redeclaration:
data class QuickAction : Any
e: file:///C:/Users/Wehtt/And
roidStudioProjects/regenesis/
app/src/main/java/dev/aurakai
/auraframefx/ui/gates/QuickAc
tionsScreen.kt:236:26 To 
call contextual 
declarations, specify the 
'-Xcontext-parameters' 
compiler option.
e: file:///C:/Users/Wehtt/And
roidStudioProjects/regenesis/
app/src/main/java/dev/aurakai
/auraframefx/ui/gates/QuickAc
tionsScreen.kt:343:1 The 
feature "context parameters" 
is experimental and should 
be enabled explicitly. This 
can be done by supplying the 
compiler argument 
'-Xcontext-parameters', but 
note that no stability 
guarantees are provided.
e: file:///C:/Users/Wehtt/And
roidStudioProjects/regenesis/
app/src/main/java/dev/aurakai
/auraframefx/ui/gates/XposedM
odule.kt:3:12 Redeclaration:
data class XposedModule : Any
data class XposedModule : Any
e: file:///C:/Users/Wehtt/And
roidStudioProjects/regenesis/
app/src/main/java/dev/aurakai
/auraframefx/ui/recovery/UIRe
coveryDialog.kt:40:41 
Unresolved reference 
'NeonBlue'.
e: file:///C:/Users/Wehtt/And
roidStudioProjects/regenesis/
app/src/main/java/dev/aurakai
/auraframefx/ui/recovery/UIRe
coveryDialog.kt:41:41 
Unresolved reference 
'NeonCyan'.
e: file:///C:/Users/Wehtt/And
roidStudioProjects/regenesis/
app/src/main/java/dev/aurakai
/auraframefx/ui/recovery/UIRe
coveryDialog.kt:42:41 
Unresolved reference 
'NeonPurple'.
e: file:///C:/Users/Wehtt/And
roidStudioProjects/regenesis/
app/src/main/java/dev/aurakai
/auraframefx/ui/recovery/UIRe
coveryDialog.kt:96:36 
Unresolved reference 
'NeonCyan'.
e: file:///C:/Users/Wehtt/And
roidStudioProjects/regenesis/
app/src/main/java/dev/aurakai
/auraframefx/ui/recovery/UIRe
coveryDialog.kt:106:37 
Unresolved reference 
'NeonBlue'.
e: file:///C:/Users/Wehtt/And
roidStudioProjects/regenesis/
app/src/main/java/dev/aurakai
/auraframefx/ui/recovery/UIRe
coveryDialog.kt:139:58 
Unresolved reference 
'NeonCyan'.
e: file:///C:/Users/Wehtt/And
roidStudioProjects/regenesis/
app/src/main/java/dev/aurakai
/auraframefx/ui/recovery/UIRe
coveryDialog.kt:171:52 
Unresolved reference 
'NeonPurple'.
e: file:///C:/Users/Wehtt/And
roidStudioProjects/regenesis/
app/src/main/java/dev/aurakai
/auraframefx/ui/recovery/UIRe
coveryDialog.kt:217:29 
Unresolved reference 
'NeonCyan'.
e: file:///C:/Users/Wehtt/And
roidStudioProjects/regenesis/
app/src/main/java/dev/aurakai
/auraframefx/ui/recovery/UIRe
coveryDialog.kt:226:24 
Unresolved reference 
'NeonCyan'.
e: file:///C:/Users/Wehtt/And
roidStudioProjects/regenesis/
app/src/main/java/dev/aurakai
/auraframefx/ui/recovery/UIRe
coveryDialog.kt:232:25 
Unresolved reference 
'NeonCyan'.
e: file:///C:/Users/Wehtt/And
roidStudioProjects/regenesis/
app/src/main/java/dev/aurakai
/auraframefx/ui/screens/Agent
ProfileScreen.kt:52:47 
Unresolved reference 
'CLAUDE'.
e: file:///C:/Users/Wehtt/And
roidStudioProjects/regenesis/
app/src/main/java/dev/aurakai
/auraframefx/ui/screens/Agent
ProfileScreen.kt:498:19 
Unresolved reference 
'CLAUDE'.
e: file:///C:/Users/Wehtt/And
roidStudioProjects/regenesis/
app/src/main/java/dev/aurakai
/auraframefx/ui/screens/Agent
ProfileScreen.kt:500:19 
Unresolved reference 
'NEURAL_WHISPER'.
e: file:///C:/Users/Wehtt/And
roidStudioProjects/regenesis/
app/src/main/java/dev/aurakai
/auraframefx/ui/screens/Ecosy
stemMenuScreen.kt:12:39 
Unresolved reference 
'homescreen'.
e: file:///C:/Users/Wehtt/And
roidStudioProjects/regenesis/
app/src/main/java/dev/aurakai
/auraframefx/ui/screens/Ecosy
stemMenuScreen.kt:30:21 
Unresolved reference 
'HomeScreenTransitionType'.
e: file:///C:/Users/Wehtt/And
roidStudioProjects/regenesis/
app/src/main/java/dev/aurakai
/auraframefx/ui/screens/Ecosy
stemMenuScreen.kt:30:48 
Unresolved reference 
'HomeScreenTransitionType'.
e: file:///C:/Users/Wehtt/And
roidStudioProjects/regenesis/
app/src/main/java/dev/aurakai
/auraframefx/ui/screens/Ecosy
stemMenuScreen.kt:33:24 No 
value passed for parameter 
'content'.
e: file:///C:/Users/Wehtt/And
roidStudioProjects/regenesis/
app/src/main/java/dev/aurakai
/auraframefx/ui/screens/Ecosy
stemMenuScreen.kt:33:48 
Argument type mismatch: 
actual type is 
'Function0<Unit>', but 
'Float' was expected.
e: file:///C:/Users/Wehtt/And
roidStudioProjects/regenesis/
app/src/main/java/dev/aurakai
/auraframefx/ui/screens/Ecosy
stemMenuScreen.kt:34:9 
@Composable invocations can 
only happen from the context 
of a @Composable function
e: file:///C:/Users/Wehtt/And
roidStudioProjects/regenesis/
app/src/main/java/dev/aurakai
/auraframefx/ui/screens/MainS
creen.kt:65:45 Unresolved 
reference 'random'.
e: file:///C:/Users/Wehtt/And
roidStudioProjects/regenesis/
app/src/main/java/dev/aurakai
/auraframefx/ui/screens/MainS
creen.kt:66:37 Unresolved 
reference 'random'.
e: file:///C:/Users/Wehtt/And
roidStudioProjects/regenesis/
app/src/main/java/dev/aurakai
/auraframefx/ui/theme/Glassmo
rphismUtils.kt:41:25 
Unresolved reference 
'GlassColors'.
e: file:///C:/Users/Wehtt/And
roidStudioProjects/regenesis/
app/src/main/java/dev/aurakai
/auraframefx/ui/theme/Glassmo
rphismUtils.kt:42:27 
Unresolved reference 
'NeonPurple'.
e: file:///C:/Users/Wehtt/And
roidStudioProjects/regenesis/
app/src/main/java/dev/aurakai
/auraframefx/ui/theme/Glassmo
rphismUtils.kt:69:24 
Unresolved reference 
'NeonPurple'.
e: file:///C:/Users/Wehtt/And
roidStudioProjects/regenesis/
app/src/main/java/dev/aurakai
/auraframefx/ui/theme/Glassmo
rphismUtils.kt:72:18 
Unresolved reference 
'GlassColors'.
e: file:///C:/Users/Wehtt/And
roidStudioProjects/regenesis/
app/src/main/java/dev/aurakai
/auraframefx/ui/theme/Glassmo
rphismUtils.kt:89:43 
Unresolved reference 
'GlassColors'.
e: file:///C:/Users/Wehtt/And
roidStudioProjects/regenesis/
app/src/main/java/dev/aurakai
/auraframefx/ui/theme/Glassmo
rphismUtils.kt:113:25 
Unresolved reference 
'NeonPurple'.
e: file:///C:/Users/Wehtt/And
roidStudioProjects/regenesis/
app/src/main/java/dev/aurakai
/auraframefx/ui/theme/Glassmo
rphismUtils.kt:114:23 
Unresolved reference 
'NeonTeal'.
e: file:///C:/Users/Wehtt/And
roidStudioProjects/regenesis/
app/src/main/java/dev/aurakai
/auraframefx/ui/theme/Glassmo
rphismUtils.kt:133:17 
Unresolved reference 
'SpaceColors'.
e: file:///C:/Users/Wehtt/And
roidStudioProjects/regenesis/
app/src/main/java/dev/aurakai
/auraframefx/ui/theme/Glassmo
rphismUtils.kt:134:17 
Unresolved reference 
'SpaceColors'.
e: file:///C:/Users/Wehtt/And
roidStudioProjects/regenesis/
app/src/main/java/dev/aurakai
/auraframefx/ui/theme/Glassmo
rphismUtils.kt:135:17 
Unresolved reference 
'SpaceColors'.
e: file:///C:/Users/Wehtt/And
roidStudioProjects/regenesis/
app/src/main/java/dev/aurakai
/auraframefx/ui/theme/Glassmo
rphismUtils.kt:149:24 
Unresolved reference 
'NeonPurple'.
e: file:///C:/Users/Wehtt/And
roidStudioProjects/regenesis/
app/src/main/java/dev/aurakai
/auraframefx/ui/theme/Glassmo
rphismUtils.kt:166:24 
Unresolved reference 
'NeonPink'.
e: file:///C:/Users/Wehtt/And
roidStudioProjects/regenesis/
app/src/main/java/dev/aurakai
/auraframefx/ui/theme/Glassmo
rphismUtils.kt:181:48 
Unresolved reference 
'NeonPurple'.
e: file:///C:/Users/Wehtt/And
roidStudioProjects/regenesis/
app/src/main/java/dev/aurakai
/auraframefx/ui/theme/Glassmo
rphismUtils.kt:182:22 
Unresolved reference 
'GlassColors'.
e: file:///C:/Users/Wehtt/And
roidStudioProjects/regenesis/
app/src/main/java/dev/aurakai
/auraframefx/ui/theme/Glassmo
rphismUtils.kt:193:22 
Unresolved reference 
'GlassColors'.
e: file:///C:/Users/Wehtt/And
roidStudioProjects/regenesis/
app/src/main/java/dev/aurakai
/auraframefx/ui/theme/Glassmo
rphismUtils.kt:194:23 
Unresolved reference 
'NeonPurple'.
e: file:///C:/Users/Wehtt/And
roidStudioProjects/regenesis/
app/src/main/java/dev/aurakai
/auraframefx/ui/theme/Glassmo
rphismUtils.kt:203:44 
Unresolved reference 
'NeonTeal'.
e: file:///C:/Users/Wehtt/And
roidStudioProjects/regenesis/
app/src/main/java/dev/aurakai
/auraframefx/ui/theme/Glassmo
rphismUtils.kt:215:22 
Unresolved reference 
'GlassColors'.
e: file:///C:/Users/Wehtt/And
roidStudioProjects/regenesis/
app/src/main/java/dev/aurakai
/auraframefx/ui/theme/Glassmo
rphismUtils.kt:216:23 
Unresolved reference 
'NeonPurple'.
e: file:///C:/Users/Wehtt/And
roidStudioProjects/regenesis/
app/src/main/java/dev/aurakai
/auraframefx/ui/theme/Glassmo
rphismUtils.kt:226:22 
Unresolved reference 
'GlassColors'.
e: file:///C:/Users/Wehtt/And
roidStudioProjects/regenesis/
app/src/main/java/dev/aurakai
/auraframefx/ui/theme/Glassmo
rphismUtils.kt:227:23 
Unresolved reference 
'NeonTeal'.
e: file:///C:/Users/Wehtt/And
roidStudioProjects/regenesis/
app/src/main/java/dev/aurakai
/auraframefx/ui/theme/Theme.k
t:24:41 Unresolved reference 
'AuraMoodViewModel'.
e: file:///C:/Users/Wehtt/And
roidStudioProjects/regenesis/
app/src/main/java/dev/aurakai
/auraframefx/ui/theme/Theme.k
t:27:14 Unresolved reference 
'NeonTeal'.
e: file:///C:/Users/Wehtt/And
roidStudioProjects/regenesis/
app/src/main/java/dev/aurakai
/auraframefx/ui/theme/Theme.k
t:28:16 Unresolved reference 
'OnPrimary'.
e: file:///C:/Users/Wehtt/And
roidStudioProjects/regenesis/
app/src/main/java/dev/aurakai
/auraframefx/ui/theme/Theme.k
t:29:23 Unresolved reference 
'NeonTeal'.
e: file:///C:/Users/Wehtt/And
roidStudioProjects/regenesis/
app/src/main/java/dev/aurakai
/auraframefx/ui/theme/Theme.k
t:30:25 Unresolved reference 
'OnPrimary'.
e: file:///C:/Users/Wehtt/And
roidStudioProjects/regenesis/
app/src/main/java/dev/aurakai
/auraframefx/ui/theme/Theme.k
t:32:16 Unresolved reference 
'NeonPurple'.
e: file:///C:/Users/Wehtt/And
roidStudioProjects/regenesis/
app/src/main/java/dev/aurakai
/auraframefx/ui/theme/Theme.k
t:33:18 Unresolved reference 
'OnSecondary'.
e: file:///C:/Users/Wehtt/And
roidStudioProjects/regenesis/
app/src/main/java/dev/aurakai
/auraframefx/ui/theme/Theme.k
t:34:25 Unresolved reference 
'NeonPurple'.
e: file:///C:/Users/Wehtt/And
roidStudioProjects/regenesis/
app/src/main/java/dev/aurakai
/auraframefx/ui/theme/Theme.k
t:35:27 Unresolved reference 
'OnSecondary'.
e: file:///C:/Users/Wehtt/And
roidStudioProjects/regenesis/
app/src/main/java/dev/aurakai
/auraframefx/ui/theme/Theme.k
t:37:15 Unresolved reference 
'NeonBlue'.
e: file:///C:/Users/Wehtt/And
roidStudioProjects/regenesis/
app/src/main/java/dev/aurakai
/auraframefx/ui/theme/Theme.k
t:38:17 Unresolved reference 
'OnTertiary'.
e: file:///C:/Users/Wehtt/And
roidStudioProjects/regenesis/
app/src/main/java/dev/aurakai
/auraframefx/ui/theme/Theme.k
t:39:24 Unresolved reference 
'NeonBlue'.
e: file:///C:/Users/Wehtt/And
roidStudioProjects/regenesis/
app/src/main/java/dev/aurakai
/auraframefx/ui/theme/Theme.k
t:40:26 Unresolved reference 
'OnTertiary'.
e: file:///C:/Users/Wehtt/And
roidStudioProjects/regenesis/
app/src/main/java/dev/aurakai
/auraframefx/ui/theme/Theme.k
t:42:17 Unresolved reference 
'DarkBackground'.
e: file:///C:/Users/Wehtt/And
roidStudioProjects/regenesis/
app/src/main/java/dev/aurakai
/auraframefx/ui/theme/Theme.k
t:43:19 Unresolved reference 
'OnSurface'.
e: file:///C:/Users/Wehtt/And
roidStudioProjects/regenesis/
app/src/main/java/dev/aurakai
/auraframefx/ui/theme/Theme.k
t:45:14 Unresolved reference 
'Surface'.
e: file:///C:/Users/Wehtt/And
roidStudioProjects/regenesis/
app/src/main/java/dev/aurakai
/auraframefx/ui/theme/Theme.k
t:46:16 Unresolved reference 
'OnSurface'.
e: file:///C:/Users/Wehtt/And
roidStudioProjects/regenesis/
app/src/main/java/dev/aurakai
/auraframefx/ui/theme/Theme.k
t:47:21 Unresolved reference 
'SurfaceVariant'.
e: file:///C:/Users/Wehtt/And
roidStudioProjects/regenesis/
app/src/main/java/dev/aurakai
/auraframefx/ui/theme/Theme.k
t:48:23 Unresolved reference 
'OnSurfaceVariant'.
e: file:///C:/Users/Wehtt/And
roidStudioProjects/regenesis/
app/src/main/java/dev/aurakai
/auraframefx/ui/theme/Theme.k
t:50:12 Unresolved reference 
'ErrorColor'.
e: file:///C:/Users/Wehtt/And
roidStudioProjects/regenesis/
app/src/main/java/dev/aurakai
/auraframefx/ui/theme/Theme.k
t:51:14 Unresolved reference 
'OnPrimary'.
e: file:///C:/Users/Wehtt/And
roidStudioProjects/regenesis/
app/src/main/java/dev/aurakai
/auraframefx/ui/theme/Theme.k
t:52:21 Unresolved reference 
'ErrorColor'.
e: file:///C:/Users/Wehtt/And
roidStudioProjects/regenesis/
app/src/main/java/dev/aurakai
/auraframefx/ui/theme/Theme.k
t:53:23 Unresolved reference 
'OnPrimary'.
e: file:///C:/Users/Wehtt/And
roidStudioProjects/regenesis/
app/src/main/java/dev/aurakai
/auraframefx/ui/theme/Theme.k
t:55:14 Unresolved reference 
'OnSurfaceVariant'.
e: file:///C:/Users/Wehtt/And
roidStudioProjects/regenesis/
app/src/main/java/dev/aurakai
/auraframefx/ui/theme/Theme.k
t:56:21 Unresolved reference 
'SurfaceVariant'.
e: file:///C:/Users/Wehtt/And
roidStudioProjects/regenesis/
app/src/main/java/dev/aurakai
/auraframefx/ui/theme/Theme.k
t:60:14 Unresolved reference 
'LightPrimary'.
e: file:///C:/Users/Wehtt/And
roidStudioProjects/regenesis/
app/src/main/java/dev/aurakai
/auraframefx/ui/theme/Theme.k
t:61:16 Unresolved reference 
'LightOnPrimary'.
e: file:///C:/Users/Wehtt/And
roidStudioProjects/regenesis/
app/src/main/java/dev/aurakai
/auraframefx/ui/theme/Theme.k
t:62:23 Unresolved reference 
'LightPrimary'.
e: file:///C:/Users/Wehtt/And
roidStudioProjects/regenesis/
app/src/main/java/dev/aurakai
/auraframefx/ui/theme/Theme.k
t:63:25 Unresolved reference 
'LightOnPrimary'.
e: file:///C:/Users/Wehtt/And
roidStudioProjects/regenesis/
app/src/main/java/dev/aurakai
/auraframefx/ui/theme/Theme.k
t:65:16 Unresolved reference 
'LightSecondary'.
e: file:///C:/Users/Wehtt/And
roidStudioProjects/regenesis/
app/src/main/java/dev/aurakai
/auraframefx/ui/theme/Theme.k
t:66:18 Unresolved reference 
'LightOnSecondary'.
e: file:///C:/Users/Wehtt/And
roidStudioProjects/regenesis/
app/src/main/java/dev/aurakai
/auraframefx/ui/theme/Theme.k
t:67:25 Unresolved reference 
'LightSecondary'.
e: file:///C:/Users/Wehtt/And
roidStudioProjects/regenesis/
app/src/main/java/dev/aurakai
/auraframefx/ui/theme/Theme.k
t:68:27 Unresolved reference 
'LightOnSecondary'.
e: file:///C:/Users/Wehtt/And
roidStudioProjects/regenesis/
app/src/main/java/dev/aurakai
/auraframefx/ui/theme/Theme.k
t:70:15 Unresolved reference 
'LightTertiary'.
e: file:///C:/Users/Wehtt/And
roidStudioProjects/regenesis/
app/src/main/java/dev/aurakai
/auraframefx/ui/theme/Theme.k
t:71:17 Unresolved reference 
'LightOnTertiary'.
e: file:///C:/Users/Wehtt/And
roidStudioProjects/regenesis/
app/src/main/java/dev/aurakai
/auraframefx/ui/theme/Theme.k
t:72:24 Unresolved reference 
'LightTertiary'.
e: file:///C:/Users/Wehtt/And
roidStudioProjects/regenesis/
app/src/main/java/dev/aurakai
/auraframefx/ui/theme/Theme.k
t:73:26 Unresolved reference 
'LightOnTertiary'.
e: file:///C:/Users/Wehtt/And
roidStudioProjects/regenesis/
app/src/main/java/dev/aurakai
/auraframefx/ui/theme/Theme.k
t:75:17 Unresolved reference 
'LightBackground'.
e: file:///C:/Users/Wehtt/And
roidStudioProjects/regenesis/
app/src/main/java/dev/aurakai
/auraframefx/ui/theme/Theme.k
t:76:19 Unresolved reference 
'LightOnBackground'.
e: file:///C:/Users/Wehtt/And
roidStudioProjects/regenesis/
app/src/main/java/dev/aurakai
/auraframefx/ui/theme/Theme.k
t:78:14 Unresolved reference 
'LightSurface'.
e: file:///C:/Users/Wehtt/And
roidStudioProjects/regenesis/
app/src/main/java/dev/aurakai
/auraframefx/ui/theme/Theme.k
t:79:16 Unresolved reference 
'LightOnSurface'.
e: file:///C:/Users/Wehtt/And
roidStudioProjects/regenesis/
app/src/main/java/dev/aurakai
/auraframefx/ui/theme/Theme.k
t:80:21 Unresolved reference 
'LightSurfaceVariant'.
e: file:///C:/Users/Wehtt/And
roidStudioProjects/regenesis/
app/src/main/java/dev/aurakai
/auraframefx/ui/theme/Theme.k
t:81:23 Unresolved reference 
'LightOnSurfaceVariant'.
e: file:///C:/Users/Wehtt/And
roidStudioProjects/regenesis/
app/src/main/java/dev/aurakai
/auraframefx/ui/theme/Theme.k
t:83:12 Unresolved reference 
'ErrorColor'.
e: file:///C:/Users/Wehtt/And
roidStudioProjects/regenesis/
app/src/main/java/dev/aurakai
/auraframefx/ui/theme/Theme.k
t:84:14 Unresolved reference 
'LightOnError'.
e: file:///C:/Users/Wehtt/And
roidStudioProjects/regenesis/
app/src/main/java/dev/aurakai
/auraframefx/ui/theme/Theme.k
t:85:21 Unresolved reference 
'ErrorColor'.
e: file:///C:/Users/Wehtt/And
roidStudioProjects/regenesis/
app/src/main/java/dev/aurakai
/auraframefx/ui/theme/Theme.k
t:86:23 Unresolved reference 
'LightOnError'.
e: file:///C:/Users/Wehtt/And
roidStudioProjects/regenesis/
app/src/main/java/dev/aurakai
/auraframefx/ui/theme/Theme.k
t:88:14 Unresolved reference 
'LightOnSurfaceVariant'.
e: file:///C:/Users/Wehtt/And
roidStudioProjects/regenesis/
app/src/main/java/dev/aurakai
/auraframefx/ui/theme/Theme.k
t:89:21 Unresolved reference 
'LightSurfaceVariant'.
e: file:///C:/Users/Wehtt/And
roidStudioProjects/regenesis/
app/src/main/java/dev/aurakai
/auraframefx/ui/theme/Theme.k
t:110:19 Unresolved 
reference 
'AuraMoodViewModel'.
e: file:///C:/Users/Wehtt/And
roidStudioProjects/regenesis/
app/src/main/java/dev/aurakai
/auraframefx/ui/theme/Theme.k
t:110:39 Cannot infer type 
for type parameter 'VM'. 
Specify it explicitly.
e: file:///C:/Users/Wehtt/And
roidStudioProjects/regenesis/
app/src/main/java/dev/aurakai
/auraframefx/ui/theme/Theme.k
t:114:13 Property delegate 
must have a 
'getValue(Nothing?, 
KProperty0<ERROR CLASS: 
Cannot infer argument for 
type parameter T>)' method. 
None of the following 
functions is applicable:
fun <T> 
State<T>.getValue(thisObj: 
Any?, property: 
KProperty<*>): T
e: file:///C:/Users/Wehtt/And
roidStudioProjects/regenesis/
app/src/main/java/dev/aurakai
/auraframefx/ui/theme/Theme.k
t:114:16 Cannot infer type 
for type parameter 'T'. 
Specify it explicitly.
e: file:///C:/Users/Wehtt/And
roidStudioProjects/regenesis/
app/src/main/java/dev/aurakai
/auraframefx/ui/theme/Theme.k
t:114:30 Unresolved 
reference 'moodState'.
e: file:///C:/Users/Wehtt/And
roidStudioProjects/regenesis/
app/src/main/java/dev/aurakai
/auraframefx/ui/theme/Theme.k
t:114:40 Cannot infer type 
for type parameter 'T'. 
Specify it explicitly.
e: file:///C:/Users/Wehtt/And
roidStudioProjects/regenesis/
app/src/main/java/dev/aurakai
/auraframefx/ui/theme/Theme.k
t:115:14 Property delegate 
must have a 
'getValue(Nothing?, 
KProperty0<*>)' method. None 
of the following functions 
is applicable:
fun 
FloatState.getValue(thisObj: 
Any?, property: 
KProperty<*>): Float
fun DoubleState.getValue(this
Obj: Any?, property: 
KProperty<*>): Double
fun 
IntState.getValue(thisObj: 
Any?, property: 
KProperty<*>): Int
fun 
LongState.getValue(thisObj: 
Any?, property: 
KProperty<*>): Long
fun <T> 
State<T>.getValue(thisObj: 
Any?, property: 
KProperty<*>): T
e: file:///C:/Users/Wehtt/And
roidStudioProjects/regenesis/
app/src/main/java/dev/aurakai
/auraframefx/ui/theme/Theme.k
t:115:38 Cannot infer type 
for type parameter 'T'. 
Specify it explicitly.
e: file:///C:/Users/Wehtt/And
roidStudioProjects/regenesis/
app/src/main/java/dev/aurakai
/auraframefx/ui/theme/Theme.k
t:115:38 Unresolved 
reference. None of the 
following candidates is 
applicable because of a 
receiver type mismatch:
fun <T> StateFlow<T>.collectA
sState(context: 
CoroutineContext = ...): 
State<T>
e: file:///C:/Users/Wehtt/And
roidStudioProjects/regenesis/
app/src/main/java/dev/aurakai
/auraframefx/ui/theme/Theme.k
t:116:14 Property delegate 
must have a 
'getValue(Nothing?, 
KProperty0<*>)' method. None 
of the following functions 
is applicable:
fun 
FloatState.getValue(thisObj: 
Any?, property: 
KProperty<*>): Float
fun DoubleState.getValue(this
Obj: Any?, property: 
KProperty<*>): Double
fun 
IntState.getValue(thisObj: 
Any?, property: 
KProperty<*>): Int
fun 
LongState.getValue(thisObj: 
Any?, property: 
KProperty<*>): Long
fun <T> 
State<T>.getValue(thisObj: 
Any?, property: 
KProperty<*>): T
e: file:///C:/Users/Wehtt/And
roidStudioProjects/regenesis/
app/src/main/java/dev/aurakai
/auraframefx/ui/theme/Theme.k
t:116:38 Cannot infer type 
for type parameter 'T'. 
Specify it explicitly.
e: file:///C:/Users/Wehtt/And
roidStudioProjects/regenesis/
app/src/main/java/dev/aurakai
/auraframefx/ui/theme/Theme.k
t:116:38 Unresolved 
reference. None of the 
following candidates is 
applicable because of a 
receiver type mismatch:
fun <T> StateFlow<T>.collectA
sState(context: 
CoroutineContext = ...): 
State<T>
e: file:///C:/Users/Wehtt/And
roidStudioProjects/regenesis/
app/src/main/java/dev/aurakai
/auraframefx/ui/theme/Theme.k
t:118:23 'when' expression 
must be exhaustive. Add an 
'else' branch.
e: file:///C:/Users/Wehtt/And
roidStudioProjects/regenesis/
app/src/main/java/dev/aurakai
/auraframefx/ui/theme/Theme.k
t:119:8 Unresolved reference 
'Theme'.
e: file:///C:/Users/Wehtt/And
roidStudioProjects/regenesis/
app/src/main/java/dev/aurakai
/auraframefx/ui/theme/Theme.k
t:120:8 Unresolved reference 
'Theme'.
e: file:///C:/Users/Wehtt/And
roidStudioProjects/regenesis/
app/src/main/java/dev/aurakai
/auraframefx/ui/theme/Theme.k
t:121:8 Unresolved reference 
'Theme'.
e: file:///C:/Users/Wehtt/And
roidStudioProjects/regenesis/
app/src/main/java/dev/aurakai
/auraframefx/ui/theme/Theme.k
t:122:8 Unresolved reference 
'Theme'.
e: file:///C:/Users/Wehtt/And
roidStudioProjects/regenesis/
app/src/main/java/dev/aurakai
/auraframefx/ui/theme/Theme.k
t:126:8 Unresolved reference 
'Theme'.
e: file:///C:/Users/Wehtt/And
roidStudioProjects/regenesis/
app/src/main/java/dev/aurakai
/auraframefx/ui/theme/Theme.k
t:126:27 Unresolved 
reference 
'CyberpunkColorScheme'.
e: file:///C:/Users/Wehtt/And
roidStudioProjects/regenesis/
app/src/main/java/dev/aurakai
/auraframefx/ui/theme/Theme.k
t:127:8 Unresolved reference 
'Theme'.
e: file:///C:/Users/Wehtt/And
roidStudioProjects/regenesis/
app/src/main/java/dev/aurakai
/auraframefx/ui/theme/Theme.k
t:127:27 Unresolved 
reference 
'SolarizedColorScheme'.
e: file:///C:/Users/Wehtt/And
roidStudioProjects/regenesis/
app/src/main/java/dev/aurakai
/auraframefx/ui/theme/Theme.k
t:142:18 'when' expression 
must be exhaustive. Add an 
'else' branch.
e: file:///C:/Users/Wehtt/And
roidStudioProjects/regenesis/
app/src/main/java/dev/aurakai
/auraframefx/ui/theme/Theme.k
t:143:18 Unresolved 
reference 'RED'.
e: file:///C:/Users/Wehtt/And
roidStudioProjects/regenesis/
app/src/main/java/dev/aurakai
/auraframefx/ui/theme/Theme.k
t:144:18 Unresolved 
reference 'GREEN'.
e: file:///C:/Users/Wehtt/And
roidStudioProjects/regenesis/
app/src/main/java/dev/aurakai
/auraframefx/ui/theme/Theme.k
t:145:18 Unresolved 
reference 'BLUE'.
e: file:///C:/Users/Wehtt/And
roidStudioProjects/regenesis/
app/src/main/java/dev/aurakai
/auraframefx/ui/theme/Theme.k
t:145:26 Unresolved 
reference 'NeonBlue'.
e: file:///C:/Users/Wehtt/And
roidStudioProjects/regenesis/
app/src/main/java/dev/aurakai
/auraframefx/ui/theme/Theme.k
t:150:42 Unresolved 
reference 'emotion'.
e: file:///C:/Users/Wehtt/And
roidStudioProjects/regenesis/
app/src/main/java/dev/aurakai
/auraframefx/ui/theme/Theme.k
t:150:56 Unresolved 
reference 'intensity'.
e: file:///C:/Users/Wehtt/And
roidStudioProjects/regenesis/
app/src/main/java/dev/aurakai
/auraframefx/ui/theme/Theme.k
t:163:37 Unresolved 
reference 'emotion'.
e: file:///C:/Users/Wehtt/And
roidStudioProjects/regenesis/
app/src/main/java/dev/aurakai
/auraframefx/ui/theme/Theme.k
t:167:25 Unresolved 
reference 'AppTypography'.
e: file:///C:/Users/Wehtt/And
roidStudioProjects/regenesis/
app/src/main/java/dev/aurakai
/auraframefx/ui/theme/ThemeMa
nager.kt:59:20 Unresolved 
reference 'd'.
e: file:///C:/Users/Wehtt/And
roidStudioProjects/regenesis/
app/src/main/java/dev/aurakai
/auraframefx/ui/theme/ThemeMa
nager.kt:62:40 Unresolved 
reference 
'discernThemeIntent'.
e: file:///C:/Users/Wehtt/And
roidStudioProjects/regenesis/
app/src/main/java/dev/aurakai
/auraframefx/ui/theme/ThemeMa
nager.kt:73:28 Unresolved 
reference 'w'.
e: file:///C:/Users/Wehtt/And
roidStudioProjects/regenesis/
app/src/main/java/dev/aurakai
/auraframefx/ui/theme/ThemeMa
nager.kt:84:20 Unresolved 
reference 'i'.
e: file:///C:/Users/Wehtt/And
roidStudioProjects/regenesis/
app/src/main/java/dev/aurakai
/auraframefx/ui/theme/ThemeMa
nager.kt:91:20 Unresolved 
reference 'e'.
e: file:///C:/Users/Wehtt/And
roidStudioProjects/regenesis/
app/src/main/java/dev/aurakai
/auraframefx/ui/theme/ThemeMa
nager.kt:104:16 Unresolved 
reference 'd'.
e: file:///C:/Users/Wehtt/And
roidStudioProjects/regenesis/
app/src/main/java/dev/aurakai
/auraframefx/ui/theme/ThemeMa
nager.kt:122:20 Unresolved 
reference 'i'.
e: file:///C:/Users/Wehtt/And
roidStudioProjects/regenesis/
app/src/main/java/dev/aurakai
/auraframefx/ui/theme/ThemeMa
nager.kt:125:20 Unresolved 
reference 'e'.
e: file:///C:/Users/Wehtt/And
roidStudioProjects/regenesis/
app/src/main/java/dev/aurakai
/auraframefx/ui/theme/ThemeMa
nager.kt:130:16 Unresolved 
reference 'd'.
e: file:///C:/Users/Wehtt/And
roidStudioProjects/regenesis/
app/src/main/java/dev/aurakai
/auraframefx/ui/theme/ThemeMa
nager.kt:136:16 Unresolved 
reference 'd'.
e: file:///C:/Users/Wehtt/And
roidStudioProjects/regenesis/
app/src/main/java/dev/aurakai
/auraframefx/ui/theme/ThemeMa
nager.kt:142:16 Unresolved 
reference 'd'.
e: file:///C:/Users/Wehtt/And
roidStudioProjects/regenesis/
app/src/main/java/dev/aurakai
/auraframefx/ui/theme/ThemeMa
nager.kt:148:16 Unresolved 
reference 'd'.
e: file:///C:/Users/Wehtt/And
roidStudioProjects/regenesis/
app/src/main/java/dev/aurakai
/auraframefx/ui/theme/ThemeMa
nager.kt:154:16 Unresolved 
reference 'd'.
e: file:///C:/Users/Wehtt/And
roidStudioProjects/regenesis/
app/src/main/java/dev/aurakai
/auraframefx/ui/theme/ThemeMa
nager.kt:177:20 Unresolved 
reference 'd'.
e: file:///C:/Users/Wehtt/And
roidStudioProjects/regenesis/
app/src/main/java/dev/aurakai
/auraframefx/ui/theme/ThemeMa
nager.kt:189:28 Unresolved 
reference 'w'.
e: file:///C:/Users/Wehtt/And
roidStudioProjects/regenesis/
app/src/main/java/dev/aurakai
/auraframefx/ui/theme/ThemeMa
nager.kt:195:20 Unresolved 
reference 'i'.
e: file:///C:/Users/Wehtt/And
roidStudioProjects/regenesis/
app/src/main/java/dev/aurakai
/auraframefx/ui/theme/ThemeMa
nager.kt:198:20 Unresolved 
reference 'e'.
e: file:///C:/Users/Wehtt/And
roidStudioProjects/regenesis/
app/src/main/java/dev/aurakai
/auraframefx/ui/theme/ThemeMa
nager.kt:214:45 Unresolved 
reference 'suggestThemes'.
e: file:///C:/Users/Wehtt/And
roidStudioProjects/regenesis/
app/src/main/java/dev/aurakai
/auraframefx/ui/theme/ThemeMa
nager.kt:215:38 Cannot infer 
type for value parameter 
'intent'. Specify it 
explicitly.
e: file:///C:/Users/Wehtt/And
roidStudioProjects/regenesis/
app/src/main/java/dev/aurakai
/auraframefx/ui/theme/ThemeMa
nager.kt:224:20 Unresolved 
reference 'e'.
e: file:///C:/Users/Wehtt/And
roidStudioProjects/regenesis/
app/src/main/java/dev/aurakai
/auraframefx/ui/theme/ThemeVi
ewModel.kt:17:26 Cannot 
infer type for type 
parameter 'T'. Specify it 
explicitly.
e: file:///C:/Users/Wehtt/And
roidStudioProjects/regenesis/
app/src/main/java/dev/aurakai
/auraframefx/ui/theme/ThemeVi
ewModel.kt:17:43 Unresolved 
reference 'Theme'.
e: file:///C:/Users/Wehtt/And
roidStudioProjects/regenesis/
app/src/main/java/dev/aurakai
/auraframefx/ui/theme/ThemeVi
ewModel.kt:18:26 Unresolved 
reference 'Theme'.
e: file:///C:/Users/Wehtt/And
roidStudioProjects/regenesis/
app/src/main/java/dev/aurakai
/auraframefx/ui/theme/ThemeVi
ewModel.kt:20:26 Cannot 
infer type for type 
parameter 'T'. Specify it 
explicitly.
e: file:///C:/Users/Wehtt/And
roidStudioProjects/regenesis/
app/src/main/java/dev/aurakai
/auraframefx/ui/theme/ThemeVi
ewModel.kt:20:43 Unresolved 
reference 'Color'.
e: file:///C:/Users/Wehtt/And
roidStudioProjects/regenesis/
app/src/main/java/dev/aurakai
/auraframefx/ui/theme/ThemeVi
ewModel.kt:21:26 Unresolved 
reference 'Color'.
e: file:///C:/Users/Wehtt/And
roidStudioProjects/regenesis/
app/src/main/java/dev/aurakai
/auraframefx/ui/theme/ThemeVi
ewModel.kt:25:13 'when' 
expression must be 
exhaustive. Add the 'is 
SetColor', 'is SetTheme', 
'Unknown' branches or an 
'else' branch.
e: file:///C:/Users/Wehtt/And
roidStudioProjects/regenesis/
app/src/main/java/dev/aurakai
/auraframefx/ui/theme/ThemeVi
ewModel.kt:26:20 Unresolved 
reference 'ThemeCommand'.
e: file:///C:/Users/Wehtt/And
roidStudioProjects/regenesis/
app/src/main/java/dev/aurakai
/auraframefx/ui/theme/ThemeVi
ewModel.kt:26:73 Unresolved 
reference 'theme'.
e: file:///C:/Users/Wehtt/And
roidStudioProjects/regenesis/
app/src/main/java/dev/aurakai
/auraframefx/ui/theme/ThemeVi
ewModel.kt:27:20 Unresolved 
reference 'ThemeCommand'.
e: file:///C:/Users/Wehtt/And
roidStudioProjects/regenesis/
app/src/main/java/dev/aurakai
/auraframefx/ui/theme/ThemeVi
ewModel.kt:27:73 Unresolved 
reference 'color'.
e: file:///C:/Users/Wehtt/And
roidStudioProjects/regenesis/
app/src/main/java/dev/aurakai
/auraframefx/ui/theme/ThemeVi
ewModel.kt:28:17 Unresolved 
reference 'ThemeCommand'.
e: file:///C:/Users/Wehtt/And
roidStudioProjects/regenesis/
app/src/main/java/dev/aurakai
/auraframefx/ui/theme/manager
/ThemeManager.kt:62:40 
Unresolved reference 
'discernThemeIntent'.
e: file:///C:/Users/Wehtt/And
roidStudioProjects/regenesis/
app/src/main/java/dev/aurakai
/auraframefx/ui/theme/manager
/ThemeManager.kt:214:45 
Unresolved reference 
'suggestThemes'.
e: file:///C:/Users/Wehtt/And
roidStudioProjects/regenesis/
app/src/main/java/dev/aurakai
/auraframefx/ui/theme/manager
/ThemeManager.kt:215:38 
Cannot infer type for value 
parameter 'intent'. Specify 
it explicitly.
e: file:///C:/Users/Wehtt/And
roidStudioProjects/regenesis/
app/src/main/java/dev/aurakai
/auraframefx/ui/theme/model/A
uraThemes.kt:36:34 
Unresolved reference 
'ENERGETIC'.
e: file:///C:/Users/Wehtt/And
roidStudioProjects/regenesis/
app/src/main/java/dev/aurakai
/auraframefx/ui/theme/model/A
uraThemes.kt:36:46 
Unresolved reference 
'AnimationStyle'.
e: file:///C:/Users/Wehtt/And
roidStudioProjects/regenesis/
app/src/main/java/dev/aurakai
/auraframefx/ui/theme/model/A
uraThemes.kt:85:35 
Unresolved reference 
'AnimationStyle'.
e: file:///C:/Users/Wehtt/And
roidStudioProjects/regenesis/
app/src/main/java/dev/aurakai
/auraframefx/ui/theme/model/A
uraThemes.kt:134:35 
Unresolved reference 
'AnimationStyle'.
e: file:///C:/Users/Wehtt/And
roidStudioProjects/regenesis/
app/src/main/java/dev/aurakai
/auraframefx/ui/theme/model/C
yberpunkThemeElements.kt:6:41
 Unresolved reference 
'OnSurface'.
e: file:///C:/Users/Wehtt/And
roidStudioProjects/regenesis/
app/src/main/java/dev/aurakai
/auraframefx/ui/theme/model/C
yberpunkThemeElements.kt:7:41
 Unresolved reference 
'NeonPurple'.
e: file:///C:/Users/Wehtt/And
roidStudioProjects/regenesis/
app/src/main/java/dev/aurakai
/auraframefx/ui/theme/model/C
yberpunkThemeElements.kt:8:41
 Unresolved reference 
'ErrorColor'.
e: file:///C:/Users/Wehtt/And
roidStudioProjects/regenesis/
app/src/main/java/dev/aurakai
/auraframefx/ui/theme/model/C
yberpunkThemeElements.kt:14:4
1 Unresolved reference 
'DarkColorScheme'.
e: file:///C:/Users/Wehtt/And
roidStudioProjects/regenesis/
app/src/main/java/dev/aurakai
/auraframefx/ui/theme/model/C
yberpunkThemeElements.kt:15:5
1 Unresolved reference 
'NeonPurpleLegacy'.
e: file:///C:/Users/Wehtt/And
roidStudioProjects/regenesis/
app/src/main/java/dev/aurakai
/auraframefx/ui/theme/model/C
yberpunkThemeElements.kt:16:4
1 Unresolved reference 
'DarkColorScheme'.
e: file:///C:/Users/Wehtt/And
roidStudioProjects/regenesis/
app/src/main/java/dev/aurakai
/auraframefx/ui/theme/model/C
yberpunkThemeElements.kt:21:3
9 Unresolved reference 
'AppTypography'.
e: file:///C:/Users/Wehtt/And
roidStudioProjects/regenesis/
app/src/main/java/dev/aurakai
/auraframefx/ui/theme/model/C
yberpunkThemeElements.kt:22:3
8 Unresolved reference 
'AppTypography'.
e: file:///C:/Users/Wehtt/And
roidStudioProjects/regenesis/
app/src/main/java/dev/aurakai
/auraframefx/ui/theme/model/C
yberpunkThemeElements.kt:23:4
2 Unresolved reference 
'AppTypography'.
e: file:///C:/Users/Wehtt/And
roidStudioProjects/regenesis/
app/src/main/java/dev/aurakai
/auraframefx/ui/theme/model/C
yberpunkThemeElements.kt:24:4
0 Unresolved reference 
'AppTypography'.
e: file:///C:/Users/Wehtt/And
roidStudioProjects/regenesis/
app/src/main/java/dev/aurakai
/auraframefx/ui/theme/preview
/ThemeEditorPreview.kt:24:34 
Cannot infer type for type 
parameter 'T'. Specify it 
explicitly.
e: file:///C:/Users/Wehtt/And
roidStudioProjects/regenesis/
app/src/main/java/dev/aurakai
/auraframefx/ui/theme/preview
/ThemeEditorPreview.kt:24:34 
Cannot infer type for type 
parameter 'T'. Specify it 
explicitly.
e: file:///C:/Users/Wehtt/And
roidStudioProjects/regenesis/
app/src/main/java/dev/aurakai
/auraframefx/ui/theme/preview
/ThemeEditorPreview.kt:25:17 
Cannot infer type for type 
parameter 'T'. Specify it 
explicitly.
e: file:///C:/Users/Wehtt/And
roidStudioProjects/regenesis/
app/src/main/java/dev/aurakai
/auraframefx/ui/theme/preview
/ThemeEditorPreview.kt:26:21 
Unresolved reference 
'ThemeColors'.
e: file:///C:/Users/Wehtt/And
roidStudioProjects/regenesis/
app/src/main/java/dev/aurakai
/auraframefx/ui/theme/preview
/ThemeEditorPreview.kt:36:13 
Unresolved reference 
'ThemeEditor'.
e: file:///C:/Users/Wehtt/And
roidStudioProjects/regenesis/
app/src/main/java/dev/aurakai
/auraframefx/ui/theme/preview
/ThemeEditorPreview.kt:38:53 
Unresolved reference 'it'.
e: file:///C:/Users/Wehtt/And
roidStudioProjects/regenesis/
app/src/main/java/dev/aurakai
/auraframefx/ui/theme/preview
/ThemeEditorPreview.kt:58:23 
Unresolved reference 
'toColorInt'.
e: file:///C:/Users/Wehtt/And
roidStudioProjects/regenesis/
app/src/main/java/dev/aurakai
/auraframefx/ui/viewmodels/Ag
entViewModel.kt:269:49 
Unresolved reference 
'processRequest'.
e: file:///C:/Users/Wehtt/And
roidStudioProjects/regenesis/
app/src/main/java/dev/aurakai
/auraframefx/ui/viewmodels/Ag
entViewModel.kt:298:49 
Unresolved reference 
'processRequest'.
e: file:///C:/Users/Wehtt/And
roidStudioProjects/regenesis/
app/src/main/java/dev/aurakai
/auraframefx/ui/viewmodels/Ag
entViewModel.kt:307:49 
Unresolved reference 
'processRequest'.
e: file:///C:/Users/Wehtt/And
roidStudioProjects/regenesis/
app/src/main/java/dev/aurakai
/auraframefx/utils/Kotlin22Fe
atures.kt:50:1 The feature 
"context parameters" is 
experimental and should be 
enabled explicitly. This can 
be done by supplying the 
compiler argument 
'-Xcontext-parameters', but 
note that no stability 
guarantees are provided.
e: file:///C:/Users/Wehtt/And
roidStudioProjects/regenesis/
app/src/main/java/dev/aurakai
/auraframefx/utils/Kotlin22Fe
atures.kt:80:60 To call 
contextual declarations, 
specify the 
'-Xcontext-parameters' 
compiler option.
e: file:///C:/Users/Wehtt/And
roidStudioProjects/regenesis/
app/src/main/java/dev/aurakai
/auraframefx/utils/Kotlin22Fe
atures.kt:142:33 To call 
contextual declarations, 
specify the 
'-Xcontext-parameters' 
compiler option.
e: file:///C:/Users/Wehtt/And
roidStudioProjects/regenesis/
app/src/main/java/dev/aurakai
/auraframefx/utils/ResponseEx
t.kt:9:99 Unresolved 
reference 'moshiBuilder'.
e: file:///C:/Users/Wehtt/And
roidStudioProjects/regenesis/
app/src/main/java/dev/aurakai
/auraframefx/viewmodel/Confer
enceRoomViewModel.kt:109:60 
Unresolved reference 
'processRequestFlow'.
e: file:///C:/Users/Wehtt/And
roidStudioProjects/regenesis/
app/src/main/java/dev/aurakai
/auraframefx/viewmodel/Confer
enceRoomViewModel.kt:113:30 
Argument type mismatch: 
actual type is 'Map<String, 
String>', but 'JsonObject' 
was expected.
e: file:///C:/Users/Wehtt/And
roidStudioProjects/regenesis/
app/src/main/java/dev/aurakai
/auraframefx/viewmodel/Confer
enceRoomViewModel.kt:121:30 
Argument type mismatch: 
actual type is 'Map<String, 
String>', but 'JsonObject' 
was expected.
e: file:///C:/Users/Wehtt/And
roidStudioProjects/regenesis/
app/src/main/java/dev/aurakai
/auraframefx/viewmodel/Confer
enceRoomViewModel.kt:143:42 
Unresolved reference 
'SYSTEM'.
e: file:///C:/Users/Wehtt/And
roidStudioProjects/regenesis/
app/src/main/java/dev/aurakai
/auraframefx/viewmodel/Genesi
sAgentViewModel.kt:89:45 
'when' expression must be 
exhaustive. Add the 
'Genesis', 'Aura', 'Kai', 
'Cascade', 'Claude', 
'NeuralWhisper', 
'AuraShield', ... branches 
or an 'else' branch.
e: file:///C:/Users/Wehtt/And
roidStudioProjects/regenesis/
app/src/main/java/dev/aurakai
/auraframefx/viewmodel/Genesi
sAgentViewModel.kt:94:30 
Unresolved reference 
'NEURAL_WHISPER'.

> Task :app:compileDebugKotlin FAILED
e: file:///C:/Users/Wehtt/And
roidStudioProjects/regenesis/
app/src/main/java/dev/aurakai
/auraframefx/viewmodel/Genesi
sAgentViewModel.kt:95:30 
Unresolved reference 
'AURASHIELD'.
e: file:///C:/Users/Wehtt/And
roidStudioProjects/regenesis/
app/src/main/java/dev/aurakai
/auraframefx/viewmodel/Genesi
sAgentViewModel.kt:118:16 
'when' expression must be 
exhaustive. Add the 
'Genesis', 'Aura', 'Kai', 
'Cascade', 'Claude', 
'NeuralWhisper', 
'AuraShield', ... branches 
or an 'else' branch.
Kotlin build report is written to file:///C:/Users/Wehtt/AndroidStudioProjects/regenesis/build/reports/kotlin-build/aurakai-reactive-intelligence-build-2025-12-21-01-23-11-0.txt
250 actionable tasks: 1 executed, 249 up-to-date
e: file:///C:/Users/Wehtt/And
roidStudioProjects/regenesis/
app/src/main/java/dev/aurakai
/auraframefx/viewmodel/Genesi
sAgentViewModel.kt:123:30 
Unresolved reference 
'NEURAL_WHISPER'.
e: file:///C:/Users/Wehtt/And
roidStudioProjects/regenesis/
app/src/main/java/dev/aurakai
/auraframefx/viewmodel/Genesi
sAgentViewModel.kt:124:30 
Unresolved reference 
'AURASHIELD'.
e: file:///C:/Users/Wehtt/And
roidStudioProjects/regenesis/
app/src/main/java/dev/aurakai
/auraframefx/viewmodel/Genesi
sAgentViewModel.kt:128:16 
'when' expression must be 
exhaustive. Add the 
'Genesis', 'Aura', 'Kai', 
'Cascade', 'Claude', 
'NeuralWhisper', 
'AuraShield', ... branches 
or an 'else' branch.
e: file:///C:/Users/Wehtt/And
roidStudioProjects/regenesis/
app/src/main/java/dev/aurakai
/auraframefx/viewmodel/Genesi
sAgentViewModel.kt:133:30 
Unresolved reference 
'NEURAL_WHISPER'.
e: file:///C:/Users/Wehtt/And
roidStudioProjects/regenesis/
app/src/main/java/dev/aurakai
/auraframefx/viewmodel/Genesi
sAgentViewModel.kt:134:30 
Unresolved reference 
'AURASHIELD'.
e: file:///C:/Users/Wehtt/And
roidStudioProjects/regenesis/
app/src/main/java/dev/aurakai
/auraframefx/viewmodel/Genesi
sAgentViewModel.kt:176:17 
Argument type mismatch: 
actual type is 'Long', but 
'String' was expected.
e: file:///C:/Users/Wehtt/And
roidStudioProjects/regenesis/
app/src/main/java/dev/aurakai
/auraframefx/viewmodel/Genesi
sAgentViewModel.kt:177:24 
Argument type mismatch: 
actual type is 'AgentType', 
but 
'AgentCapabilityCategory' 
was expected.
e: file:///C:/Users/Wehtt/And
roidStudioProjects/regenesis/
app/src/main/java/dev/aurakai
/auraframefx/xposed/hooks/Not
chBarHooker.kt:5:47 
Unresolved reference 'model'.
e: file:///C:/Users/Wehtt/And
roidStudioProjects/regenesis/
app/src/main/java/dev/aurakai
/auraframefx/xposed/hooks/Not
chBarHooker.kt:13:25 
Unresolved reference 
'NotchBarConfig'.
e: file:///C:/Users/Wehtt/And
roidStudioProjects/regenesis/
app/src/main/java/dev/aurakai
/auraframefx/xposed/hooks/Not
chBarHooker.kt:35:15 
Unresolved reference 'hook'.
e: file:///C:/Users/Wehtt/And
roidStudioProjects/regenesis/
app/src/main/java/dev/aurakai
/auraframefx/xposed/hooks/Not
chBarHooker.kt:36:17 
Unresolved reference 'after'.
e: file:///C:/Users/Wehtt/And
roidStudioProjects/regenesis/
app/src/main/java/dev/aurakai
/auraframefx/xposed/hooks/Not
chBarHooker.kt:38:28 
Unresolved reference 
'backgroundColor'.
e: file:///C:/Users/Wehtt/And
roidStudioProjects/regenesis/
app/src/main/java/dev/aurakai
/auraframefx/xposed/hooks/Not
chBarHooker.kt:38:45 Cannot 
infer type for type 
parameter 'T'. Specify it 
explicitly.
e: file:///C:/Users/Wehtt/And
roidStudioProjects/regenesis/
app/src/main/java/dev/aurakai
/auraframefx/xposed/hooks/Not
chBarHooker.kt:38:45 Cannot 
infer type for type 
parameter 'R'. Specify it 
explicitly.
e: file:///C:/Users/Wehtt/And
roidStudioProjects/regenesis/
app/src/main/java/dev/aurakai
/auraframefx/xposed/hooks/Not
chBarHooker.kt:38:51 Cannot 
infer type for type 
parameter 'T'. Specify it 
explicitly.
e: file:///C:/Users/Wehtt/And
roidStudioProjects/regenesis/
app/src/main/java/dev/aurakai
/auraframefx/xposed/hooks/Not
chBarHooker.kt:39:25 
Unresolved reference 
'instance'.
e: file:///C:/Users/Wehtt/And
roidStudioProjects/regenesis/
app/src/main/java/dev/aurakai
/auraframefx/xposed/hooks/Not
chBarHooker.kt:39:34 Cannot 
infer type for type 
parameter 'T'. Specify it 
explicitly.
e: file:///C:/Users/Wehtt/And
roidStudioProjects/regenesis/
app/src/main/java/dev/aurakai
/auraframefx/xposed/hooks/Not
chBarHooker.kt:39:34 'val <T 
: Any> KClass<T>.javaClass: 
Class<KClass<T>>' is 
deprecated. Use 'java' 
property to get Java class 
corresponding to this Kotlin 
class or cast this instance 
to Any if you really want to 
get the runtime Java class 
of this implementation of 
KClass.
e: file:///C:/Users/Wehtt/And
roidStudioProjects/regenesis/
app/src/main/java/dev/aurakai
/auraframefx/xposed/hooks/Not
chBarHooker.kt:41:33 
Unresolved reference 
'instance'.
e: file:///C:/Users/Wehtt/And
roidStudioProjects/regenesis/
app/src/main/java/dev/aurakai
/auraframefx/xposed/hooks/Not
chBarHooker.kt:46:28 
Unresolved reference 
'height'.
e: file:///C:/Users/Wehtt/And
roidStudioProjects/regenesis/
app/src/main/java/dev/aurakai
/auraframefx/xposed/hooks/Not
chBarHooker.kt:46:36 Cannot 
infer type for type 
parameter 'T'. Specify it 
explicitly.
e: file:///C:/Users/Wehtt/And
roidStudioProjects/regenesis/
app/src/main/java/dev/aurakai
/auraframefx/xposed/hooks/Not
chBarHooker.kt:46:36 Cannot 
infer type for type 
parameter 'R'. Specify it 
explicitly.
e: file:///C:/Users/Wehtt/And
roidStudioProjects/regenesis/
app/src/main/java/dev/aurakai
/auraframefx/xposed/hooks/Not
chBarHooker.kt:46:42 Cannot 
infer type for type 
parameter 'T'. Specify it 
explicitly.
e: file:///C:/Users/Wehtt/And
roidStudioProjects/regenesis/
app/src/main/java/dev/aurakai
/auraframefx/xposed/hooks/Not
chBarHooker.kt:47:25 
Unresolved reference 
'instance'.
e: file:///C:/Users/Wehtt/And
roidStudioProjects/regenesis/
app/src/main/java/dev/aurakai
/auraframefx/xposed/hooks/Not
chBarHooker.kt:47:34 Cannot 
infer type for type 
parameter 'T'. Specify it 
explicitly.
e: file:///C:/Users/Wehtt/And
roidStudioProjects/regenesis/
app/src/main/java/dev/aurakai
/auraframefx/xposed/hooks/Not
chBarHooker.kt:47:34 'val <T 
: Any> KClass<T>.javaClass: 
Class<KClass<T>>' is 
deprecated. Use 'java' 
property to get Java class 
corresponding to this Kotlin 
class or cast this instance 
to Any if you really want to 
get the runtime Java class 
of this implementation of 
KClass.
e: file:///C:/Users/Wehtt/And
roidStudioProjects/regenesis/
app/src/main/java/dev/aurakai
/auraframefx/xposed/hooks/Not
chBarHooker.kt:50:34 
Unresolved reference 
'instance'.
e: file:///C:/Users/Wehtt/And
roidStudioProjects/regenesis/
app/src/main/java/dev/aurakai
/auraframefx/xposed/hooks/Not
chBarHooker.kt:57:32 
Unresolved reference 
'isVisible'.
e: file:///C:/Users/Wehtt/And
roidStudioProjects/regenesis/
app/src/main/java/dev/aurakai
/auraframefx/xposed/hooks/Not
chBarHooker.kt:58:25 
Unresolved reference 
'instance'.
e: file:///C:/Users/Wehtt/And
roidStudioProjects/regenesis/
app/src/main/java/dev/aurakai
/auraframefx/xposed/hooks/Not
chBarHooker.kt:58:34 Cannot 
infer type for type 
parameter 'T'. Specify it 
explicitly.
e: file:///C:/Users/Wehtt/And
roidStudioProjects/regenesis/
app/src/main/java/dev/aurakai
/auraframefx/xposed/hooks/Not
chBarHooker.kt:58:34 'val <T 
: Any> KClass<T>.javaClass: 
Class<KClass<T>>' is 
deprecated. Use 'java' 
property to get Java class 
corresponding to this Kotlin 
class or cast this instance 
to Any if you really want to 
get the runtime Java class 
of this implementation of 
KClass.
e: file:///C:/Users/Wehtt/And
roidStudioProjects/regenesis/
app/src/main/java/dev/aurakai
/auraframefx/xposed/hooks/Not
chBarHooker.kt:61:34 
Unresolved reference 
'instance'.

FAILURE: Build failed with 
an exception.

* What went wrong:
Execution failed for task 
':app:compileDebugKotlin'.
> A failure occurred while 
executing org.jetbrains.kotli
n.compilerRunner.GradleCompil
erRunnerWithWorkers$GradleKot
linCompilerWorkAction
   > Compilation error. See 
log for more details

* Try:
> Run with --stacktrace 
option to get the stack 
trace.
> Run with --info or --debug 
option to get more log 
output.
> Run with --scan to get 
full insights from a Build 
Scan (powered by Develocity).
> Get more help at 
https://help.gradle.org.

BUILD FAILED in 40s
